Archive member included to satisfy reference by file (symbol)

../../../libopencm3//lib/libopencm3_stm32f4.a(gpio_common_all.o)
                              test.o (gpio_toggle)
../../../libopencm3//lib/libopencm3_stm32f4.a(gpio_common_f0234.o)
                              test.o (gpio_mode_setup)
../../../libopencm3//lib/libopencm3_stm32f4.a(rcc_common_all.o)
                              test.o (rcc_periph_clock_enable)
../../../libopencm3//lib/libopencm3_stm32f4.a(rcc.o)
                              test.o (rcc_clock_setup_pll)
../../../libopencm3//lib/libopencm3_stm32f4.a(usart_common_all.o)
                              test.o (usart_set_baudrate)
../../../libopencm3//lib/libopencm3_stm32f4.a(usart_common_f124.o)
                              test.o (usart_send)
../../../libopencm3//lib/libopencm3_stm32f4.a(vector.o)
                              (reset_handler)
../../../libopencm3//lib/libopencm3_stm32f4.a(flash_common_all.o)
                              ../../../libopencm3//lib/libopencm3_stm32f4.a(rcc.o) (flash_set_ws)
../../../libopencm3//lib/libopencm3_stm32f4.a(flash_common_idcache.o)
                              ../../../libopencm3//lib/libopencm3_stm32f4.a(rcc.o) (flash_dcache_enable)
../../../libopencm3//lib/libopencm3_stm32f4.a(pwr.o)
                              ../../../libopencm3//lib/libopencm3_stm32f4.a(rcc.o) (pwr_set_vos_scale)

Discarded input sections

 .group         0x00000000        0xc test.o
 .group         0x00000000        0xc test.o
 .group         0x00000000        0xc test.o
 .group         0x00000000        0xc test.o
 .group         0x00000000        0xc test.o
 .group         0x00000000        0xc test.o
 .group         0x00000000        0xc test.o
 .group         0x00000000        0xc test.o
 .group         0x00000000        0xc test.o
 .group         0x00000000        0xc test.o
 .group         0x00000000        0xc test.o
 .group         0x00000000        0xc test.o
 .group         0x00000000        0xc test.o
 .group         0x00000000        0xc test.o
 .group         0x00000000        0xc test.o
 .group         0x00000000        0xc test.o
 .group         0x00000000        0xc test.o
 .text          0x00000000        0x0 test.o
 .data          0x00000000        0x0 test.o
 .bss           0x00000000        0x0 test.o
 .group         0x00000000        0xc ../../../libopencm3//lib/libopencm3_stm32f4.a(gpio_common_all.o)
 .group         0x00000000        0xc ../../../libopencm3//lib/libopencm3_stm32f4.a(gpio_common_all.o)
 .group         0x00000000        0xc ../../../libopencm3//lib/libopencm3_stm32f4.a(gpio_common_all.o)
 .group         0x00000000        0xc ../../../libopencm3//lib/libopencm3_stm32f4.a(gpio_common_all.o)
 .group         0x00000000        0xc ../../../libopencm3//lib/libopencm3_stm32f4.a(gpio_common_all.o)
 .group         0x00000000        0xc ../../../libopencm3//lib/libopencm3_stm32f4.a(gpio_common_all.o)
 .group         0x00000000        0xc ../../../libopencm3//lib/libopencm3_stm32f4.a(gpio_common_all.o)
 .group         0x00000000        0xc ../../../libopencm3//lib/libopencm3_stm32f4.a(gpio_common_all.o)
 .group         0x00000000        0xc ../../../libopencm3//lib/libopencm3_stm32f4.a(gpio_common_all.o)
 .group         0x00000000        0xc ../../../libopencm3//lib/libopencm3_stm32f4.a(gpio_common_all.o)
 .text          0x00000000        0x0 ../../../libopencm3//lib/libopencm3_stm32f4.a(gpio_common_all.o)
 .data          0x00000000        0x0 ../../../libopencm3//lib/libopencm3_stm32f4.a(gpio_common_all.o)
 .bss           0x00000000        0x0 ../../../libopencm3//lib/libopencm3_stm32f4.a(gpio_common_all.o)
 .text.gpio_set
                0x00000000        0x4 ../../../libopencm3//lib/libopencm3_stm32f4.a(gpio_common_all.o)
 .text.gpio_clear
                0x00000000        0x6 ../../../libopencm3//lib/libopencm3_stm32f4.a(gpio_common_all.o)
 .text.gpio_get
                0x00000000        0x6 ../../../libopencm3//lib/libopencm3_stm32f4.a(gpio_common_all.o)
 .text.gpio_port_read
                0x00000000        0x6 ../../../libopencm3//lib/libopencm3_stm32f4.a(gpio_common_all.o)
 .text.gpio_port_write
                0x00000000        0x4 ../../../libopencm3//lib/libopencm3_stm32f4.a(gpio_common_all.o)
 .text.gpio_port_config_lock
                0x00000000       0x10 ../../../libopencm3//lib/libopencm3_stm32f4.a(gpio_common_all.o)
 .debug_macro   0x00000000      0xacc ../../../libopencm3//lib/libopencm3_stm32f4.a(gpio_common_all.o)
 .debug_macro   0x00000000       0x1c ../../../libopencm3//lib/libopencm3_stm32f4.a(gpio_common_all.o)
 .debug_macro   0x00000000      0x34e ../../../libopencm3//lib/libopencm3_stm32f4.a(gpio_common_all.o)
 .debug_macro   0x00000000       0x22 ../../../libopencm3//lib/libopencm3_stm32f4.a(gpio_common_all.o)
 .debug_macro   0x00000000       0xe8 ../../../libopencm3//lib/libopencm3_stm32f4.a(gpio_common_all.o)
 .debug_macro   0x00000000       0x76 ../../../libopencm3//lib/libopencm3_stm32f4.a(gpio_common_all.o)
 .debug_macro   0x00000000      0x280 ../../../libopencm3//lib/libopencm3_stm32f4.a(gpio_common_all.o)
 .debug_macro   0x00000000       0x76 ../../../libopencm3//lib/libopencm3_stm32f4.a(gpio_common_all.o)
 .debug_macro   0x00000000      0x37e ../../../libopencm3//lib/libopencm3_stm32f4.a(gpio_common_all.o)
 .debug_macro   0x00000000       0xca ../../../libopencm3//lib/libopencm3_stm32f4.a(gpio_common_all.o)
 .group         0x00000000        0xc ../../../libopencm3//lib/libopencm3_stm32f4.a(gpio_common_f0234.o)
 .group         0x00000000        0xc ../../../libopencm3//lib/libopencm3_stm32f4.a(gpio_common_f0234.o)
 .group         0x00000000        0xc ../../../libopencm3//lib/libopencm3_stm32f4.a(gpio_common_f0234.o)
 .group         0x00000000        0xc ../../../libopencm3//lib/libopencm3_stm32f4.a(gpio_common_f0234.o)
 .group         0x00000000        0xc ../../../libopencm3//lib/libopencm3_stm32f4.a(gpio_common_f0234.o)
 .group         0x00000000        0xc ../../../libopencm3//lib/libopencm3_stm32f4.a(gpio_common_f0234.o)
 .group         0x00000000        0xc ../../../libopencm3//lib/libopencm3_stm32f4.a(gpio_common_f0234.o)
 .group         0x00000000        0xc ../../../libopencm3//lib/libopencm3_stm32f4.a(gpio_common_f0234.o)
 .group         0x00000000        0xc ../../../libopencm3//lib/libopencm3_stm32f4.a(gpio_common_f0234.o)
 .group         0x00000000        0xc ../../../libopencm3//lib/libopencm3_stm32f4.a(gpio_common_f0234.o)
 .text          0x00000000        0x0 ../../../libopencm3//lib/libopencm3_stm32f4.a(gpio_common_f0234.o)
 .data          0x00000000        0x0 ../../../libopencm3//lib/libopencm3_stm32f4.a(gpio_common_f0234.o)
 .bss           0x00000000        0x0 ../../../libopencm3//lib/libopencm3_stm32f4.a(gpio_common_f0234.o)
 .text.gpio_set_af
                0x00000000       0x58 ../../../libopencm3//lib/libopencm3_stm32f4.a(gpio_common_f0234.o)
 .debug_macro   0x00000000      0xacc ../../../libopencm3//lib/libopencm3_stm32f4.a(gpio_common_f0234.o)
 .debug_macro   0x00000000       0x1c ../../../libopencm3//lib/libopencm3_stm32f4.a(gpio_common_f0234.o)
 .debug_macro   0x00000000      0x34e ../../../libopencm3//lib/libopencm3_stm32f4.a(gpio_common_f0234.o)
 .debug_macro   0x00000000       0x22 ../../../libopencm3//lib/libopencm3_stm32f4.a(gpio_common_f0234.o)
 .debug_macro   0x00000000       0xe8 ../../../libopencm3//lib/libopencm3_stm32f4.a(gpio_common_f0234.o)
 .debug_macro   0x00000000       0x76 ../../../libopencm3//lib/libopencm3_stm32f4.a(gpio_common_f0234.o)
 .debug_macro   0x00000000      0x280 ../../../libopencm3//lib/libopencm3_stm32f4.a(gpio_common_f0234.o)
 .debug_macro   0x00000000       0x76 ../../../libopencm3//lib/libopencm3_stm32f4.a(gpio_common_f0234.o)
 .debug_macro   0x00000000      0x37e ../../../libopencm3//lib/libopencm3_stm32f4.a(gpio_common_f0234.o)
 .debug_macro   0x00000000       0xca ../../../libopencm3//lib/libopencm3_stm32f4.a(gpio_common_f0234.o)
 .group         0x00000000        0xc ../../../libopencm3//lib/libopencm3_stm32f4.a(rcc_common_all.o)
 .group         0x00000000        0xc ../../../libopencm3//lib/libopencm3_stm32f4.a(rcc_common_all.o)
 .group         0x00000000        0xc ../../../libopencm3//lib/libopencm3_stm32f4.a(rcc_common_all.o)
 .group         0x00000000        0xc ../../../libopencm3//lib/libopencm3_stm32f4.a(rcc_common_all.o)
 .group         0x00000000        0xc ../../../libopencm3//lib/libopencm3_stm32f4.a(rcc_common_all.o)
 .group         0x00000000        0xc ../../../libopencm3//lib/libopencm3_stm32f4.a(rcc_common_all.o)
 .group         0x00000000        0xc ../../../libopencm3//lib/libopencm3_stm32f4.a(rcc_common_all.o)
 .group         0x00000000        0xc ../../../libopencm3//lib/libopencm3_stm32f4.a(rcc_common_all.o)
 .group         0x00000000        0xc ../../../libopencm3//lib/libopencm3_stm32f4.a(rcc_common_all.o)
 .group         0x00000000        0xc ../../../libopencm3//lib/libopencm3_stm32f4.a(rcc_common_all.o)
 .text          0x00000000        0x0 ../../../libopencm3//lib/libopencm3_stm32f4.a(rcc_common_all.o)
 .data          0x00000000        0x0 ../../../libopencm3//lib/libopencm3_stm32f4.a(rcc_common_all.o)
 .bss           0x00000000        0x0 ../../../libopencm3//lib/libopencm3_stm32f4.a(rcc_common_all.o)
 .text.rcc_peripheral_enable_clock
                0x00000000        0x8 ../../../libopencm3//lib/libopencm3_stm32f4.a(rcc_common_all.o)
 .text.rcc_peripheral_disable_clock
                0x00000000        0xa ../../../libopencm3//lib/libopencm3_stm32f4.a(rcc_common_all.o)
 .text.rcc_peripheral_reset
                0x00000000        0x8 ../../../libopencm3//lib/libopencm3_stm32f4.a(rcc_common_all.o)
 .text.rcc_peripheral_clear_reset
                0x00000000        0xa ../../../libopencm3//lib/libopencm3_stm32f4.a(rcc_common_all.o)
 .text.rcc_periph_clock_disable
                0x00000000       0x1c ../../../libopencm3//lib/libopencm3_stm32f4.a(rcc_common_all.o)
 .text.rcc_periph_reset_pulse
                0x00000000       0x22 ../../../libopencm3//lib/libopencm3_stm32f4.a(rcc_common_all.o)
 .text.rcc_periph_reset_hold
                0x00000000        0x4 ../../../libopencm3//lib/libopencm3_stm32f4.a(rcc_common_all.o)
 .text.rcc_periph_reset_release
                0x00000000        0x4 ../../../libopencm3//lib/libopencm3_stm32f4.a(rcc_common_all.o)
 .text.rcc_set_mco
                0x00000000       0x18 ../../../libopencm3//lib/libopencm3_stm32f4.a(rcc_common_all.o)
 .text.rcc_osc_bypass_enable
                0x00000000       0x30 ../../../libopencm3//lib/libopencm3_stm32f4.a(rcc_common_all.o)
 .text.rcc_osc_bypass_disable
                0x00000000       0x30 ../../../libopencm3//lib/libopencm3_stm32f4.a(rcc_common_all.o)
 .text.rcc_get_div_from_hpre
                0x00000000       0x18 ../../../libopencm3//lib/libopencm3_stm32f4.a(rcc_common_all.o)
 .debug_macro   0x00000000      0xacc ../../../libopencm3//lib/libopencm3_stm32f4.a(rcc_common_all.o)
 .debug_macro   0x00000000       0x1c ../../../libopencm3//lib/libopencm3_stm32f4.a(rcc_common_all.o)
 .debug_macro   0x00000000      0x34e ../../../libopencm3//lib/libopencm3_stm32f4.a(rcc_common_all.o)
 .debug_macro   0x00000000       0x22 ../../../libopencm3//lib/libopencm3_stm32f4.a(rcc_common_all.o)
 .debug_macro   0x00000000       0xe8 ../../../libopencm3//lib/libopencm3_stm32f4.a(rcc_common_all.o)
 .debug_macro   0x00000000       0x76 ../../../libopencm3//lib/libopencm3_stm32f4.a(rcc_common_all.o)
 .debug_macro   0x00000000      0x280 ../../../libopencm3//lib/libopencm3_stm32f4.a(rcc_common_all.o)
 .group         0x00000000        0xc ../../../libopencm3//lib/libopencm3_stm32f4.a(rcc.o)
 .group         0x00000000        0xc ../../../libopencm3//lib/libopencm3_stm32f4.a(rcc.o)
 .group         0x00000000        0xc ../../../libopencm3//lib/libopencm3_stm32f4.a(rcc.o)
 .group         0x00000000        0xc ../../../libopencm3//lib/libopencm3_stm32f4.a(rcc.o)
 .group         0x00000000        0xc ../../../libopencm3//lib/libopencm3_stm32f4.a(rcc.o)
 .group         0x00000000        0xc ../../../libopencm3//lib/libopencm3_stm32f4.a(rcc.o)
 .group         0x00000000        0xc ../../../libopencm3//lib/libopencm3_stm32f4.a(rcc.o)
 .group         0x00000000        0xc ../../../libopencm3//lib/libopencm3_stm32f4.a(rcc.o)
 .group         0x00000000        0xc ../../../libopencm3//lib/libopencm3_stm32f4.a(rcc.o)
 .group         0x00000000        0xc ../../../libopencm3//lib/libopencm3_stm32f4.a(rcc.o)
 .group         0x00000000        0xc ../../../libopencm3//lib/libopencm3_stm32f4.a(rcc.o)
 .group         0x00000000        0xc ../../../libopencm3//lib/libopencm3_stm32f4.a(rcc.o)
 .group         0x00000000        0xc ../../../libopencm3//lib/libopencm3_stm32f4.a(rcc.o)
 .group         0x00000000        0xc ../../../libopencm3//lib/libopencm3_stm32f4.a(rcc.o)
 .text          0x00000000        0x0 ../../../libopencm3//lib/libopencm3_stm32f4.a(rcc.o)
 .data          0x00000000        0x0 ../../../libopencm3//lib/libopencm3_stm32f4.a(rcc.o)
 .bss           0x00000000        0x0 ../../../libopencm3//lib/libopencm3_stm32f4.a(rcc.o)
 .text.rcc_osc_ready_int_clear
                0x00000000       0x6c ../../../libopencm3//lib/libopencm3_stm32f4.a(rcc.o)
 .text.rcc_osc_ready_int_enable
                0x00000000       0x6c ../../../libopencm3//lib/libopencm3_stm32f4.a(rcc.o)
 .text.rcc_osc_ready_int_disable
                0x00000000       0x6c ../../../libopencm3//lib/libopencm3_stm32f4.a(rcc.o)
 .text.rcc_osc_ready_int_flag
                0x00000000       0x6c ../../../libopencm3//lib/libopencm3_stm32f4.a(rcc.o)
 .text.rcc_css_int_clear
                0x00000000       0x14 ../../../libopencm3//lib/libopencm3_stm32f4.a(rcc.o)
 .text.rcc_css_int_flag
                0x00000000       0x10 ../../../libopencm3//lib/libopencm3_stm32f4.a(rcc.o)
 .text.rcc_wait_for_sysclk_status
                0x00000000       0x40 ../../../libopencm3//lib/libopencm3_stm32f4.a(rcc.o)
 .text.rcc_css_enable
                0x00000000       0x14 ../../../libopencm3//lib/libopencm3_stm32f4.a(rcc.o)
 .text.rcc_css_disable
                0x00000000       0x14 ../../../libopencm3//lib/libopencm3_stm32f4.a(rcc.o)
 .text.rcc_plli2s_config
                0x00000000       0x1c ../../../libopencm3//lib/libopencm3_stm32f4.a(rcc.o)
 .text.rcc_pllsai_config
                0x00000000       0x2c ../../../libopencm3//lib/libopencm3_stm32f4.a(rcc.o)
 .text.rcc_pllsai_postscalers
                0x00000000       0x28 ../../../libopencm3//lib/libopencm3_stm32f4.a(rcc.o)
 .text.rcc_set_pll_source
                0x00000000       0x18 ../../../libopencm3//lib/libopencm3_stm32f4.a(rcc.o)
 .text.rcc_set_rtcpre
                0x00000000       0x18 ../../../libopencm3//lib/libopencm3_stm32f4.a(rcc.o)
 .text.rcc_system_clock_source
                0x00000000       0x10 ../../../libopencm3//lib/libopencm3_stm32f4.a(rcc.o)
 .text.rcc_clock_setup_hse_3v3
                0x00000000        0x4 ../../../libopencm3//lib/libopencm3_stm32f4.a(rcc.o)
 .text.rcc_get_timer_clk_freq
                0x00000000       0x34 ../../../libopencm3//lib/libopencm3_stm32f4.a(rcc.o)
 .text.rcc_get_i2c_clk_freq
                0x00000000        0xc ../../../libopencm3//lib/libopencm3_stm32f4.a(rcc.o)
 .text.rcc_get_spi_clk_freq
                0x00000000       0x20 ../../../libopencm3//lib/libopencm3_stm32f4.a(rcc.o)
 .rodata.rcc_hse_25mhz_3v3
                0x00000000       0x70 ../../../libopencm3//lib/libopencm3_stm32f4.a(rcc.o)
 .rodata.rcc_hse_16mhz_3v3
                0x00000000       0x70 ../../../libopencm3//lib/libopencm3_stm32f4.a(rcc.o)
 .rodata.rcc_hse_12mhz_3v3
                0x00000000       0x70 ../../../libopencm3//lib/libopencm3_stm32f4.a(rcc.o)
 .rodata.rcc_hse_8mhz_3v3
                0x00000000       0x70 ../../../libopencm3//lib/libopencm3_stm32f4.a(rcc.o)
 .debug_macro   0x00000000      0xacc ../../../libopencm3//lib/libopencm3_stm32f4.a(rcc.o)
 .debug_macro   0x00000000       0x1c ../../../libopencm3//lib/libopencm3_stm32f4.a(rcc.o)
 .debug_macro   0x00000000      0x34e ../../../libopencm3//lib/libopencm3_stm32f4.a(rcc.o)
 .debug_macro   0x00000000       0x22 ../../../libopencm3//lib/libopencm3_stm32f4.a(rcc.o)
 .debug_macro   0x00000000       0xe8 ../../../libopencm3//lib/libopencm3_stm32f4.a(rcc.o)
 .debug_macro   0x00000000       0x76 ../../../libopencm3//lib/libopencm3_stm32f4.a(rcc.o)
 .debug_macro   0x00000000      0x280 ../../../libopencm3//lib/libopencm3_stm32f4.a(rcc.o)
 .debug_macro   0x00000000       0x8e ../../../libopencm3//lib/libopencm3_stm32f4.a(rcc.o)
 .debug_macro   0x00000000       0x46 ../../../libopencm3//lib/libopencm3_stm32f4.a(rcc.o)
 .debug_macro   0x00000000      0xcea ../../../libopencm3//lib/libopencm3_stm32f4.a(rcc.o)
 .group         0x00000000        0xc ../../../libopencm3//lib/libopencm3_stm32f4.a(usart_common_all.o)
 .group         0x00000000        0xc ../../../libopencm3//lib/libopencm3_stm32f4.a(usart_common_all.o)
 .group         0x00000000        0xc ../../../libopencm3//lib/libopencm3_stm32f4.a(usart_common_all.o)
 .group         0x00000000        0xc ../../../libopencm3//lib/libopencm3_stm32f4.a(usart_common_all.o)
 .group         0x00000000        0xc ../../../libopencm3//lib/libopencm3_stm32f4.a(usart_common_all.o)
 .group         0x00000000        0xc ../../../libopencm3//lib/libopencm3_stm32f4.a(usart_common_all.o)
 .group         0x00000000        0xc ../../../libopencm3//lib/libopencm3_stm32f4.a(usart_common_all.o)
 .group         0x00000000        0xc ../../../libopencm3//lib/libopencm3_stm32f4.a(usart_common_all.o)
 .group         0x00000000        0xc ../../../libopencm3//lib/libopencm3_stm32f4.a(usart_common_all.o)
 .group         0x00000000        0xc ../../../libopencm3//lib/libopencm3_stm32f4.a(usart_common_all.o)
 .group         0x00000000        0xc ../../../libopencm3//lib/libopencm3_stm32f4.a(usart_common_all.o)
 .group         0x00000000        0xc ../../../libopencm3//lib/libopencm3_stm32f4.a(usart_common_all.o)
 .group         0x00000000        0xc ../../../libopencm3//lib/libopencm3_stm32f4.a(usart_common_all.o)
 .text          0x00000000        0x0 ../../../libopencm3//lib/libopencm3_stm32f4.a(usart_common_all.o)
 .data          0x00000000        0x0 ../../../libopencm3//lib/libopencm3_stm32f4.a(usart_common_all.o)
 .bss           0x00000000        0x0 ../../../libopencm3//lib/libopencm3_stm32f4.a(usart_common_all.o)
 .text.usart_get_databits
                0x00000000        0xe ../../../libopencm3//lib/libopencm3_stm32f4.a(usart_common_all.o)
 .text.usart_get_stopbits
                0x00000000        0x8 ../../../libopencm3//lib/libopencm3_stm32f4.a(usart_common_all.o)
 .text.usart_get_parity
                0x00000000        0x8 ../../../libopencm3//lib/libopencm3_stm32f4.a(usart_common_all.o)
 .text.usart_disable
                0x00000000        0xa ../../../libopencm3//lib/libopencm3_stm32f4.a(usart_common_all.o)
 .text.usart_send_blocking
                0x00000000       0x16 ../../../libopencm3//lib/libopencm3_stm32f4.a(usart_common_all.o)
 .text.usart_recv_blocking
                0x00000000       0x12 ../../../libopencm3//lib/libopencm3_stm32f4.a(usart_common_all.o)
 .text.usart_enable_rx_dma
                0x00000000        0xa ../../../libopencm3//lib/libopencm3_stm32f4.a(usart_common_all.o)
 .text.usart_disable_rx_dma
                0x00000000        0xa ../../../libopencm3//lib/libopencm3_stm32f4.a(usart_common_all.o)
 .text.usart_enable_tx_dma
                0x00000000        0xa ../../../libopencm3//lib/libopencm3_stm32f4.a(usart_common_all.o)
 .text.usart_disable_tx_dma
                0x00000000        0xa ../../../libopencm3//lib/libopencm3_stm32f4.a(usart_common_all.o)
 .text.usart_enable_rx_interrupt
                0x00000000        0xa ../../../libopencm3//lib/libopencm3_stm32f4.a(usart_common_all.o)
 .text.usart_disable_rx_interrupt
                0x00000000        0xa ../../../libopencm3//lib/libopencm3_stm32f4.a(usart_common_all.o)
 .text.usart_enable_tx_interrupt
                0x00000000        0xa ../../../libopencm3//lib/libopencm3_stm32f4.a(usart_common_all.o)
 .text.usart_disable_tx_interrupt
                0x00000000        0xa ../../../libopencm3//lib/libopencm3_stm32f4.a(usart_common_all.o)
 .text.usart_enable_tx_complete_interrupt
                0x00000000        0xa ../../../libopencm3//lib/libopencm3_stm32f4.a(usart_common_all.o)
 .text.usart_disable_tx_complete_interrupt
                0x00000000        0xa ../../../libopencm3//lib/libopencm3_stm32f4.a(usart_common_all.o)
 .text.usart_enable_idle_interrupt
                0x00000000        0xa ../../../libopencm3//lib/libopencm3_stm32f4.a(usart_common_all.o)
 .text.usart_disable_idle_interrupt
                0x00000000        0xa ../../../libopencm3//lib/libopencm3_stm32f4.a(usart_common_all.o)
 .text.usart_enable_error_interrupt
                0x00000000        0xa ../../../libopencm3//lib/libopencm3_stm32f4.a(usart_common_all.o)
 .text.usart_disable_error_interrupt
                0x00000000        0xa ../../../libopencm3//lib/libopencm3_stm32f4.a(usart_common_all.o)
 .debug_macro   0x00000000      0xacc ../../../libopencm3//lib/libopencm3_stm32f4.a(usart_common_all.o)
 .debug_macro   0x00000000       0x1c ../../../libopencm3//lib/libopencm3_stm32f4.a(usart_common_all.o)
 .debug_macro   0x00000000      0x34e ../../../libopencm3//lib/libopencm3_stm32f4.a(usart_common_all.o)
 .debug_macro   0x00000000       0x22 ../../../libopencm3//lib/libopencm3_stm32f4.a(usart_common_all.o)
 .debug_macro   0x00000000       0xe8 ../../../libopencm3//lib/libopencm3_stm32f4.a(usart_common_all.o)
 .debug_macro   0x00000000       0x76 ../../../libopencm3//lib/libopencm3_stm32f4.a(usart_common_all.o)
 .debug_macro   0x00000000      0x280 ../../../libopencm3//lib/libopencm3_stm32f4.a(usart_common_all.o)
 .debug_macro   0x00000000       0x94 ../../../libopencm3//lib/libopencm3_stm32f4.a(usart_common_all.o)
 .debug_macro   0x00000000      0x29e ../../../libopencm3//lib/libopencm3_stm32f4.a(usart_common_all.o)
 .debug_macro   0x00000000       0xa0 ../../../libopencm3//lib/libopencm3_stm32f4.a(usart_common_all.o)
 .debug_macro   0x00000000       0x8e ../../../libopencm3//lib/libopencm3_stm32f4.a(usart_common_all.o)
 .debug_macro   0x00000000       0x46 ../../../libopencm3//lib/libopencm3_stm32f4.a(usart_common_all.o)
 .debug_macro   0x00000000      0xcea ../../../libopencm3//lib/libopencm3_stm32f4.a(usart_common_all.o)
 .group         0x00000000        0xc ../../../libopencm3//lib/libopencm3_stm32f4.a(usart_common_f124.o)
 .group         0x00000000        0xc ../../../libopencm3//lib/libopencm3_stm32f4.a(usart_common_f124.o)
 .group         0x00000000        0xc ../../../libopencm3//lib/libopencm3_stm32f4.a(usart_common_f124.o)
 .group         0x00000000        0xc ../../../libopencm3//lib/libopencm3_stm32f4.a(usart_common_f124.o)
 .group         0x00000000        0xc ../../../libopencm3//lib/libopencm3_stm32f4.a(usart_common_f124.o)
 .group         0x00000000        0xc ../../../libopencm3//lib/libopencm3_stm32f4.a(usart_common_f124.o)
 .group         0x00000000        0xc ../../../libopencm3//lib/libopencm3_stm32f4.a(usart_common_f124.o)
 .group         0x00000000        0xc ../../../libopencm3//lib/libopencm3_stm32f4.a(usart_common_f124.o)
 .group         0x00000000        0xc ../../../libopencm3//lib/libopencm3_stm32f4.a(usart_common_f124.o)
 .group         0x00000000        0xc ../../../libopencm3//lib/libopencm3_stm32f4.a(usart_common_f124.o)
 .group         0x00000000        0xc ../../../libopencm3//lib/libopencm3_stm32f4.a(usart_common_f124.o)
 .group         0x00000000        0xc ../../../libopencm3//lib/libopencm3_stm32f4.a(usart_common_f124.o)
 .group         0x00000000        0xc ../../../libopencm3//lib/libopencm3_stm32f4.a(usart_common_f124.o)
 .text          0x00000000        0x0 ../../../libopencm3//lib/libopencm3_stm32f4.a(usart_common_f124.o)
 .data          0x00000000        0x0 ../../../libopencm3//lib/libopencm3_stm32f4.a(usart_common_f124.o)
 .bss           0x00000000        0x0 ../../../libopencm3//lib/libopencm3_stm32f4.a(usart_common_f124.o)
 .text.usart_recv
                0x00000000        0x8 ../../../libopencm3//lib/libopencm3_stm32f4.a(usart_common_f124.o)
 .text.usart_wait_send_ready
                0x00000000        0x8 ../../../libopencm3//lib/libopencm3_stm32f4.a(usart_common_f124.o)
 .text.usart_wait_recv_ready
                0x00000000        0x8 ../../../libopencm3//lib/libopencm3_stm32f4.a(usart_common_f124.o)
 .text.usart_get_flag
                0x00000000        0xc ../../../libopencm3//lib/libopencm3_stm32f4.a(usart_common_f124.o)
 .debug_macro   0x00000000      0xacc ../../../libopencm3//lib/libopencm3_stm32f4.a(usart_common_f124.o)
 .debug_macro   0x00000000       0x1c ../../../libopencm3//lib/libopencm3_stm32f4.a(usart_common_f124.o)
 .debug_macro   0x00000000      0x34e ../../../libopencm3//lib/libopencm3_stm32f4.a(usart_common_f124.o)
 .debug_macro   0x00000000       0x22 ../../../libopencm3//lib/libopencm3_stm32f4.a(usart_common_f124.o)
 .debug_macro   0x00000000       0xe8 ../../../libopencm3//lib/libopencm3_stm32f4.a(usart_common_f124.o)
 .debug_macro   0x00000000       0x76 ../../../libopencm3//lib/libopencm3_stm32f4.a(usart_common_f124.o)
 .debug_macro   0x00000000      0x280 ../../../libopencm3//lib/libopencm3_stm32f4.a(usart_common_f124.o)
 .debug_macro   0x00000000       0x94 ../../../libopencm3//lib/libopencm3_stm32f4.a(usart_common_f124.o)
 .debug_macro   0x00000000      0x29e ../../../libopencm3//lib/libopencm3_stm32f4.a(usart_common_f124.o)
 .debug_macro   0x00000000       0xa0 ../../../libopencm3//lib/libopencm3_stm32f4.a(usart_common_f124.o)
 .debug_macro   0x00000000       0x8e ../../../libopencm3//lib/libopencm3_stm32f4.a(usart_common_f124.o)
 .debug_macro   0x00000000       0x46 ../../../libopencm3//lib/libopencm3_stm32f4.a(usart_common_f124.o)
 .debug_macro   0x00000000      0xcea ../../../libopencm3//lib/libopencm3_stm32f4.a(usart_common_f124.o)
 .group         0x00000000        0xc ../../../libopencm3//lib/libopencm3_stm32f4.a(vector.o)
 .group         0x00000000        0xc ../../../libopencm3//lib/libopencm3_stm32f4.a(vector.o)
 .group         0x00000000        0xc ../../../libopencm3//lib/libopencm3_stm32f4.a(vector.o)
 .group         0x00000000        0xc ../../../libopencm3//lib/libopencm3_stm32f4.a(vector.o)
 .group         0x00000000        0xc ../../../libopencm3//lib/libopencm3_stm32f4.a(vector.o)
 .group         0x00000000        0xc ../../../libopencm3//lib/libopencm3_stm32f4.a(vector.o)
 .group         0x00000000        0xc ../../../libopencm3//lib/libopencm3_stm32f4.a(vector.o)
 .group         0x00000000        0xc ../../../libopencm3//lib/libopencm3_stm32f4.a(vector.o)
 .group         0x00000000        0xc ../../../libopencm3//lib/libopencm3_stm32f4.a(vector.o)
 .text          0x00000000        0x0 ../../../libopencm3//lib/libopencm3_stm32f4.a(vector.o)
 .data          0x00000000        0x0 ../../../libopencm3//lib/libopencm3_stm32f4.a(vector.o)
 .bss           0x00000000        0x0 ../../../libopencm3//lib/libopencm3_stm32f4.a(vector.o)
 .debug_macro   0x00000000      0xacc ../../../libopencm3//lib/libopencm3_stm32f4.a(vector.o)
 .debug_macro   0x00000000       0x76 ../../../libopencm3//lib/libopencm3_stm32f4.a(vector.o)
 .debug_macro   0x00000000       0x1c ../../../libopencm3//lib/libopencm3_stm32f4.a(vector.o)
 .debug_macro   0x00000000      0x34e ../../../libopencm3//lib/libopencm3_stm32f4.a(vector.o)
 .debug_macro   0x00000000       0x22 ../../../libopencm3//lib/libopencm3_stm32f4.a(vector.o)
 .debug_macro   0x00000000       0xe8 ../../../libopencm3//lib/libopencm3_stm32f4.a(vector.o)
 .group         0x00000000        0xc ../../../libopencm3//lib/libopencm3_stm32f4.a(flash_common_all.o)
 .group         0x00000000        0xc ../../../libopencm3//lib/libopencm3_stm32f4.a(flash_common_all.o)
 .group         0x00000000        0xc ../../../libopencm3//lib/libopencm3_stm32f4.a(flash_common_all.o)
 .group         0x00000000        0xc ../../../libopencm3//lib/libopencm3_stm32f4.a(flash_common_all.o)
 .group         0x00000000        0xc ../../../libopencm3//lib/libopencm3_stm32f4.a(flash_common_all.o)
 .group         0x00000000        0xc ../../../libopencm3//lib/libopencm3_stm32f4.a(flash_common_all.o)
 .group         0x00000000        0xc ../../../libopencm3//lib/libopencm3_stm32f4.a(flash_common_all.o)
 .group         0x00000000        0xc ../../../libopencm3//lib/libopencm3_stm32f4.a(flash_common_all.o)
 .group         0x00000000        0xc ../../../libopencm3//lib/libopencm3_stm32f4.a(flash_common_all.o)
 .group         0x00000000        0xc ../../../libopencm3//lib/libopencm3_stm32f4.a(flash_common_all.o)
 .text          0x00000000        0x0 ../../../libopencm3//lib/libopencm3_stm32f4.a(flash_common_all.o)
 .data          0x00000000        0x0 ../../../libopencm3//lib/libopencm3_stm32f4.a(flash_common_all.o)
 .bss           0x00000000        0x0 ../../../libopencm3//lib/libopencm3_stm32f4.a(flash_common_all.o)
 .text.flash_prefetch_enable
                0x00000000       0x14 ../../../libopencm3//lib/libopencm3_stm32f4.a(flash_common_all.o)
 .text.flash_prefetch_disable
                0x00000000       0x14 ../../../libopencm3//lib/libopencm3_stm32f4.a(flash_common_all.o)
 .text.flash_unlock_option_bytes
                0x00000000       0x1c ../../../libopencm3//lib/libopencm3_stm32f4.a(flash_common_all.o)
 .debug_macro   0x00000000      0xacc ../../../libopencm3//lib/libopencm3_stm32f4.a(flash_common_all.o)
 .debug_macro   0x00000000       0x1c ../../../libopencm3//lib/libopencm3_stm32f4.a(flash_common_all.o)
 .debug_macro   0x00000000      0x34e ../../../libopencm3//lib/libopencm3_stm32f4.a(flash_common_all.o)
 .debug_macro   0x00000000       0x22 ../../../libopencm3//lib/libopencm3_stm32f4.a(flash_common_all.o)
 .debug_macro   0x00000000       0xe8 ../../../libopencm3//lib/libopencm3_stm32f4.a(flash_common_all.o)
 .debug_macro   0x00000000       0x76 ../../../libopencm3//lib/libopencm3_stm32f4.a(flash_common_all.o)
 .debug_macro   0x00000000      0x280 ../../../libopencm3//lib/libopencm3_stm32f4.a(flash_common_all.o)
 .debug_macro   0x00000000       0x1c ../../../libopencm3//lib/libopencm3_stm32f4.a(flash_common_all.o)
 .debug_macro   0x00000000      0x143 ../../../libopencm3//lib/libopencm3_stm32f4.a(flash_common_all.o)
 .debug_macro   0x00000000       0x10 ../../../libopencm3//lib/libopencm3_stm32f4.a(flash_common_all.o)
 .group         0x00000000        0xc ../../../libopencm3//lib/libopencm3_stm32f4.a(flash_common_idcache.o)
 .group         0x00000000        0xc ../../../libopencm3//lib/libopencm3_stm32f4.a(flash_common_idcache.o)
 .group         0x00000000        0xc ../../../libopencm3//lib/libopencm3_stm32f4.a(flash_common_idcache.o)
 .group         0x00000000        0xc ../../../libopencm3//lib/libopencm3_stm32f4.a(flash_common_idcache.o)
 .group         0x00000000        0xc ../../../libopencm3//lib/libopencm3_stm32f4.a(flash_common_idcache.o)
 .group         0x00000000        0xc ../../../libopencm3//lib/libopencm3_stm32f4.a(flash_common_idcache.o)
 .group         0x00000000        0xc ../../../libopencm3//lib/libopencm3_stm32f4.a(flash_common_idcache.o)
 .group         0x00000000        0xc ../../../libopencm3//lib/libopencm3_stm32f4.a(flash_common_idcache.o)
 .group         0x00000000        0xc ../../../libopencm3//lib/libopencm3_stm32f4.a(flash_common_idcache.o)
 .group         0x00000000        0xc ../../../libopencm3//lib/libopencm3_stm32f4.a(flash_common_idcache.o)
 .text          0x00000000        0x0 ../../../libopencm3//lib/libopencm3_stm32f4.a(flash_common_idcache.o)
 .data          0x00000000        0x0 ../../../libopencm3//lib/libopencm3_stm32f4.a(flash_common_idcache.o)
 .bss           0x00000000        0x0 ../../../libopencm3//lib/libopencm3_stm32f4.a(flash_common_idcache.o)
 .text.flash_dcache_reset
                0x00000000       0x14 ../../../libopencm3//lib/libopencm3_stm32f4.a(flash_common_idcache.o)
 .text.flash_icache_reset
                0x00000000       0x14 ../../../libopencm3//lib/libopencm3_stm32f4.a(flash_common_idcache.o)
 .debug_macro   0x00000000      0xacc ../../../libopencm3//lib/libopencm3_stm32f4.a(flash_common_idcache.o)
 .debug_macro   0x00000000       0x1c ../../../libopencm3//lib/libopencm3_stm32f4.a(flash_common_idcache.o)
 .debug_macro   0x00000000      0x34e ../../../libopencm3//lib/libopencm3_stm32f4.a(flash_common_idcache.o)
 .debug_macro   0x00000000       0x22 ../../../libopencm3//lib/libopencm3_stm32f4.a(flash_common_idcache.o)
 .debug_macro   0x00000000       0xe8 ../../../libopencm3//lib/libopencm3_stm32f4.a(flash_common_idcache.o)
 .debug_macro   0x00000000       0x76 ../../../libopencm3//lib/libopencm3_stm32f4.a(flash_common_idcache.o)
 .debug_macro   0x00000000      0x280 ../../../libopencm3//lib/libopencm3_stm32f4.a(flash_common_idcache.o)
 .debug_macro   0x00000000       0x1c ../../../libopencm3//lib/libopencm3_stm32f4.a(flash_common_idcache.o)
 .debug_macro   0x00000000      0x143 ../../../libopencm3//lib/libopencm3_stm32f4.a(flash_common_idcache.o)
 .debug_macro   0x00000000       0x10 ../../../libopencm3//lib/libopencm3_stm32f4.a(flash_common_idcache.o)
 .group         0x00000000        0xc ../../../libopencm3//lib/libopencm3_stm32f4.a(pwr.o)
 .group         0x00000000        0xc ../../../libopencm3//lib/libopencm3_stm32f4.a(pwr.o)
 .group         0x00000000        0xc ../../../libopencm3//lib/libopencm3_stm32f4.a(pwr.o)
 .group         0x00000000        0xc ../../../libopencm3//lib/libopencm3_stm32f4.a(pwr.o)
 .group         0x00000000        0xc ../../../libopencm3//lib/libopencm3_stm32f4.a(pwr.o)
 .group         0x00000000        0xc ../../../libopencm3//lib/libopencm3_stm32f4.a(pwr.o)
 .group         0x00000000        0xc ../../../libopencm3//lib/libopencm3_stm32f4.a(pwr.o)
 .group         0x00000000        0xc ../../../libopencm3//lib/libopencm3_stm32f4.a(pwr.o)
 .group         0x00000000        0xc ../../../libopencm3//lib/libopencm3_stm32f4.a(pwr.o)
 .text          0x00000000        0x0 ../../../libopencm3//lib/libopencm3_stm32f4.a(pwr.o)
 .data          0x00000000        0x0 ../../../libopencm3//lib/libopencm3_stm32f4.a(pwr.o)
 .bss           0x00000000        0x0 ../../../libopencm3//lib/libopencm3_stm32f4.a(pwr.o)
 .debug_macro   0x00000000      0xacc ../../../libopencm3//lib/libopencm3_stm32f4.a(pwr.o)
 .debug_macro   0x00000000       0x1c ../../../libopencm3//lib/libopencm3_stm32f4.a(pwr.o)
 .debug_macro   0x00000000      0x34e ../../../libopencm3//lib/libopencm3_stm32f4.a(pwr.o)
 .debug_macro   0x00000000       0x22 ../../../libopencm3//lib/libopencm3_stm32f4.a(pwr.o)
 .debug_macro   0x00000000       0xe8 ../../../libopencm3//lib/libopencm3_stm32f4.a(pwr.o)
 .debug_macro   0x00000000       0x76 ../../../libopencm3//lib/libopencm3_stm32f4.a(pwr.o)
 .debug_macro   0x00000000      0x280 ../../../libopencm3//lib/libopencm3_stm32f4.a(pwr.o)
 .debug_macro   0x00000000       0x8e ../../../libopencm3//lib/libopencm3_stm32f4.a(pwr.o)
 .debug_macro   0x00000000       0x46 ../../../libopencm3//lib/libopencm3_stm32f4.a(pwr.o)

Memory Configuration

Name             Origin             Length             Attributes
rom              0x08000000         0x00080000         xr
ram              0x20000000         0x00020000         xrw
*default*        0x00000000         0xffffffff

Linker script and memory map

LOAD test.o
LOAD ../../../libopencm3//lib/libopencm3_stm32f4.a
START GROUP
LOAD /usr/lib/gcc/arm-none-eabi/13.2.1/../../../arm-none-eabi/lib/thumb/v7e-m+fp/hard/libc.a
LOAD /usr/lib/gcc/arm-none-eabi/13.2.1/thumb/v7e-m+fp/hard/libgcc.a
LOAD /usr/lib/gcc/arm-none-eabi/13.2.1/../../../arm-none-eabi/lib/thumb/v7e-m+fp/hard/libnosys.a
END GROUP
START GROUP
LOAD /usr/lib/gcc/arm-none-eabi/13.2.1/thumb/v7e-m+fp/hard/libgcc.a
LOAD /usr/lib/gcc/arm-none-eabi/13.2.1/../../../arm-none-eabi/lib/thumb/v7e-m+fp/hard/libg.a
LOAD /usr/lib/gcc/arm-none-eabi/13.2.1/../../../arm-none-eabi/lib/thumb/v7e-m+fp/hard/libc.a
END GROUP

.text           0x08000000      0x854
 *(.vectors)
 .vectors       0x08000000      0x1ac ../../../libopencm3//lib/libopencm3_stm32f4.a(vector.o)
                0x08000000                vector_table
 *(.text*)
 .text.startup.main
                0x080001ac       0xc4 test.o
                0x080001ac                main
 .text.gpio_toggle
                0x08000270       0x12 ../../../libopencm3//lib/libopencm3_stm32f4.a(gpio_common_all.o)
                0x08000270                gpio_toggle
 .text.gpio_mode_setup
                0x08000282       0x40 ../../../libopencm3//lib/libopencm3_stm32f4.a(gpio_common_f0234.o)
                0x08000282                gpio_mode_setup
 .text.gpio_set_output_options
                0x080002c2       0x36 ../../../libopencm3//lib/libopencm3_stm32f4.a(gpio_common_f0234.o)
                0x080002c2                gpio_set_output_options
 .text.rcc_periph_clock_enable
                0x080002f8       0x1a ../../../libopencm3//lib/libopencm3_stm32f4.a(rcc_common_all.o)
                0x080002f8                rcc_periph_clock_enable
 *fill*         0x08000312        0x2 
 .text.rcc_is_osc_ready
                0x08000314       0x64 ../../../libopencm3//lib/libopencm3_stm32f4.a(rcc.o)
                0x08000314                rcc_is_osc_ready
 .text.rcc_wait_for_osc_ready
                0x08000378       0x10 ../../../libopencm3//lib/libopencm3_stm32f4.a(rcc.o)
                0x08000378                rcc_wait_for_osc_ready
 .text.rcc_osc_on
                0x08000388       0x74 ../../../libopencm3//lib/libopencm3_stm32f4.a(rcc.o)
                0x08000388                rcc_osc_on
 .text.rcc_osc_off
                0x080003fc       0x74 ../../../libopencm3//lib/libopencm3_stm32f4.a(rcc.o)
                0x080003fc                rcc_osc_off
 .text.rcc_set_sysclk_source
                0x08000470       0x18 ../../../libopencm3//lib/libopencm3_stm32f4.a(rcc.o)
                0x08000470                rcc_set_sysclk_source
 .text.rcc_set_ppre2
                0x08000488       0x18 ../../../libopencm3//lib/libopencm3_stm32f4.a(rcc.o)
                0x08000488                rcc_set_ppre2
 .text.rcc_set_ppre1
                0x080004a0       0x18 ../../../libopencm3//lib/libopencm3_stm32f4.a(rcc.o)
                0x080004a0                rcc_set_ppre1
 .text.rcc_set_hpre
                0x080004b8       0x18 ../../../libopencm3//lib/libopencm3_stm32f4.a(rcc.o)
                0x080004b8                rcc_set_hpre
 .text.rcc_set_main_pll_hsi
                0x080004d0       0x44 ../../../libopencm3//lib/libopencm3_stm32f4.a(rcc.o)
                0x080004d0                rcc_set_main_pll_hsi
 .text.rcc_set_main_pll_hse
                0x08000514       0x44 ../../../libopencm3//lib/libopencm3_stm32f4.a(rcc.o)
                0x08000514                rcc_set_main_pll_hse
 .text.rcc_clock_setup_pll
                0x08000558       0xe4 ../../../libopencm3//lib/libopencm3_stm32f4.a(rcc.o)
                0x08000558                rcc_clock_setup_pll
 .text.rcc_get_usart_clk_freq
                0x0800063c       0x20 ../../../libopencm3//lib/libopencm3_stm32f4.a(rcc.o)
                0x0800063c                rcc_get_usart_clk_freq
 .text.usart_set_baudrate
                0x0800065c       0x16 ../../../libopencm3//lib/libopencm3_stm32f4.a(usart_common_all.o)
                0x0800065c                usart_set_baudrate
 .text.usart_set_databits
                0x08000672       0x12 ../../../libopencm3//lib/libopencm3_stm32f4.a(usart_common_all.o)
                0x08000672                usart_set_databits
 .text.usart_set_stopbits
                0x08000684        0xc ../../../libopencm3//lib/libopencm3_stm32f4.a(usart_common_all.o)
                0x08000684                usart_set_stopbits
 .text.usart_set_parity
                0x08000690        0xc ../../../libopencm3//lib/libopencm3_stm32f4.a(usart_common_all.o)
                0x08000690                usart_set_parity
 .text.usart_set_mode
                0x0800069c        0xc ../../../libopencm3//lib/libopencm3_stm32f4.a(usart_common_all.o)
                0x0800069c                usart_set_mode
 .text.usart_set_flow_control
                0x080006a8        0xc ../../../libopencm3//lib/libopencm3_stm32f4.a(usart_common_all.o)
                0x080006a8                usart_set_flow_control
 .text.usart_enable
                0x080006b4        0xa ../../../libopencm3//lib/libopencm3_stm32f4.a(usart_common_all.o)
                0x080006b4                usart_enable
 .text.usart_send
                0x080006be        0x8 ../../../libopencm3//lib/libopencm3_stm32f4.a(usart_common_f124.o)
                0x080006be                usart_send
 .text.blocking_handler
                0x080006c6        0x2 ../../../libopencm3//lib/libopencm3_stm32f4.a(vector.o)
                0x080006c6                dma2_stream1_isr
                0x080006c6                tim8_brk_tim12_isr
                0x080006c6                dma1_stream7_isr
                0x080006c6                usart3_isr
                0x080006c6                tim7_isr
                0x080006c6                dma2d_isr
                0x080006c6                uart8_isr
                0x080006c6                dma1_stream2_isr
                0x080006c6                otg_hs_isr
                0x080006c6                blocking_handler
                0x080006c6                tim5_isr
                0x080006c6                rtc_wkup_isr
                0x080006c6                otg_fs_isr
                0x080006c6                spi1_isr
                0x080006c6                i2c3_er_isr
                0x080006c6                exti2_isr
                0x080006c6                spi5_isr
                0x080006c6                usb_fs_wkup_isr
                0x080006c6                tamp_stamp_isr
                0x080006c6                can1_rx1_isr
                0x080006c6                dma2_stream0_isr
                0x080006c6                usart1_isr
                0x080006c6                i2c3_ev_isr
                0x080006c6                usage_fault_handler
                0x080006c6                can2_rx0_isr
                0x080006c6                dma1_stream6_isr
                0x080006c6                can2_rx1_isr
                0x080006c6                can1_sce_isr
                0x080006c6                tim1_cc_isr
                0x080006c6                can1_tx_isr
                0x080006c6                tim1_up_tim10_isr
                0x080006c6                sdio_isr
                0x080006c6                eth_isr
                0x080006c6                spi6_isr
                0x080006c6                dma2_stream5_isr
                0x080006c6                pvd_isr
                0x080006c6                can1_rx0_isr
                0x080006c6                rcc_isr
                0x080006c6                dma2_stream3_isr
                0x080006c6                flash_isr
                0x080006c6                uart4_isr
                0x080006c6                lcd_tft_isr
                0x080006c6                rtc_alarm_isr
                0x080006c6                exti15_10_isr
                0x080006c6                hash_rng_isr
                0x080006c6                tim1_trg_com_tim11_isr
                0x080006c6                hard_fault_handler
                0x080006c6                exti1_isr
                0x080006c6                i2c1_ev_isr
                0x080006c6                usart6_isr
                0x080006c6                spi2_isr
                0x080006c6                cryp_isr
                0x080006c6                nvic_wwdg_isr
                0x080006c6                dma1_stream1_isr
                0x080006c6                dma2_stream4_isr
                0x080006c6                exti3_isr
                0x080006c6                tim3_isr
                0x080006c6                usart2_isr
                0x080006c6                sai1_isr
                0x080006c6                fpu_isr
                0x080006c6                dma1_stream4_isr
                0x080006c6                i2c2_er_isr
                0x080006c6                i2c2_ev_isr
                0x080006c6                uart5_isr
                0x080006c6                dma2_stream6_isr
                0x080006c6                spi4_isr
                0x080006c6                adc_isr
                0x080006c6                dma2_stream7_isr
                0x080006c6                tim8_up_tim13_isr
                0x080006c6                fsmc_isr
                0x080006c6                exti4_isr
                0x080006c6                tim6_dac_isr
                0x080006c6                dma1_stream3_isr
                0x080006c6                tim8_trg_com_tim14_isr
                0x080006c6                mem_manage_handler
                0x080006c6                lcd_tft_err_isr
                0x080006c6                can2_tx_isr
                0x080006c6                exti9_5_isr
                0x080006c6                tim1_brk_tim9_isr
                0x080006c6                uart7_isr
                0x080006c6                can2_sce_isr
                0x080006c6                tim4_isr
                0x080006c6                otg_hs_wkup_isr
                0x080006c6                i2c1_er_isr
                0x080006c6                dma1_stream0_isr
                0x080006c6                tim8_cc_isr
                0x080006c6                dcmi_isr
                0x080006c6                dma2_stream2_isr
                0x080006c6                eth_wkup_isr
                0x080006c6                bus_fault_handler
                0x080006c6                otg_hs_ep1_out_isr
                0x080006c6                spi3_isr
                0x080006c6                dma1_stream5_isr
                0x080006c6                otg_hs_ep1_in_isr
                0x080006c6                tim2_isr
                0x080006c6                exti0_isr
 .text.null_handler
                0x080006c8        0x2 ../../../libopencm3//lib/libopencm3_stm32f4.a(vector.o)
                0x080006c8                null_handler
                0x080006c8                sv_call_handler
                0x080006c8                pend_sv_handler
                0x080006c8                debug_monitor_handler
                0x080006c8                sys_tick_handler
                0x080006c8                nmi_handler
 *fill*         0x080006ca        0x2 
 .text.reset_handler
                0x080006cc       0xa0 ../../../libopencm3//lib/libopencm3_stm32f4.a(vector.o)
                0x080006cc                reset_handler
 .text.flash_set_ws
                0x0800076c       0x18 ../../../libopencm3//lib/libopencm3_stm32f4.a(flash_common_all.o)
                0x0800076c                flash_set_ws
 .text.flash_dcache_enable
                0x08000784       0x14 ../../../libopencm3//lib/libopencm3_stm32f4.a(flash_common_idcache.o)
                0x08000784                flash_dcache_enable
 .text.flash_dcache_disable
                0x08000798       0x14 ../../../libopencm3//lib/libopencm3_stm32f4.a(flash_common_idcache.o)
                0x08000798                flash_dcache_disable
 .text.flash_icache_enable
                0x080007ac       0x14 ../../../libopencm3//lib/libopencm3_stm32f4.a(flash_common_idcache.o)
                0x080007ac                flash_icache_enable
 .text.flash_icache_disable
                0x080007c0       0x14 ../../../libopencm3//lib/libopencm3_stm32f4.a(flash_common_idcache.o)
                0x080007c0                flash_icache_disable
 .text.pwr_set_vos_scale
                0x080007d4       0x10 ../../../libopencm3//lib/libopencm3_stm32f4.a(pwr.o)
                0x080007d4                pwr_set_vos_scale
                0x080007e4                        . = ALIGN (0x4)
 *(.rodata*)
 .rodata.rcc_hsi_configs
                0x080007e4       0x70 ../../../libopencm3//lib/libopencm3_stm32f4.a(rcc.o)
                0x080007e4                rcc_hsi_configs
                0x08000854                        . = ALIGN (0x4)

.glue_7         0x08000854        0x0
 .glue_7        0x08000854        0x0 linker stubs

.glue_7t        0x08000854        0x0
 .glue_7t       0x08000854        0x0 linker stubs

.vfp11_veneer   0x08000854        0x0
 .vfp11_veneer  0x08000854        0x0 linker stubs

.v4_bx          0x08000854        0x0
 .v4_bx         0x08000854        0x0 linker stubs

.iplt           0x08000854        0x0
 .iplt          0x08000854        0x0 test.o

.rel.dyn        0x08000854        0x0
 .rel.iplt      0x08000854        0x0 test.o

.preinit_array  0x08000854        0x0
                0x08000854                        . = ALIGN (0x4)
                0x08000854                        __preinit_array_start = .
 *(.preinit_array)
                0x08000854                        __preinit_array_end = .

.init_array     0x08000854        0x0
                0x08000854                        . = ALIGN (0x4)
                0x08000854                        __init_array_start = .
 *(SORT_BY_NAME(.init_array.*))
 *(.init_array)
                0x08000854                        __init_array_end = .

.fini_array     0x08000854        0x0
                0x08000854                        . = ALIGN (0x4)
                0x08000854                        __fini_array_start = .
 *(.fini_array)
 *(SORT_BY_NAME(.fini_array.*))
                0x08000854                        __fini_array_end = .

.ARM.extab
 *(.ARM.extab*)

.ARM.exidx      0x08000854        0x0
                0x08000854                        __exidx_start = .
 *(.ARM.exidx*)
                0x08000854                        __exidx_end = .
                0x08000854                        . = ALIGN (0x4)
                0x08000854                        _etext = .

.noinit
 *(.noinit*)
                0x08000854                        . = ALIGN (0x4)

.data           0x20000000        0xc load address 0x08000854
                0x20000000                        _data = .
 *(.data*)
 .data.rcc_apb2_frequency
                0x20000000        0x4 ../../../libopencm3//lib/libopencm3_stm32f4.a(rcc.o)
                0x20000000                rcc_apb2_frequency
 .data.rcc_apb1_frequency
                0x20000004        0x4 ../../../libopencm3//lib/libopencm3_stm32f4.a(rcc.o)
                0x20000004                rcc_apb1_frequency
 .data.rcc_ahb_frequency
                0x20000008        0x4 ../../../libopencm3//lib/libopencm3_stm32f4.a(rcc.o)
                0x20000008                rcc_ahb_frequency
 *(.ramtext*)
                0x2000000c                        . = ALIGN (0x4)
                0x2000000c                        _edata = .
                0x08000854                        _data_loadaddr = LOADADDR (.data)

.igot.plt       0x2000000c        0x0 load address 0x08000860
 .igot.plt      0x2000000c        0x0 test.o

.bss            0x2000000c        0x0 load address 0x08000860
 *(.bss*)
 *(COMMON)
                0x2000000c                        . = ALIGN (0x4)
                0x2000000c                        _ebss = .

/DISCARD/
 *(.eh_frame)
                0x2000000c                        . = ALIGN (0x4)
                0x2000000c                        end = .
                0x20020000                        PROVIDE (_stack = (ORIGIN (ram) + LENGTH (ram)))
OUTPUT(test.elf elf32-littlearm)
LOAD linker stubs

.debug_info     0x00000000     0x3097
 .debug_info    0x00000000      0x6bf test.o
 .debug_info    0x000006bf      0x23a ../../../libopencm3//lib/libopencm3_stm32f4.a(gpio_common_all.o)
 .debug_info    0x000008f9      0x1f4 ../../../libopencm3//lib/libopencm3_stm32f4.a(gpio_common_f0234.o)
 .debug_info    0x00000aed      0x90b ../../../libopencm3//lib/libopencm3_stm32f4.a(rcc_common_all.o)
 .debug_info    0x000013f8      0xf7a ../../../libopencm3//lib/libopencm3_stm32f4.a(rcc.o)
 .debug_info    0x00002372      0x649 ../../../libopencm3//lib/libopencm3_stm32f4.a(usart_common_all.o)
 .debug_info    0x000029bb      0x176 ../../../libopencm3//lib/libopencm3_stm32f4.a(usart_common_f124.o)
 .debug_info    0x00002b31      0x2cd ../../../libopencm3//lib/libopencm3_stm32f4.a(vector.o)
 .debug_info    0x00002dfe       0xe5 ../../../libopencm3//lib/libopencm3_stm32f4.a(flash_common_all.o)
 .debug_info    0x00002ee3       0xdd ../../../libopencm3//lib/libopencm3_stm32f4.a(flash_common_idcache.o)
 .debug_info    0x00002fc0       0xd7 ../../../libopencm3//lib/libopencm3_stm32f4.a(pwr.o)

.debug_abbrev   0x00000000      0xd13
 .debug_abbrev  0x00000000      0x193 test.o
 .debug_abbrev  0x00000193      0x117 ../../../libopencm3//lib/libopencm3_stm32f4.a(gpio_common_all.o)
 .debug_abbrev  0x000002aa       0xc3 ../../../libopencm3//lib/libopencm3_stm32f4.a(gpio_common_f0234.o)
 .debug_abbrev  0x0000036d      0x186 ../../../libopencm3//lib/libopencm3_stm32f4.a(rcc_common_all.o)
 .debug_abbrev  0x000004f3      0x2db ../../../libopencm3//lib/libopencm3_stm32f4.a(rcc.o)
 .debug_abbrev  0x000007ce      0x1ab ../../../libopencm3//lib/libopencm3_stm32f4.a(usart_common_all.o)
 .debug_abbrev  0x00000979       0xb8 ../../../libopencm3//lib/libopencm3_stm32f4.a(usart_common_f124.o)
 .debug_abbrev  0x00000a31      0x15f ../../../libopencm3//lib/libopencm3_stm32f4.a(vector.o)
 .debug_abbrev  0x00000b90       0x96 ../../../libopencm3//lib/libopencm3_stm32f4.a(flash_common_all.o)
 .debug_abbrev  0x00000c26       0x56 ../../../libopencm3//lib/libopencm3_stm32f4.a(flash_common_idcache.o)
 .debug_abbrev  0x00000c7c       0x97 ../../../libopencm3//lib/libopencm3_stm32f4.a(pwr.o)

.debug_loclists
                0x00000000      0xa87
 .debug_loclists
                0x00000000       0x47 test.o
 .debug_loclists
                0x00000047       0x96 ../../../libopencm3//lib/libopencm3_stm32f4.a(gpio_common_all.o)
 .debug_loclists
                0x000000dd       0xf9 ../../../libopencm3//lib/libopencm3_stm32f4.a(gpio_common_f0234.o)
 .debug_loclists
                0x000001d6       0x87 ../../../libopencm3//lib/libopencm3_stm32f4.a(rcc_common_all.o)
 .debug_loclists
                0x0000025d      0x52f ../../../libopencm3//lib/libopencm3_stm32f4.a(rcc.o)
 .debug_loclists
                0x0000078c      0x18e ../../../libopencm3//lib/libopencm3_stm32f4.a(usart_common_all.o)
 .debug_loclists
                0x0000091a       0x79 ../../../libopencm3//lib/libopencm3_stm32f4.a(usart_common_f124.o)
 .debug_loclists
                0x00000993       0xb6 ../../../libopencm3//lib/libopencm3_stm32f4.a(vector.o)
 .debug_loclists
                0x00000a49       0x17 ../../../libopencm3//lib/libopencm3_stm32f4.a(flash_common_all.o)
 .debug_loclists
                0x00000a60       0x27 ../../../libopencm3//lib/libopencm3_stm32f4.a(pwr.o)

.debug_aranges  0x00000000      0x430
 .debug_aranges
                0x00000000       0x20 test.o
 .debug_aranges
                0x00000020       0x50 ../../../libopencm3//lib/libopencm3_stm32f4.a(gpio_common_all.o)
 .debug_aranges
                0x00000070       0x30 ../../../libopencm3//lib/libopencm3_stm32f4.a(gpio_common_f0234.o)
 .debug_aranges
                0x000000a0       0x80 ../../../libopencm3//lib/libopencm3_stm32f4.a(rcc_common_all.o)
 .debug_aranges
                0x00000120      0x110 ../../../libopencm3//lib/libopencm3_stm32f4.a(rcc.o)
 .debug_aranges
                0x00000230       0xf0 ../../../libopencm3//lib/libopencm3_stm32f4.a(usart_common_all.o)
 .debug_aranges
                0x00000320       0x40 ../../../libopencm3//lib/libopencm3_stm32f4.a(usart_common_f124.o)
 .debug_aranges
                0x00000360       0x30 ../../../libopencm3//lib/libopencm3_stm32f4.a(vector.o)
 .debug_aranges
                0x00000390       0x38 ../../../libopencm3//lib/libopencm3_stm32f4.a(flash_common_all.o)
 .debug_aranges
                0x000003c8       0x48 ../../../libopencm3//lib/libopencm3_stm32f4.a(flash_common_idcache.o)
 .debug_aranges
                0x00000410       0x20 ../../../libopencm3//lib/libopencm3_stm32f4.a(pwr.o)

.debug_rnglists
                0x00000000      0x323
 .debug_rnglists
                0x00000000       0x2f test.o
 .debug_rnglists
                0x0000002f       0x37 ../../../libopencm3//lib/libopencm3_stm32f4.a(gpio_common_all.o)
 .debug_rnglists
                0x00000066       0x1f ../../../libopencm3//lib/libopencm3_stm32f4.a(gpio_common_f0234.o)
 .debug_rnglists
                0x00000085       0x5b ../../../libopencm3//lib/libopencm3_stm32f4.a(rcc_common_all.o)
 .debug_rnglists
                0x000000e0       0xe0 ../../../libopencm3//lib/libopencm3_stm32f4.a(rcc.o)
 .debug_rnglists
                0x000001c0       0xaf ../../../libopencm3//lib/libopencm3_stm32f4.a(usart_common_all.o)
 .debug_rnglists
                0x0000026f       0x2b ../../../libopencm3//lib/libopencm3_stm32f4.a(usart_common_f124.o)
 .debug_rnglists
                0x0000029a       0x20 ../../../libopencm3//lib/libopencm3_stm32f4.a(vector.o)
 .debug_rnglists
                0x000002ba       0x25 ../../../libopencm3//lib/libopencm3_stm32f4.a(flash_common_all.o)
 .debug_rnglists
                0x000002df       0x31 ../../../libopencm3//lib/libopencm3_stm32f4.a(flash_common_idcache.o)
 .debug_rnglists
                0x00000310       0x13 ../../../libopencm3//lib/libopencm3_stm32f4.a(pwr.o)

.debug_macro    0x00000000     0x440b
 .debug_macro   0x00000000      0x102 test.o
 .debug_macro   0x00000102      0xacc test.o
 .debug_macro   0x00000bce       0x1c test.o
 .debug_macro   0x00000bea      0x34e test.o
 .debug_macro   0x00000f38       0x22 test.o
 .debug_macro   0x00000f5a       0xe8 test.o
 .debug_macro   0x00001042       0x76 test.o
 .debug_macro   0x000010b8      0x280 test.o
 .debug_macro   0x00001338       0x76 test.o
 .debug_macro   0x000013ae      0x37e test.o
 .debug_macro   0x0000172c       0xca test.o
 .debug_macro   0x000017f6       0x94 test.o
 .debug_macro   0x0000188a      0x29e test.o
 .debug_macro   0x00001b28       0xa0 test.o
 .debug_macro   0x00001bc8      0x8c6 test.o
 .debug_macro   0x0000248e      0x2eb test.o
 .debug_macro   0x00002779       0x16 test.o
 .debug_macro   0x0000278f       0x22 test.o
 .debug_macro   0x000027b1       0x88 ../../../libopencm3//lib/libopencm3_stm32f4.a(gpio_common_all.o)
 .debug_macro   0x00002839       0x88 ../../../libopencm3//lib/libopencm3_stm32f4.a(gpio_common_f0234.o)
 .debug_macro   0x000028c1       0xa7 ../../../libopencm3//lib/libopencm3_stm32f4.a(rcc_common_all.o)
 .debug_macro   0x00002968       0x8e ../../../libopencm3//lib/libopencm3_stm32f4.a(rcc_common_all.o)
 .debug_macro   0x000029f6       0x46 ../../../libopencm3//lib/libopencm3_stm32f4.a(rcc_common_all.o)
 .debug_macro   0x00002a3c      0xcea ../../../libopencm3//lib/libopencm3_stm32f4.a(rcc_common_all.o)
 .debug_macro   0x00003726       0xdb ../../../libopencm3//lib/libopencm3_stm32f4.a(rcc.o)
 .debug_macro   0x00003801       0x16 ../../../libopencm3//lib/libopencm3_stm32f4.a(rcc.o)
 .debug_macro   0x00003817       0x1c ../../../libopencm3//lib/libopencm3_stm32f4.a(rcc.o)
 .debug_macro   0x00003833      0x143 ../../../libopencm3//lib/libopencm3_stm32f4.a(rcc.o)
 .debug_macro   0x00003976       0x10 ../../../libopencm3//lib/libopencm3_stm32f4.a(rcc.o)
 .debug_macro   0x00003986       0xc2 ../../../libopencm3//lib/libopencm3_stm32f4.a(usart_common_all.o)
 .debug_macro   0x00003a48       0xc2 ../../../libopencm3//lib/libopencm3_stm32f4.a(usart_common_f124.o)
 .debug_macro   0x00003b0a       0x8a ../../../libopencm3//lib/libopencm3_stm32f4.a(vector.o)
 .debug_macro   0x00003b94      0x452 ../../../libopencm3//lib/libopencm3_stm32f4.a(vector.o)
 .debug_macro   0x00003fe6       0x6e ../../../libopencm3//lib/libopencm3_stm32f4.a(vector.o)
 .debug_macro   0x00004054      0x22c ../../../libopencm3//lib/libopencm3_stm32f4.a(vector.o)
 .debug_macro   0x00004280       0x8e ../../../libopencm3//lib/libopencm3_stm32f4.a(flash_common_all.o)
 .debug_macro   0x0000430e       0x8e ../../../libopencm3//lib/libopencm3_stm32f4.a(flash_common_idcache.o)
 .debug_macro   0x0000439c       0x6f ../../../libopencm3//lib/libopencm3_stm32f4.a(pwr.o)

.debug_line     0x00000000     0x2778
 .debug_line    0x00000000      0x341 test.o
 .debug_line    0x00000341      0x2a6 ../../../libopencm3//lib/libopencm3_stm32f4.a(gpio_common_all.o)
 .debug_line    0x000005e7      0x381 ../../../libopencm3//lib/libopencm3_stm32f4.a(gpio_common_f0234.o)
 .debug_line    0x00000968      0x344 ../../../libopencm3//lib/libopencm3_stm32f4.a(rcc_common_all.o)
 .debug_line    0x00000cac      0x9ad ../../../libopencm3//lib/libopencm3_stm32f4.a(rcc.o)
 .debug_line    0x00001659      0x580 ../../../libopencm3//lib/libopencm3_stm32f4.a(usart_common_all.o)
 .debug_line    0x00001bd9      0x29d ../../../libopencm3//lib/libopencm3_stm32f4.a(usart_common_f124.o)
 .debug_line    0x00001e76      0x2da ../../../libopencm3//lib/libopencm3_stm32f4.a(vector.o)
 .debug_line    0x00002150      0x246 ../../../libopencm3//lib/libopencm3_stm32f4.a(flash_common_all.o)
 .debug_line    0x00002396      0x25f ../../../libopencm3//lib/libopencm3_stm32f4.a(flash_common_idcache.o)
 .debug_line    0x000025f5      0x183 ../../../libopencm3//lib/libopencm3_stm32f4.a(pwr.o)

.debug_str      0x00000000    0x1257b
 .debug_str     0x00000000    0x1257b test.o
                               0xad4b (size before relaxing)
 .debug_str     0x0001257b     0x62f7 ../../../libopencm3//lib/libopencm3_stm32f4.a(gpio_common_all.o)
 .debug_str     0x0001257b     0x630f ../../../libopencm3//lib/libopencm3_stm32f4.a(gpio_common_f0234.o)
 .debug_str     0x0001257b     0x96ac ../../../libopencm3//lib/libopencm3_stm32f4.a(rcc_common_all.o)
 .debug_str     0x0001257b     0x9f21 ../../../libopencm3//lib/libopencm3_stm32f4.a(rcc.o)
 .debug_str     0x0001257b     0xa178 ../../../libopencm3//lib/libopencm3_stm32f4.a(usart_common_all.o)
 .debug_str     0x0001257b     0x9ee4 ../../../libopencm3//lib/libopencm3_stm32f4.a(usart_common_f124.o)
 .debug_str     0x0001257b     0x6bb7 ../../../libopencm3//lib/libopencm3_stm32f4.a(vector.o)
 .debug_str     0x0001257b     0x5659 ../../../libopencm3//lib/libopencm3_stm32f4.a(flash_common_all.o)
 .debug_str     0x0001257b     0x567b ../../../libopencm3//lib/libopencm3_stm32f4.a(flash_common_idcache.o)
 .debug_str     0x0001257b     0x52d5 ../../../libopencm3//lib/libopencm3_stm32f4.a(pwr.o)

.comment        0x00000000       0x26
 .comment       0x00000000       0x26 test.o
                                 0x27 (size before relaxing)
 .comment       0x00000026       0x27 ../../../libopencm3//lib/libopencm3_stm32f4.a(gpio_common_all.o)
 .comment       0x00000026       0x27 ../../../libopencm3//lib/libopencm3_stm32f4.a(gpio_common_f0234.o)
 .comment       0x00000026       0x27 ../../../libopencm3//lib/libopencm3_stm32f4.a(rcc_common_all.o)
 .comment       0x00000026       0x27 ../../../libopencm3//lib/libopencm3_stm32f4.a(rcc.o)
 .comment       0x00000026       0x27 ../../../libopencm3//lib/libopencm3_stm32f4.a(usart_common_all.o)
 .comment       0x00000026       0x27 ../../../libopencm3//lib/libopencm3_stm32f4.a(usart_common_f124.o)
 .comment       0x00000026       0x27 ../../../libopencm3//lib/libopencm3_stm32f4.a(vector.o)
 .comment       0x00000026       0x27 ../../../libopencm3//lib/libopencm3_stm32f4.a(flash_common_all.o)
 .comment       0x00000026       0x27 ../../../libopencm3//lib/libopencm3_stm32f4.a(flash_common_idcache.o)
 .comment       0x00000026       0x27 ../../../libopencm3//lib/libopencm3_stm32f4.a(pwr.o)

.ARM.attributes
                0x00000000       0x34
 .ARM.attributes
                0x00000000       0x34 test.o
 .ARM.attributes
                0x00000034       0x34 ../../../libopencm3//lib/libopencm3_stm32f4.a(gpio_common_all.o)
 .ARM.attributes
                0x00000068       0x34 ../../../libopencm3//lib/libopencm3_stm32f4.a(gpio_common_f0234.o)
 .ARM.attributes
                0x0000009c       0x34 ../../../libopencm3//lib/libopencm3_stm32f4.a(rcc_common_all.o)
 .ARM.attributes
                0x000000d0       0x34 ../../../libopencm3//lib/libopencm3_stm32f4.a(rcc.o)
 .ARM.attributes
                0x00000104       0x34 ../../../libopencm3//lib/libopencm3_stm32f4.a(usart_common_all.o)
 .ARM.attributes
                0x00000138       0x34 ../../../libopencm3//lib/libopencm3_stm32f4.a(usart_common_f124.o)
 .ARM.attributes
                0x0000016c       0x34 ../../../libopencm3//lib/libopencm3_stm32f4.a(vector.o)
 .ARM.attributes
                0x000001a0       0x34 ../../../libopencm3//lib/libopencm3_stm32f4.a(flash_common_all.o)
 .ARM.attributes
                0x000001d4       0x34 ../../../libopencm3//lib/libopencm3_stm32f4.a(flash_common_idcache.o)
 .ARM.attributes
                0x00000208       0x34 ../../../libopencm3//lib/libopencm3_stm32f4.a(pwr.o)

.debug_frame    0x00000000      0x7a8
 .debug_frame   0x00000000       0x2c test.o
 .debug_frame   0x0000002c       0x80 ../../../libopencm3//lib/libopencm3_stm32f4.a(gpio_common_all.o)
 .debug_frame   0x000000ac       0x70 ../../../libopencm3//lib/libopencm3_stm32f4.a(gpio_common_f0234.o)
 .debug_frame   0x0000011c       0xe0 ../../../libopencm3//lib/libopencm3_stm32f4.a(rcc_common_all.o)
 .debug_frame   0x000001fc      0x234 ../../../libopencm3//lib/libopencm3_stm32f4.a(rcc.o)
 .debug_frame   0x00000430      0x1ec ../../../libopencm3//lib/libopencm3_stm32f4.a(usart_common_all.o)
 .debug_frame   0x0000061c       0x60 ../../../libopencm3//lib/libopencm3_stm32f4.a(usart_common_f124.o)
 .debug_frame   0x0000067c       0x4c ../../../libopencm3//lib/libopencm3_stm32f4.a(vector.o)
 .debug_frame   0x000006c8       0x50 ../../../libopencm3//lib/libopencm3_stm32f4.a(flash_common_all.o)
 .debug_frame   0x00000718       0x70 ../../../libopencm3//lib/libopencm3_stm32f4.a(flash_common_idcache.o)
 .debug_frame   0x00000788       0x20 ../../../libopencm3//lib/libopencm3_stm32f4.a(pwr.o)

Cross Reference Table

Symbol                                            File
__fini_array_end                                  ../../../libopencm3//lib/libopencm3_stm32f4.a(vector.o)
__fini_array_start                                ../../../libopencm3//lib/libopencm3_stm32f4.a(vector.o)
__init_array_end                                  ../../../libopencm3//lib/libopencm3_stm32f4.a(vector.o)
__init_array_start                                ../../../libopencm3//lib/libopencm3_stm32f4.a(vector.o)
__preinit_array_end                               ../../../libopencm3//lib/libopencm3_stm32f4.a(vector.o)
__preinit_array_start                             ../../../libopencm3//lib/libopencm3_stm32f4.a(vector.o)
_data                                             ../../../libopencm3//lib/libopencm3_stm32f4.a(vector.o)
_data_loadaddr                                    ../../../libopencm3//lib/libopencm3_stm32f4.a(vector.o)
_ebss                                             ../../../libopencm3//lib/libopencm3_stm32f4.a(vector.o)
_edata                                            ../../../libopencm3//lib/libopencm3_stm32f4.a(vector.o)
_stack                                            ../../../libopencm3//lib/libopencm3_stm32f4.a(vector.o)
adc_isr                                           ../../../libopencm3//lib/libopencm3_stm32f4.a(vector.o)
blocking_handler                                  ../../../libopencm3//lib/libopencm3_stm32f4.a(vector.o)
bus_fault_handler                                 ../../../libopencm3//lib/libopencm3_stm32f4.a(vector.o)
can1_rx0_isr                                      ../../../libopencm3//lib/libopencm3_stm32f4.a(vector.o)
can1_rx1_isr                                      ../../../libopencm3//lib/libopencm3_stm32f4.a(vector.o)
can1_sce_isr                                      ../../../libopencm3//lib/libopencm3_stm32f4.a(vector.o)
can1_tx_isr                                       ../../../libopencm3//lib/libopencm3_stm32f4.a(vector.o)
can2_rx0_isr                                      ../../../libopencm3//lib/libopencm3_stm32f4.a(vector.o)
can2_rx1_isr                                      ../../../libopencm3//lib/libopencm3_stm32f4.a(vector.o)
can2_sce_isr                                      ../../../libopencm3//lib/libopencm3_stm32f4.a(vector.o)
can2_tx_isr                                       ../../../libopencm3//lib/libopencm3_stm32f4.a(vector.o)
cryp_isr                                          ../../../libopencm3//lib/libopencm3_stm32f4.a(vector.o)
dcmi_isr                                          ../../../libopencm3//lib/libopencm3_stm32f4.a(vector.o)
debug_monitor_handler                             ../../../libopencm3//lib/libopencm3_stm32f4.a(vector.o)
dma1_stream0_isr                                  ../../../libopencm3//lib/libopencm3_stm32f4.a(vector.o)
dma1_stream1_isr                                  ../../../libopencm3//lib/libopencm3_stm32f4.a(vector.o)
dma1_stream2_isr                                  ../../../libopencm3//lib/libopencm3_stm32f4.a(vector.o)
dma1_stream3_isr                                  ../../../libopencm3//lib/libopencm3_stm32f4.a(vector.o)
dma1_stream4_isr                                  ../../../libopencm3//lib/libopencm3_stm32f4.a(vector.o)
dma1_stream5_isr                                  ../../../libopencm3//lib/libopencm3_stm32f4.a(vector.o)
dma1_stream6_isr                                  ../../../libopencm3//lib/libopencm3_stm32f4.a(vector.o)
dma1_stream7_isr                                  ../../../libopencm3//lib/libopencm3_stm32f4.a(vector.o)
dma2_stream0_isr                                  ../../../libopencm3//lib/libopencm3_stm32f4.a(vector.o)
dma2_stream1_isr                                  ../../../libopencm3//lib/libopencm3_stm32f4.a(vector.o)
dma2_stream2_isr                                  ../../../libopencm3//lib/libopencm3_stm32f4.a(vector.o)
dma2_stream3_isr                                  ../../../libopencm3//lib/libopencm3_stm32f4.a(vector.o)
dma2_stream4_isr                                  ../../../libopencm3//lib/libopencm3_stm32f4.a(vector.o)
dma2_stream5_isr                                  ../../../libopencm3//lib/libopencm3_stm32f4.a(vector.o)
dma2_stream6_isr                                  ../../../libopencm3//lib/libopencm3_stm32f4.a(vector.o)
dma2_stream7_isr                                  ../../../libopencm3//lib/libopencm3_stm32f4.a(vector.o)
dma2d_isr                                         ../../../libopencm3//lib/libopencm3_stm32f4.a(vector.o)
eth_isr                                           ../../../libopencm3//lib/libopencm3_stm32f4.a(vector.o)
eth_wkup_isr                                      ../../../libopencm3//lib/libopencm3_stm32f4.a(vector.o)
exti0_isr                                         ../../../libopencm3//lib/libopencm3_stm32f4.a(vector.o)
exti15_10_isr                                     ../../../libopencm3//lib/libopencm3_stm32f4.a(vector.o)
exti1_isr                                         ../../../libopencm3//lib/libopencm3_stm32f4.a(vector.o)
exti2_isr                                         ../../../libopencm3//lib/libopencm3_stm32f4.a(vector.o)
exti3_isr                                         ../../../libopencm3//lib/libopencm3_stm32f4.a(vector.o)
exti4_isr                                         ../../../libopencm3//lib/libopencm3_stm32f4.a(vector.o)
exti9_5_isr                                       ../../../libopencm3//lib/libopencm3_stm32f4.a(vector.o)
flash_dcache_disable                              ../../../libopencm3//lib/libopencm3_stm32f4.a(flash_common_idcache.o)
                                                  ../../../libopencm3//lib/libopencm3_stm32f4.a(rcc.o)
flash_dcache_enable                               ../../../libopencm3//lib/libopencm3_stm32f4.a(flash_common_idcache.o)
                                                  ../../../libopencm3//lib/libopencm3_stm32f4.a(rcc.o)
flash_dcache_reset                                ../../../libopencm3//lib/libopencm3_stm32f4.a(flash_common_idcache.o)
flash_icache_disable                              ../../../libopencm3//lib/libopencm3_stm32f4.a(flash_common_idcache.o)
                                                  ../../../libopencm3//lib/libopencm3_stm32f4.a(rcc.o)
flash_icache_enable                               ../../../libopencm3//lib/libopencm3_stm32f4.a(flash_common_idcache.o)
                                                  ../../../libopencm3//lib/libopencm3_stm32f4.a(rcc.o)
flash_icache_reset                                ../../../libopencm3//lib/libopencm3_stm32f4.a(flash_common_idcache.o)
flash_isr                                         ../../../libopencm3//lib/libopencm3_stm32f4.a(vector.o)
flash_prefetch_disable                            ../../../libopencm3//lib/libopencm3_stm32f4.a(flash_common_all.o)
flash_prefetch_enable                             ../../../libopencm3//lib/libopencm3_stm32f4.a(flash_common_all.o)
flash_set_ws                                      ../../../libopencm3//lib/libopencm3_stm32f4.a(flash_common_all.o)
                                                  ../../../libopencm3//lib/libopencm3_stm32f4.a(rcc.o)
flash_unlock_option_bytes                         ../../../libopencm3//lib/libopencm3_stm32f4.a(flash_common_all.o)
fpu_isr                                           ../../../libopencm3//lib/libopencm3_stm32f4.a(vector.o)
fsmc_isr                                          ../../../libopencm3//lib/libopencm3_stm32f4.a(vector.o)
gpio_clear                                        ../../../libopencm3//lib/libopencm3_stm32f4.a(gpio_common_all.o)
gpio_get                                          ../../../libopencm3//lib/libopencm3_stm32f4.a(gpio_common_all.o)
gpio_mode_setup                                   ../../../libopencm3//lib/libopencm3_stm32f4.a(gpio_common_f0234.o)
                                                  test.o
gpio_port_config_lock                             ../../../libopencm3//lib/libopencm3_stm32f4.a(gpio_common_all.o)
gpio_port_read                                    ../../../libopencm3//lib/libopencm3_stm32f4.a(gpio_common_all.o)
gpio_port_write                                   ../../../libopencm3//lib/libopencm3_stm32f4.a(gpio_common_all.o)
gpio_set                                          ../../../libopencm3//lib/libopencm3_stm32f4.a(gpio_common_all.o)
gpio_set_af                                       ../../../libopencm3//lib/libopencm3_stm32f4.a(gpio_common_f0234.o)
gpio_set_output_options                           ../../../libopencm3//lib/libopencm3_stm32f4.a(gpio_common_f0234.o)
                                                  test.o
gpio_toggle                                       ../../../libopencm3//lib/libopencm3_stm32f4.a(gpio_common_all.o)
                                                  test.o
hard_fault_handler                                ../../../libopencm3//lib/libopencm3_stm32f4.a(vector.o)
hash_rng_isr                                      ../../../libopencm3//lib/libopencm3_stm32f4.a(vector.o)
i2c1_er_isr                                       ../../../libopencm3//lib/libopencm3_stm32f4.a(vector.o)
i2c1_ev_isr                                       ../../../libopencm3//lib/libopencm3_stm32f4.a(vector.o)
i2c2_er_isr                                       ../../../libopencm3//lib/libopencm3_stm32f4.a(vector.o)
i2c2_ev_isr                                       ../../../libopencm3//lib/libopencm3_stm32f4.a(vector.o)
i2c3_er_isr                                       ../../../libopencm3//lib/libopencm3_stm32f4.a(vector.o)
i2c3_ev_isr                                       ../../../libopencm3//lib/libopencm3_stm32f4.a(vector.o)
lcd_tft_err_isr                                   ../../../libopencm3//lib/libopencm3_stm32f4.a(vector.o)
lcd_tft_isr                                       ../../../libopencm3//lib/libopencm3_stm32f4.a(vector.o)
main                                              test.o
                                                  ../../../libopencm3//lib/libopencm3_stm32f4.a(vector.o)
mem_manage_handler                                ../../../libopencm3//lib/libopencm3_stm32f4.a(vector.o)
nmi_handler                                       ../../../libopencm3//lib/libopencm3_stm32f4.a(vector.o)
null_handler                                      ../../../libopencm3//lib/libopencm3_stm32f4.a(vector.o)
nvic_wwdg_isr                                     ../../../libopencm3//lib/libopencm3_stm32f4.a(vector.o)
otg_fs_isr                                        ../../../libopencm3//lib/libopencm3_stm32f4.a(vector.o)
otg_hs_ep1_in_isr                                 ../../../libopencm3//lib/libopencm3_stm32f4.a(vector.o)
otg_hs_ep1_out_isr                                ../../../libopencm3//lib/libopencm3_stm32f4.a(vector.o)
otg_hs_isr                                        ../../../libopencm3//lib/libopencm3_stm32f4.a(vector.o)
otg_hs_wkup_isr                                   ../../../libopencm3//lib/libopencm3_stm32f4.a(vector.o)
pend_sv_handler                                   ../../../libopencm3//lib/libopencm3_stm32f4.a(vector.o)
pvd_isr                                           ../../../libopencm3//lib/libopencm3_stm32f4.a(vector.o)
pwr_set_vos_scale                                 ../../../libopencm3//lib/libopencm3_stm32f4.a(pwr.o)
                                                  ../../../libopencm3//lib/libopencm3_stm32f4.a(rcc.o)
rcc_ahb_frequency                                 ../../../libopencm3//lib/libopencm3_stm32f4.a(rcc.o)
rcc_apb1_frequency                                ../../../libopencm3//lib/libopencm3_stm32f4.a(rcc.o)
rcc_apb2_frequency                                ../../../libopencm3//lib/libopencm3_stm32f4.a(rcc.o)
rcc_clock_setup_hse_3v3                           ../../../libopencm3//lib/libopencm3_stm32f4.a(rcc.o)
rcc_clock_setup_pll                               ../../../libopencm3//lib/libopencm3_stm32f4.a(rcc.o)
                                                  test.o
rcc_css_disable                                   ../../../libopencm3//lib/libopencm3_stm32f4.a(rcc.o)
rcc_css_enable                                    ../../../libopencm3//lib/libopencm3_stm32f4.a(rcc.o)
rcc_css_int_clear                                 ../../../libopencm3//lib/libopencm3_stm32f4.a(rcc.o)
rcc_css_int_flag                                  ../../../libopencm3//lib/libopencm3_stm32f4.a(rcc.o)
rcc_get_div_from_hpre                             ../../../libopencm3//lib/libopencm3_stm32f4.a(rcc_common_all.o)
rcc_get_i2c_clk_freq                              ../../../libopencm3//lib/libopencm3_stm32f4.a(rcc.o)
rcc_get_spi_clk_freq                              ../../../libopencm3//lib/libopencm3_stm32f4.a(rcc.o)
rcc_get_timer_clk_freq                            ../../../libopencm3//lib/libopencm3_stm32f4.a(rcc.o)
rcc_get_usart_clk_freq                            ../../../libopencm3//lib/libopencm3_stm32f4.a(rcc.o)
                                                  ../../../libopencm3//lib/libopencm3_stm32f4.a(usart_common_all.o)
rcc_hse_12mhz_3v3                                 ../../../libopencm3//lib/libopencm3_stm32f4.a(rcc.o)
rcc_hse_16mhz_3v3                                 ../../../libopencm3//lib/libopencm3_stm32f4.a(rcc.o)
rcc_hse_25mhz_3v3                                 ../../../libopencm3//lib/libopencm3_stm32f4.a(rcc.o)
rcc_hse_8mhz_3v3                                  ../../../libopencm3//lib/libopencm3_stm32f4.a(rcc.o)
rcc_hsi_configs                                   ../../../libopencm3//lib/libopencm3_stm32f4.a(rcc.o)
                                                  test.o
rcc_is_osc_ready                                  ../../../libopencm3//lib/libopencm3_stm32f4.a(rcc.o)
rcc_isr                                           ../../../libopencm3//lib/libopencm3_stm32f4.a(vector.o)
rcc_osc_bypass_disable                            ../../../libopencm3//lib/libopencm3_stm32f4.a(rcc_common_all.o)
rcc_osc_bypass_enable                             ../../../libopencm3//lib/libopencm3_stm32f4.a(rcc_common_all.o)
rcc_osc_off                                       ../../../libopencm3//lib/libopencm3_stm32f4.a(rcc.o)
rcc_osc_on                                        ../../../libopencm3//lib/libopencm3_stm32f4.a(rcc.o)
rcc_osc_ready_int_clear                           ../../../libopencm3//lib/libopencm3_stm32f4.a(rcc.o)
rcc_osc_ready_int_disable                         ../../../libopencm3//lib/libopencm3_stm32f4.a(rcc.o)
rcc_osc_ready_int_enable                          ../../../libopencm3//lib/libopencm3_stm32f4.a(rcc.o)
rcc_osc_ready_int_flag                            ../../../libopencm3//lib/libopencm3_stm32f4.a(rcc.o)
rcc_periph_clock_disable                          ../../../libopencm3//lib/libopencm3_stm32f4.a(rcc_common_all.o)
rcc_periph_clock_enable                           ../../../libopencm3//lib/libopencm3_stm32f4.a(rcc_common_all.o)
                                                  ../../../libopencm3//lib/libopencm3_stm32f4.a(rcc.o)
                                                  test.o
rcc_periph_reset_hold                             ../../../libopencm3//lib/libopencm3_stm32f4.a(rcc_common_all.o)
rcc_periph_reset_pulse                            ../../../libopencm3//lib/libopencm3_stm32f4.a(rcc_common_all.o)
rcc_periph_reset_release                          ../../../libopencm3//lib/libopencm3_stm32f4.a(rcc_common_all.o)
rcc_peripheral_clear_reset                        ../../../libopencm3//lib/libopencm3_stm32f4.a(rcc_common_all.o)
rcc_peripheral_disable_clock                      ../../../libopencm3//lib/libopencm3_stm32f4.a(rcc_common_all.o)
rcc_peripheral_enable_clock                       ../../../libopencm3//lib/libopencm3_stm32f4.a(rcc_common_all.o)
rcc_peripheral_reset                              ../../../libopencm3//lib/libopencm3_stm32f4.a(rcc_common_all.o)
rcc_plli2s_config                                 ../../../libopencm3//lib/libopencm3_stm32f4.a(rcc.o)
rcc_pllsai_config                                 ../../../libopencm3//lib/libopencm3_stm32f4.a(rcc.o)
rcc_pllsai_postscalers                            ../../../libopencm3//lib/libopencm3_stm32f4.a(rcc.o)
rcc_set_hpre                                      ../../../libopencm3//lib/libopencm3_stm32f4.a(rcc.o)
rcc_set_main_pll_hse                              ../../../libopencm3//lib/libopencm3_stm32f4.a(rcc.o)
rcc_set_main_pll_hsi                              ../../../libopencm3//lib/libopencm3_stm32f4.a(rcc.o)
rcc_set_mco                                       ../../../libopencm3//lib/libopencm3_stm32f4.a(rcc_common_all.o)
rcc_set_pll_source                                ../../../libopencm3//lib/libopencm3_stm32f4.a(rcc.o)
rcc_set_ppre1                                     ../../../libopencm3//lib/libopencm3_stm32f4.a(rcc.o)
rcc_set_ppre2                                     ../../../libopencm3//lib/libopencm3_stm32f4.a(rcc.o)
rcc_set_rtcpre                                    ../../../libopencm3//lib/libopencm3_stm32f4.a(rcc.o)
rcc_set_sysclk_source                             ../../../libopencm3//lib/libopencm3_stm32f4.a(rcc.o)
rcc_system_clock_source                           ../../../libopencm3//lib/libopencm3_stm32f4.a(rcc.o)
rcc_wait_for_osc_ready                            ../../../libopencm3//lib/libopencm3_stm32f4.a(rcc.o)
rcc_wait_for_sysclk_status                        ../../../libopencm3//lib/libopencm3_stm32f4.a(rcc.o)
reset_handler                                     ../../../libopencm3//lib/libopencm3_stm32f4.a(vector.o)
rtc_alarm_isr                                     ../../../libopencm3//lib/libopencm3_stm32f4.a(vector.o)
rtc_wkup_isr                                      ../../../libopencm3//lib/libopencm3_stm32f4.a(vector.o)
sai1_isr                                          ../../../libopencm3//lib/libopencm3_stm32f4.a(vector.o)
sdio_isr                                          ../../../libopencm3//lib/libopencm3_stm32f4.a(vector.o)
spi1_isr                                          ../../../libopencm3//lib/libopencm3_stm32f4.a(vector.o)
spi2_isr                                          ../../../libopencm3//lib/libopencm3_stm32f4.a(vector.o)
spi3_isr                                          ../../../libopencm3//lib/libopencm3_stm32f4.a(vector.o)
spi4_isr                                          ../../../libopencm3//lib/libopencm3_stm32f4.a(vector.o)
spi5_isr                                          ../../../libopencm3//lib/libopencm3_stm32f4.a(vector.o)
spi6_isr                                          ../../../libopencm3//lib/libopencm3_stm32f4.a(vector.o)
sv_call_handler                                   ../../../libopencm3//lib/libopencm3_stm32f4.a(vector.o)
sys_tick_handler                                  ../../../libopencm3//lib/libopencm3_stm32f4.a(vector.o)
tamp_stamp_isr                                    ../../../libopencm3//lib/libopencm3_stm32f4.a(vector.o)
tim1_brk_tim9_isr                                 ../../../libopencm3//lib/libopencm3_stm32f4.a(vector.o)
tim1_cc_isr                                       ../../../libopencm3//lib/libopencm3_stm32f4.a(vector.o)
tim1_trg_com_tim11_isr                            ../../../libopencm3//lib/libopencm3_stm32f4.a(vector.o)
tim1_up_tim10_isr                                 ../../../libopencm3//lib/libopencm3_stm32f4.a(vector.o)
tim2_isr                                          ../../../libopencm3//lib/libopencm3_stm32f4.a(vector.o)
tim3_isr                                          ../../../libopencm3//lib/libopencm3_stm32f4.a(vector.o)
tim4_isr                                          ../../../libopencm3//lib/libopencm3_stm32f4.a(vector.o)
tim5_isr                                          ../../../libopencm3//lib/libopencm3_stm32f4.a(vector.o)
tim6_dac_isr                                      ../../../libopencm3//lib/libopencm3_stm32f4.a(vector.o)
tim7_isr                                          ../../../libopencm3//lib/libopencm3_stm32f4.a(vector.o)
tim8_brk_tim12_isr                                ../../../libopencm3//lib/libopencm3_stm32f4.a(vector.o)
tim8_cc_isr                                       ../../../libopencm3//lib/libopencm3_stm32f4.a(vector.o)
tim8_trg_com_tim14_isr                            ../../../libopencm3//lib/libopencm3_stm32f4.a(vector.o)
tim8_up_tim13_isr                                 ../../../libopencm3//lib/libopencm3_stm32f4.a(vector.o)
uart4_isr                                         ../../../libopencm3//lib/libopencm3_stm32f4.a(vector.o)
uart5_isr                                         ../../../libopencm3//lib/libopencm3_stm32f4.a(vector.o)
uart7_isr                                         ../../../libopencm3//lib/libopencm3_stm32f4.a(vector.o)
uart8_isr                                         ../../../libopencm3//lib/libopencm3_stm32f4.a(vector.o)
usage_fault_handler                               ../../../libopencm3//lib/libopencm3_stm32f4.a(vector.o)
usart1_isr                                        ../../../libopencm3//lib/libopencm3_stm32f4.a(vector.o)
usart2_isr                                        ../../../libopencm3//lib/libopencm3_stm32f4.a(vector.o)
usart3_isr                                        ../../../libopencm3//lib/libopencm3_stm32f4.a(vector.o)
usart6_isr                                        ../../../libopencm3//lib/libopencm3_stm32f4.a(vector.o)
usart_disable                                     ../../../libopencm3//lib/libopencm3_stm32f4.a(usart_common_all.o)
usart_disable_error_interrupt                     ../../../libopencm3//lib/libopencm3_stm32f4.a(usart_common_all.o)
usart_disable_idle_interrupt                      ../../../libopencm3//lib/libopencm3_stm32f4.a(usart_common_all.o)
usart_disable_rx_dma                              ../../../libopencm3//lib/libopencm3_stm32f4.a(usart_common_all.o)
usart_disable_rx_interrupt                        ../../../libopencm3//lib/libopencm3_stm32f4.a(usart_common_all.o)
usart_disable_tx_complete_interrupt               ../../../libopencm3//lib/libopencm3_stm32f4.a(usart_common_all.o)
usart_disable_tx_dma                              ../../../libopencm3//lib/libopencm3_stm32f4.a(usart_common_all.o)
usart_disable_tx_interrupt                        ../../../libopencm3//lib/libopencm3_stm32f4.a(usart_common_all.o)
usart_enable                                      ../../../libopencm3//lib/libopencm3_stm32f4.a(usart_common_all.o)
                                                  test.o
usart_enable_error_interrupt                      ../../../libopencm3//lib/libopencm3_stm32f4.a(usart_common_all.o)
usart_enable_idle_interrupt                       ../../../libopencm3//lib/libopencm3_stm32f4.a(usart_common_all.o)
usart_enable_rx_dma                               ../../../libopencm3//lib/libopencm3_stm32f4.a(usart_common_all.o)
usart_enable_rx_interrupt                         ../../../libopencm3//lib/libopencm3_stm32f4.a(usart_common_all.o)
usart_enable_tx_complete_interrupt                ../../../libopencm3//lib/libopencm3_stm32f4.a(usart_common_all.o)
usart_enable_tx_dma                               ../../../libopencm3//lib/libopencm3_stm32f4.a(usart_common_all.o)
usart_enable_tx_interrupt                         ../../../libopencm3//lib/libopencm3_stm32f4.a(usart_common_all.o)
usart_get_databits                                ../../../libopencm3//lib/libopencm3_stm32f4.a(usart_common_all.o)
usart_get_flag                                    ../../../libopencm3//lib/libopencm3_stm32f4.a(usart_common_f124.o)
usart_get_parity                                  ../../../libopencm3//lib/libopencm3_stm32f4.a(usart_common_all.o)
usart_get_stopbits                                ../../../libopencm3//lib/libopencm3_stm32f4.a(usart_common_all.o)
usart_recv                                        ../../../libopencm3//lib/libopencm3_stm32f4.a(usart_common_f124.o)
                                                  ../../../libopencm3//lib/libopencm3_stm32f4.a(usart_common_all.o)
usart_recv_blocking                               ../../../libopencm3//lib/libopencm3_stm32f4.a(usart_common_all.o)
usart_send                                        ../../../libopencm3//lib/libopencm3_stm32f4.a(usart_common_f124.o)
                                                  ../../../libopencm3//lib/libopencm3_stm32f4.a(usart_common_all.o)
                                                  test.o
usart_send_blocking                               ../../../libopencm3//lib/libopencm3_stm32f4.a(usart_common_all.o)
usart_set_baudrate                                ../../../libopencm3//lib/libopencm3_stm32f4.a(usart_common_all.o)
                                                  test.o
usart_set_databits                                ../../../libopencm3//lib/libopencm3_stm32f4.a(usart_common_all.o)
                                                  test.o
usart_set_flow_control                            ../../../libopencm3//lib/libopencm3_stm32f4.a(usart_common_all.o)
                                                  test.o
usart_set_mode                                    ../../../libopencm3//lib/libopencm3_stm32f4.a(usart_common_all.o)
                                                  test.o
usart_set_parity                                  ../../../libopencm3//lib/libopencm3_stm32f4.a(usart_common_all.o)
                                                  test.o
usart_set_stopbits                                ../../../libopencm3//lib/libopencm3_stm32f4.a(usart_common_all.o)
                                                  test.o
usart_wait_recv_ready                             ../../../libopencm3//lib/libopencm3_stm32f4.a(usart_common_f124.o)
                                                  ../../../libopencm3//lib/libopencm3_stm32f4.a(usart_common_all.o)
usart_wait_send_ready                             ../../../libopencm3//lib/libopencm3_stm32f4.a(usart_common_f124.o)
                                                  ../../../libopencm3//lib/libopencm3_stm32f4.a(usart_common_all.o)
usb_fs_wkup_isr                                   ../../../libopencm3//lib/libopencm3_stm32f4.a(vector.o)
vector_table                                      ../../../libopencm3//lib/libopencm3_stm32f4.a(vector.o)
