Archive member included to satisfy reference by file (symbol)

../../../libopencm3//lib/libopencm3_stm32f4.a(gpio_common_all.o)
                              ex2_spi.o (gpio_set)
../../../libopencm3//lib/libopencm3_stm32f4.a(gpio_common_f0234.o)
                              ex2_spi.o (gpio_mode_setup)
../../../libopencm3//lib/libopencm3_stm32f4.a(rcc_common_all.o)
                              ex2_spi.o (rcc_periph_clock_enable)
../../../libopencm3//lib/libopencm3_stm32f4.a(rcc.o)
                              ex2_spi.o (rcc_clock_setup_pll)
../../../libopencm3//lib/libopencm3_stm32f4.a(spi_common_all.o)
                              ex2_spi.o (spi_enable)
../../../libopencm3//lib/libopencm3_stm32f4.a(spi_common_v1.o)
                              ex2_spi.o (spi_init_master)
../../../libopencm3//lib/libopencm3_stm32f4.a(vector.o)
                              (reset_handler)
../../../libopencm3//lib/libopencm3_stm32f4.a(flash_common_all.o)
                              ../../../libopencm3//lib/libopencm3_stm32f4.a(rcc.o) (flash_set_ws)
../../../libopencm3//lib/libopencm3_stm32f4.a(flash_common_idcache.o)
                              ../../../libopencm3//lib/libopencm3_stm32f4.a(rcc.o) (flash_dcache_enable)
../../../libopencm3//lib/libopencm3_stm32f4.a(pwr.o)
                              ../../../libopencm3//lib/libopencm3_stm32f4.a(rcc.o) (pwr_set_vos_scale)

Discarded input sections

 .group         0x00000000        0xc ex2_spi.o
 .group         0x00000000        0xc ex2_spi.o
 .group         0x00000000        0xc ex2_spi.o
 .group         0x00000000        0xc ex2_spi.o
 .group         0x00000000        0xc ex2_spi.o
 .group         0x00000000        0xc ex2_spi.o
 .group         0x00000000        0xc ex2_spi.o
 .group         0x00000000        0xc ex2_spi.o
 .group         0x00000000        0xc ex2_spi.o
 .group         0x00000000        0xc ex2_spi.o
 .group         0x00000000        0xc ex2_spi.o
 .group         0x00000000        0xc ex2_spi.o
 .group         0x00000000        0xc ex2_spi.o
 .group         0x00000000        0xc ex2_spi.o
 .group         0x00000000        0xc ex2_spi.o
 .group         0x00000000        0xc ex2_spi.o
 .text          0x00000000        0x0 ex2_spi.o
 .data          0x00000000        0x0 ex2_spi.o
 .bss           0x00000000        0x0 ex2_spi.o
 .group         0x00000000        0xc ../../../libopencm3//lib/libopencm3_stm32f4.a(gpio_common_all.o)
 .group         0x00000000        0xc ../../../libopencm3//lib/libopencm3_stm32f4.a(gpio_common_all.o)
 .group         0x00000000        0xc ../../../libopencm3//lib/libopencm3_stm32f4.a(gpio_common_all.o)
 .group         0x00000000        0xc ../../../libopencm3//lib/libopencm3_stm32f4.a(gpio_common_all.o)
 .group         0x00000000        0xc ../../../libopencm3//lib/libopencm3_stm32f4.a(gpio_common_all.o)
 .group         0x00000000        0xc ../../../libopencm3//lib/libopencm3_stm32f4.a(gpio_common_all.o)
 .group         0x00000000        0xc ../../../libopencm3//lib/libopencm3_stm32f4.a(gpio_common_all.o)
 .group         0x00000000        0xc ../../../libopencm3//lib/libopencm3_stm32f4.a(gpio_common_all.o)
 .group         0x00000000        0xc ../../../libopencm3//lib/libopencm3_stm32f4.a(gpio_common_all.o)
 .group         0x00000000        0xc ../../../libopencm3//lib/libopencm3_stm32f4.a(gpio_common_all.o)
 .text          0x00000000        0x0 ../../../libopencm3//lib/libopencm3_stm32f4.a(gpio_common_all.o)
 .data          0x00000000        0x0 ../../../libopencm3//lib/libopencm3_stm32f4.a(gpio_common_all.o)
 .bss           0x00000000        0x0 ../../../libopencm3//lib/libopencm3_stm32f4.a(gpio_common_all.o)
 .text.gpio_get
                0x00000000        0x6 ../../../libopencm3//lib/libopencm3_stm32f4.a(gpio_common_all.o)
 .text.gpio_toggle
                0x00000000       0x12 ../../../libopencm3//lib/libopencm3_stm32f4.a(gpio_common_all.o)
 .text.gpio_port_read
                0x00000000        0x6 ../../../libopencm3//lib/libopencm3_stm32f4.a(gpio_common_all.o)
 .text.gpio_port_write
                0x00000000        0x4 ../../../libopencm3//lib/libopencm3_stm32f4.a(gpio_common_all.o)
 .text.gpio_port_config_lock
                0x00000000       0x10 ../../../libopencm3//lib/libopencm3_stm32f4.a(gpio_common_all.o)
 .debug_macro   0x00000000      0xacc ../../../libopencm3//lib/libopencm3_stm32f4.a(gpio_common_all.o)
 .debug_macro   0x00000000       0x1c ../../../libopencm3//lib/libopencm3_stm32f4.a(gpio_common_all.o)
 .debug_macro   0x00000000      0x34e ../../../libopencm3//lib/libopencm3_stm32f4.a(gpio_common_all.o)
 .debug_macro   0x00000000       0x22 ../../../libopencm3//lib/libopencm3_stm32f4.a(gpio_common_all.o)
 .debug_macro   0x00000000       0xe8 ../../../libopencm3//lib/libopencm3_stm32f4.a(gpio_common_all.o)
 .debug_macro   0x00000000       0x76 ../../../libopencm3//lib/libopencm3_stm32f4.a(gpio_common_all.o)
 .debug_macro   0x00000000      0x280 ../../../libopencm3//lib/libopencm3_stm32f4.a(gpio_common_all.o)
 .debug_macro   0x00000000       0x76 ../../../libopencm3//lib/libopencm3_stm32f4.a(gpio_common_all.o)
 .debug_macro   0x00000000      0x37e ../../../libopencm3//lib/libopencm3_stm32f4.a(gpio_common_all.o)
 .debug_macro   0x00000000       0xca ../../../libopencm3//lib/libopencm3_stm32f4.a(gpio_common_all.o)
 .group         0x00000000        0xc ../../../libopencm3//lib/libopencm3_stm32f4.a(gpio_common_f0234.o)
 .group         0x00000000        0xc ../../../libopencm3//lib/libopencm3_stm32f4.a(gpio_common_f0234.o)
 .group         0x00000000        0xc ../../../libopencm3//lib/libopencm3_stm32f4.a(gpio_common_f0234.o)
 .group         0x00000000        0xc ../../../libopencm3//lib/libopencm3_stm32f4.a(gpio_common_f0234.o)
 .group         0x00000000        0xc ../../../libopencm3//lib/libopencm3_stm32f4.a(gpio_common_f0234.o)
 .group         0x00000000        0xc ../../../libopencm3//lib/libopencm3_stm32f4.a(gpio_common_f0234.o)
 .group         0x00000000        0xc ../../../libopencm3//lib/libopencm3_stm32f4.a(gpio_common_f0234.o)
 .group         0x00000000        0xc ../../../libopencm3//lib/libopencm3_stm32f4.a(gpio_common_f0234.o)
 .group         0x00000000        0xc ../../../libopencm3//lib/libopencm3_stm32f4.a(gpio_common_f0234.o)
 .group         0x00000000        0xc ../../../libopencm3//lib/libopencm3_stm32f4.a(gpio_common_f0234.o)
 .text          0x00000000        0x0 ../../../libopencm3//lib/libopencm3_stm32f4.a(gpio_common_f0234.o)
 .data          0x00000000        0x0 ../../../libopencm3//lib/libopencm3_stm32f4.a(gpio_common_f0234.o)
 .bss           0x00000000        0x0 ../../../libopencm3//lib/libopencm3_stm32f4.a(gpio_common_f0234.o)
 .debug_macro   0x00000000      0xacc ../../../libopencm3//lib/libopencm3_stm32f4.a(gpio_common_f0234.o)
 .debug_macro   0x00000000       0x1c ../../../libopencm3//lib/libopencm3_stm32f4.a(gpio_common_f0234.o)
 .debug_macro   0x00000000      0x34e ../../../libopencm3//lib/libopencm3_stm32f4.a(gpio_common_f0234.o)
 .debug_macro   0x00000000       0x22 ../../../libopencm3//lib/libopencm3_stm32f4.a(gpio_common_f0234.o)
 .debug_macro   0x00000000       0xe8 ../../../libopencm3//lib/libopencm3_stm32f4.a(gpio_common_f0234.o)
 .debug_macro   0x00000000       0x76 ../../../libopencm3//lib/libopencm3_stm32f4.a(gpio_common_f0234.o)
 .debug_macro   0x00000000      0x280 ../../../libopencm3//lib/libopencm3_stm32f4.a(gpio_common_f0234.o)
 .debug_macro   0x00000000       0x76 ../../../libopencm3//lib/libopencm3_stm32f4.a(gpio_common_f0234.o)
 .debug_macro   0x00000000      0x37e ../../../libopencm3//lib/libopencm3_stm32f4.a(gpio_common_f0234.o)
 .debug_macro   0x00000000       0xca ../../../libopencm3//lib/libopencm3_stm32f4.a(gpio_common_f0234.o)
 .group         0x00000000        0xc ../../../libopencm3//lib/libopencm3_stm32f4.a(rcc_common_all.o)
 .group         0x00000000        0xc ../../../libopencm3//lib/libopencm3_stm32f4.a(rcc_common_all.o)
 .group         0x00000000        0xc ../../../libopencm3//lib/libopencm3_stm32f4.a(rcc_common_all.o)
 .group         0x00000000        0xc ../../../libopencm3//lib/libopencm3_stm32f4.a(rcc_common_all.o)
 .group         0x00000000        0xc ../../../libopencm3//lib/libopencm3_stm32f4.a(rcc_common_all.o)
 .group         0x00000000        0xc ../../../libopencm3//lib/libopencm3_stm32f4.a(rcc_common_all.o)
 .group         0x00000000        0xc ../../../libopencm3//lib/libopencm3_stm32f4.a(rcc_common_all.o)
 .group         0x00000000        0xc ../../../libopencm3//lib/libopencm3_stm32f4.a(rcc_common_all.o)
 .group         0x00000000        0xc ../../../libopencm3//lib/libopencm3_stm32f4.a(rcc_common_all.o)
 .group         0x00000000        0xc ../../../libopencm3//lib/libopencm3_stm32f4.a(rcc_common_all.o)
 .text          0x00000000        0x0 ../../../libopencm3//lib/libopencm3_stm32f4.a(rcc_common_all.o)
 .data          0x00000000        0x0 ../../../libopencm3//lib/libopencm3_stm32f4.a(rcc_common_all.o)
 .bss           0x00000000        0x0 ../../../libopencm3//lib/libopencm3_stm32f4.a(rcc_common_all.o)
 .text.rcc_peripheral_enable_clock
                0x00000000        0x8 ../../../libopencm3//lib/libopencm3_stm32f4.a(rcc_common_all.o)
 .text.rcc_peripheral_disable_clock
                0x00000000        0xa ../../../libopencm3//lib/libopencm3_stm32f4.a(rcc_common_all.o)
 .text.rcc_peripheral_reset
                0x00000000        0x8 ../../../libopencm3//lib/libopencm3_stm32f4.a(rcc_common_all.o)
 .text.rcc_peripheral_clear_reset
                0x00000000        0xa ../../../libopencm3//lib/libopencm3_stm32f4.a(rcc_common_all.o)
 .text.rcc_periph_clock_disable
                0x00000000       0x1c ../../../libopencm3//lib/libopencm3_stm32f4.a(rcc_common_all.o)
 .text.rcc_periph_reset_pulse
                0x00000000       0x22 ../../../libopencm3//lib/libopencm3_stm32f4.a(rcc_common_all.o)
 .text.rcc_periph_reset_hold
                0x00000000        0x4 ../../../libopencm3//lib/libopencm3_stm32f4.a(rcc_common_all.o)
 .text.rcc_periph_reset_release
                0x00000000        0x4 ../../../libopencm3//lib/libopencm3_stm32f4.a(rcc_common_all.o)
 .text.rcc_set_mco
                0x00000000       0x18 ../../../libopencm3//lib/libopencm3_stm32f4.a(rcc_common_all.o)
 .text.rcc_osc_bypass_enable
                0x00000000       0x30 ../../../libopencm3//lib/libopencm3_stm32f4.a(rcc_common_all.o)
 .text.rcc_osc_bypass_disable
                0x00000000       0x30 ../../../libopencm3//lib/libopencm3_stm32f4.a(rcc_common_all.o)
 .text.rcc_get_div_from_hpre
                0x00000000       0x18 ../../../libopencm3//lib/libopencm3_stm32f4.a(rcc_common_all.o)
 .debug_macro   0x00000000      0xacc ../../../libopencm3//lib/libopencm3_stm32f4.a(rcc_common_all.o)
 .debug_macro   0x00000000       0x1c ../../../libopencm3//lib/libopencm3_stm32f4.a(rcc_common_all.o)
 .debug_macro   0x00000000      0x34e ../../../libopencm3//lib/libopencm3_stm32f4.a(rcc_common_all.o)
 .debug_macro   0x00000000       0x22 ../../../libopencm3//lib/libopencm3_stm32f4.a(rcc_common_all.o)
 .debug_macro   0x00000000       0xe8 ../../../libopencm3//lib/libopencm3_stm32f4.a(rcc_common_all.o)
 .debug_macro   0x00000000       0x76 ../../../libopencm3//lib/libopencm3_stm32f4.a(rcc_common_all.o)
 .debug_macro   0x00000000      0x280 ../../../libopencm3//lib/libopencm3_stm32f4.a(rcc_common_all.o)
 .debug_macro   0x00000000       0x8e ../../../libopencm3//lib/libopencm3_stm32f4.a(rcc_common_all.o)
 .debug_macro   0x00000000       0x46 ../../../libopencm3//lib/libopencm3_stm32f4.a(rcc_common_all.o)
 .debug_macro   0x00000000      0xcea ../../../libopencm3//lib/libopencm3_stm32f4.a(rcc_common_all.o)
 .group         0x00000000        0xc ../../../libopencm3//lib/libopencm3_stm32f4.a(rcc.o)
 .group         0x00000000        0xc ../../../libopencm3//lib/libopencm3_stm32f4.a(rcc.o)
 .group         0x00000000        0xc ../../../libopencm3//lib/libopencm3_stm32f4.a(rcc.o)
 .group         0x00000000        0xc ../../../libopencm3//lib/libopencm3_stm32f4.a(rcc.o)
 .group         0x00000000        0xc ../../../libopencm3//lib/libopencm3_stm32f4.a(rcc.o)
 .group         0x00000000        0xc ../../../libopencm3//lib/libopencm3_stm32f4.a(rcc.o)
 .group         0x00000000        0xc ../../../libopencm3//lib/libopencm3_stm32f4.a(rcc.o)
 .group         0x00000000        0xc ../../../libopencm3//lib/libopencm3_stm32f4.a(rcc.o)
 .group         0x00000000        0xc ../../../libopencm3//lib/libopencm3_stm32f4.a(rcc.o)
 .group         0x00000000        0xc ../../../libopencm3//lib/libopencm3_stm32f4.a(rcc.o)
 .group         0x00000000        0xc ../../../libopencm3//lib/libopencm3_stm32f4.a(rcc.o)
 .group         0x00000000        0xc ../../../libopencm3//lib/libopencm3_stm32f4.a(rcc.o)
 .group         0x00000000        0xc ../../../libopencm3//lib/libopencm3_stm32f4.a(rcc.o)
 .group         0x00000000        0xc ../../../libopencm3//lib/libopencm3_stm32f4.a(rcc.o)
 .text          0x00000000        0x0 ../../../libopencm3//lib/libopencm3_stm32f4.a(rcc.o)
 .data          0x00000000        0x0 ../../../libopencm3//lib/libopencm3_stm32f4.a(rcc.o)
 .bss           0x00000000        0x0 ../../../libopencm3//lib/libopencm3_stm32f4.a(rcc.o)
 .text.rcc_osc_ready_int_clear
                0x00000000       0x6c ../../../libopencm3//lib/libopencm3_stm32f4.a(rcc.o)
 .text.rcc_osc_ready_int_enable
                0x00000000       0x6c ../../../libopencm3//lib/libopencm3_stm32f4.a(rcc.o)
 .text.rcc_osc_ready_int_disable
                0x00000000       0x6c ../../../libopencm3//lib/libopencm3_stm32f4.a(rcc.o)
 .text.rcc_osc_ready_int_flag
                0x00000000       0x6c ../../../libopencm3//lib/libopencm3_stm32f4.a(rcc.o)
 .text.rcc_css_int_clear
                0x00000000       0x14 ../../../libopencm3//lib/libopencm3_stm32f4.a(rcc.o)
 .text.rcc_css_int_flag
                0x00000000       0x10 ../../../libopencm3//lib/libopencm3_stm32f4.a(rcc.o)
 .text.rcc_wait_for_sysclk_status
                0x00000000       0x40 ../../../libopencm3//lib/libopencm3_stm32f4.a(rcc.o)
 .text.rcc_css_enable
                0x00000000       0x14 ../../../libopencm3//lib/libopencm3_stm32f4.a(rcc.o)
 .text.rcc_css_disable
                0x00000000       0x14 ../../../libopencm3//lib/libopencm3_stm32f4.a(rcc.o)
 .text.rcc_plli2s_config
                0x00000000       0x1c ../../../libopencm3//lib/libopencm3_stm32f4.a(rcc.o)
 .text.rcc_pllsai_config
                0x00000000       0x2c ../../../libopencm3//lib/libopencm3_stm32f4.a(rcc.o)
 .text.rcc_pllsai_postscalers
                0x00000000       0x28 ../../../libopencm3//lib/libopencm3_stm32f4.a(rcc.o)
 .text.rcc_set_pll_source
                0x00000000       0x18 ../../../libopencm3//lib/libopencm3_stm32f4.a(rcc.o)
 .text.rcc_set_rtcpre
                0x00000000       0x18 ../../../libopencm3//lib/libopencm3_stm32f4.a(rcc.o)
 .text.rcc_system_clock_source
                0x00000000       0x10 ../../../libopencm3//lib/libopencm3_stm32f4.a(rcc.o)
 .text.rcc_clock_setup_hse_3v3
                0x00000000        0x4 ../../../libopencm3//lib/libopencm3_stm32f4.a(rcc.o)
 .text.rcc_get_usart_clk_freq
                0x00000000       0x20 ../../../libopencm3//lib/libopencm3_stm32f4.a(rcc.o)
 .text.rcc_get_timer_clk_freq
                0x00000000       0x34 ../../../libopencm3//lib/libopencm3_stm32f4.a(rcc.o)
 .text.rcc_get_i2c_clk_freq
                0x00000000        0xc ../../../libopencm3//lib/libopencm3_stm32f4.a(rcc.o)
 .text.rcc_get_spi_clk_freq
                0x00000000       0x20 ../../../libopencm3//lib/libopencm3_stm32f4.a(rcc.o)
 .rodata.rcc_hse_16mhz_3v3
                0x00000000       0x70 ../../../libopencm3//lib/libopencm3_stm32f4.a(rcc.o)
 .rodata.rcc_hse_12mhz_3v3
                0x00000000       0x70 ../../../libopencm3//lib/libopencm3_stm32f4.a(rcc.o)
 .rodata.rcc_hse_8mhz_3v3
                0x00000000       0x70 ../../../libopencm3//lib/libopencm3_stm32f4.a(rcc.o)
 .rodata.rcc_hsi_configs
                0x00000000       0x70 ../../../libopencm3//lib/libopencm3_stm32f4.a(rcc.o)
 .debug_macro   0x00000000      0xacc ../../../libopencm3//lib/libopencm3_stm32f4.a(rcc.o)
 .debug_macro   0x00000000       0x1c ../../../libopencm3//lib/libopencm3_stm32f4.a(rcc.o)
 .debug_macro   0x00000000      0x34e ../../../libopencm3//lib/libopencm3_stm32f4.a(rcc.o)
 .debug_macro   0x00000000       0x22 ../../../libopencm3//lib/libopencm3_stm32f4.a(rcc.o)
 .debug_macro   0x00000000       0xe8 ../../../libopencm3//lib/libopencm3_stm32f4.a(rcc.o)
 .debug_macro   0x00000000       0x76 ../../../libopencm3//lib/libopencm3_stm32f4.a(rcc.o)
 .debug_macro   0x00000000      0x280 ../../../libopencm3//lib/libopencm3_stm32f4.a(rcc.o)
 .debug_macro   0x00000000       0x8e ../../../libopencm3//lib/libopencm3_stm32f4.a(rcc.o)
 .debug_macro   0x00000000       0x46 ../../../libopencm3//lib/libopencm3_stm32f4.a(rcc.o)
 .debug_macro   0x00000000      0xcea ../../../libopencm3//lib/libopencm3_stm32f4.a(rcc.o)
 .group         0x00000000        0xc ../../../libopencm3//lib/libopencm3_stm32f4.a(spi_common_all.o)
 .group         0x00000000        0xc ../../../libopencm3//lib/libopencm3_stm32f4.a(spi_common_all.o)
 .group         0x00000000        0xc ../../../libopencm3//lib/libopencm3_stm32f4.a(spi_common_all.o)
 .group         0x00000000        0xc ../../../libopencm3//lib/libopencm3_stm32f4.a(spi_common_all.o)
 .group         0x00000000        0xc ../../../libopencm3//lib/libopencm3_stm32f4.a(spi_common_all.o)
 .group         0x00000000        0xc ../../../libopencm3//lib/libopencm3_stm32f4.a(spi_common_all.o)
 .group         0x00000000        0xc ../../../libopencm3//lib/libopencm3_stm32f4.a(spi_common_all.o)
 .group         0x00000000        0xc ../../../libopencm3//lib/libopencm3_stm32f4.a(spi_common_all.o)
 .group         0x00000000        0xc ../../../libopencm3//lib/libopencm3_stm32f4.a(spi_common_all.o)
 .group         0x00000000        0xc ../../../libopencm3//lib/libopencm3_stm32f4.a(spi_common_all.o)
 .group         0x00000000        0xc ../../../libopencm3//lib/libopencm3_stm32f4.a(spi_common_all.o)
 .group         0x00000000        0xc ../../../libopencm3//lib/libopencm3_stm32f4.a(spi_common_all.o)
 .group         0x00000000        0xc ../../../libopencm3//lib/libopencm3_stm32f4.a(spi_common_all.o)
 .text          0x00000000        0x0 ../../../libopencm3//lib/libopencm3_stm32f4.a(spi_common_all.o)
 .data          0x00000000        0x0 ../../../libopencm3//lib/libopencm3_stm32f4.a(spi_common_all.o)
 .bss           0x00000000        0x0 ../../../libopencm3//lib/libopencm3_stm32f4.a(spi_common_all.o)
 .text.spi_clean_disable
                0x00000000       0x26 ../../../libopencm3//lib/libopencm3_stm32f4.a(spi_common_all.o)
 .text.spi_write
                0x00000000        0x4 ../../../libopencm3//lib/libopencm3_stm32f4.a(spi_common_all.o)
 .text.spi_send
                0x00000000        0xa ../../../libopencm3//lib/libopencm3_stm32f4.a(spi_common_all.o)
 .text.spi_read
                0x00000000        0xc ../../../libopencm3//lib/libopencm3_stm32f4.a(spi_common_all.o)
 .text.spi_set_bidirectional_mode
                0x00000000        0xa ../../../libopencm3//lib/libopencm3_stm32f4.a(spi_common_all.o)
 .text.spi_set_unidirectional_mode
                0x00000000        0xa ../../../libopencm3//lib/libopencm3_stm32f4.a(spi_common_all.o)
 .text.spi_set_bidirectional_receive_only_mode
                0x00000000       0x12 ../../../libopencm3//lib/libopencm3_stm32f4.a(spi_common_all.o)
 .text.spi_set_bidirectional_transmit_only_mode
                0x00000000       0x12 ../../../libopencm3//lib/libopencm3_stm32f4.a(spi_common_all.o)
 .text.spi_enable_crc
                0x00000000        0xa ../../../libopencm3//lib/libopencm3_stm32f4.a(spi_common_all.o)
 .text.spi_disable_crc
                0x00000000        0xa ../../../libopencm3//lib/libopencm3_stm32f4.a(spi_common_all.o)
 .text.spi_set_next_tx_from_buffer
                0x00000000        0xa ../../../libopencm3//lib/libopencm3_stm32f4.a(spi_common_all.o)
 .text.spi_set_next_tx_from_crc
                0x00000000        0xa ../../../libopencm3//lib/libopencm3_stm32f4.a(spi_common_all.o)
 .text.spi_set_full_duplex_mode
                0x00000000        0xa ../../../libopencm3//lib/libopencm3_stm32f4.a(spi_common_all.o)
 .text.spi_set_receive_only_mode
                0x00000000        0xa ../../../libopencm3//lib/libopencm3_stm32f4.a(spi_common_all.o)
 .text.spi_disable_software_slave_management
                0x00000000        0xa ../../../libopencm3//lib/libopencm3_stm32f4.a(spi_common_all.o)
 .text.spi_set_nss_low
                0x00000000        0xa ../../../libopencm3//lib/libopencm3_stm32f4.a(spi_common_all.o)
 .text.spi_send_lsb_first
                0x00000000        0xa ../../../libopencm3//lib/libopencm3_stm32f4.a(spi_common_all.o)
 .text.spi_send_msb_first
                0x00000000        0xa ../../../libopencm3//lib/libopencm3_stm32f4.a(spi_common_all.o)
 .text.spi_set_baudrate_prescaler
                0x00000000       0x16 ../../../libopencm3//lib/libopencm3_stm32f4.a(spi_common_all.o)
 .text.spi_set_master_mode
                0x00000000        0xa ../../../libopencm3//lib/libopencm3_stm32f4.a(spi_common_all.o)
 .text.spi_set_slave_mode
                0x00000000        0xa ../../../libopencm3//lib/libopencm3_stm32f4.a(spi_common_all.o)
 .text.spi_set_clock_polarity_1
                0x00000000        0xa ../../../libopencm3//lib/libopencm3_stm32f4.a(spi_common_all.o)
 .text.spi_set_clock_polarity_0
                0x00000000        0xa ../../../libopencm3//lib/libopencm3_stm32f4.a(spi_common_all.o)
 .text.spi_set_clock_phase_1
                0x00000000        0xa ../../../libopencm3//lib/libopencm3_stm32f4.a(spi_common_all.o)
 .text.spi_set_clock_phase_0
                0x00000000        0xa ../../../libopencm3//lib/libopencm3_stm32f4.a(spi_common_all.o)
 .text.spi_enable_tx_buffer_empty_interrupt
                0x00000000        0xa ../../../libopencm3//lib/libopencm3_stm32f4.a(spi_common_all.o)
 .text.spi_disable_tx_buffer_empty_interrupt
                0x00000000        0xa ../../../libopencm3//lib/libopencm3_stm32f4.a(spi_common_all.o)
 .text.spi_enable_rx_buffer_not_empty_interrupt
                0x00000000        0xa ../../../libopencm3//lib/libopencm3_stm32f4.a(spi_common_all.o)
 .text.spi_disable_rx_buffer_not_empty_interrupt
                0x00000000        0xa ../../../libopencm3//lib/libopencm3_stm32f4.a(spi_common_all.o)
 .text.spi_enable_error_interrupt
                0x00000000        0xa ../../../libopencm3//lib/libopencm3_stm32f4.a(spi_common_all.o)
 .text.spi_disable_error_interrupt
                0x00000000        0xa ../../../libopencm3//lib/libopencm3_stm32f4.a(spi_common_all.o)
 .text.spi_enable_ss_output
                0x00000000        0xa ../../../libopencm3//lib/libopencm3_stm32f4.a(spi_common_all.o)
 .text.spi_disable_ss_output
                0x00000000        0xa ../../../libopencm3//lib/libopencm3_stm32f4.a(spi_common_all.o)
 .text.spi_enable_tx_dma
                0x00000000        0xa ../../../libopencm3//lib/libopencm3_stm32f4.a(spi_common_all.o)
 .text.spi_disable_tx_dma
                0x00000000        0xa ../../../libopencm3//lib/libopencm3_stm32f4.a(spi_common_all.o)
 .text.spi_enable_rx_dma
                0x00000000        0xa ../../../libopencm3//lib/libopencm3_stm32f4.a(spi_common_all.o)
 .text.spi_disable_rx_dma
                0x00000000        0xa ../../../libopencm3//lib/libopencm3_stm32f4.a(spi_common_all.o)
 .text.spi_set_standard_mode
                0x00000000       0x10 ../../../libopencm3//lib/libopencm3_stm32f4.a(spi_common_all.o)
 .debug_macro   0x00000000      0xacc ../../../libopencm3//lib/libopencm3_stm32f4.a(spi_common_all.o)
 .debug_macro   0x00000000       0x1c ../../../libopencm3//lib/libopencm3_stm32f4.a(spi_common_all.o)
 .debug_macro   0x00000000      0x34e ../../../libopencm3//lib/libopencm3_stm32f4.a(spi_common_all.o)
 .debug_macro   0x00000000       0x22 ../../../libopencm3//lib/libopencm3_stm32f4.a(spi_common_all.o)
 .debug_macro   0x00000000       0xe8 ../../../libopencm3//lib/libopencm3_stm32f4.a(spi_common_all.o)
 .debug_macro   0x00000000       0x76 ../../../libopencm3//lib/libopencm3_stm32f4.a(spi_common_all.o)
 .debug_macro   0x00000000      0x280 ../../../libopencm3//lib/libopencm3_stm32f4.a(spi_common_all.o)
 .debug_macro   0x00000000      0x2eb ../../../libopencm3//lib/libopencm3_stm32f4.a(spi_common_all.o)
 .debug_macro   0x00000000       0x16 ../../../libopencm3//lib/libopencm3_stm32f4.a(spi_common_all.o)
 .debug_macro   0x00000000       0x22 ../../../libopencm3//lib/libopencm3_stm32f4.a(spi_common_all.o)
 .debug_macro   0x00000000       0x8e ../../../libopencm3//lib/libopencm3_stm32f4.a(spi_common_all.o)
 .debug_macro   0x00000000       0x46 ../../../libopencm3//lib/libopencm3_stm32f4.a(spi_common_all.o)
 .debug_macro   0x00000000      0xcea ../../../libopencm3//lib/libopencm3_stm32f4.a(spi_common_all.o)
 .group         0x00000000        0xc ../../../libopencm3//lib/libopencm3_stm32f4.a(spi_common_v1.o)
 .group         0x00000000        0xc ../../../libopencm3//lib/libopencm3_stm32f4.a(spi_common_v1.o)
 .group         0x00000000        0xc ../../../libopencm3//lib/libopencm3_stm32f4.a(spi_common_v1.o)
 .group         0x00000000        0xc ../../../libopencm3//lib/libopencm3_stm32f4.a(spi_common_v1.o)
 .group         0x00000000        0xc ../../../libopencm3//lib/libopencm3_stm32f4.a(spi_common_v1.o)
 .group         0x00000000        0xc ../../../libopencm3//lib/libopencm3_stm32f4.a(spi_common_v1.o)
 .group         0x00000000        0xc ../../../libopencm3//lib/libopencm3_stm32f4.a(spi_common_v1.o)
 .group         0x00000000        0xc ../../../libopencm3//lib/libopencm3_stm32f4.a(spi_common_v1.o)
 .group         0x00000000        0xc ../../../libopencm3//lib/libopencm3_stm32f4.a(spi_common_v1.o)
 .group         0x00000000        0xc ../../../libopencm3//lib/libopencm3_stm32f4.a(spi_common_v1.o)
 .group         0x00000000        0xc ../../../libopencm3//lib/libopencm3_stm32f4.a(spi_common_v1.o)
 .group         0x00000000        0xc ../../../libopencm3//lib/libopencm3_stm32f4.a(spi_common_v1.o)
 .group         0x00000000        0xc ../../../libopencm3//lib/libopencm3_stm32f4.a(spi_common_v1.o)
 .text          0x00000000        0x0 ../../../libopencm3//lib/libopencm3_stm32f4.a(spi_common_v1.o)
 .data          0x00000000        0x0 ../../../libopencm3//lib/libopencm3_stm32f4.a(spi_common_v1.o)
 .bss           0x00000000        0x0 ../../../libopencm3//lib/libopencm3_stm32f4.a(spi_common_v1.o)
 .text.spi_set_dff_8bit
                0x00000000        0xa ../../../libopencm3//lib/libopencm3_stm32f4.a(spi_common_v1.o)
 .text.spi_set_dff_16bit
                0x00000000        0xa ../../../libopencm3//lib/libopencm3_stm32f4.a(spi_common_v1.o)
 .debug_macro   0x00000000      0xacc ../../../libopencm3//lib/libopencm3_stm32f4.a(spi_common_v1.o)
 .debug_macro   0x00000000       0x1c ../../../libopencm3//lib/libopencm3_stm32f4.a(spi_common_v1.o)
 .debug_macro   0x00000000      0x34e ../../../libopencm3//lib/libopencm3_stm32f4.a(spi_common_v1.o)
 .debug_macro   0x00000000       0x22 ../../../libopencm3//lib/libopencm3_stm32f4.a(spi_common_v1.o)
 .debug_macro   0x00000000       0xe8 ../../../libopencm3//lib/libopencm3_stm32f4.a(spi_common_v1.o)
 .debug_macro   0x00000000       0x76 ../../../libopencm3//lib/libopencm3_stm32f4.a(spi_common_v1.o)
 .debug_macro   0x00000000      0x280 ../../../libopencm3//lib/libopencm3_stm32f4.a(spi_common_v1.o)
 .debug_macro   0x00000000      0x2eb ../../../libopencm3//lib/libopencm3_stm32f4.a(spi_common_v1.o)
 .debug_macro   0x00000000       0x16 ../../../libopencm3//lib/libopencm3_stm32f4.a(spi_common_v1.o)
 .debug_macro   0x00000000       0x22 ../../../libopencm3//lib/libopencm3_stm32f4.a(spi_common_v1.o)
 .debug_macro   0x00000000       0x8e ../../../libopencm3//lib/libopencm3_stm32f4.a(spi_common_v1.o)
 .debug_macro   0x00000000       0x46 ../../../libopencm3//lib/libopencm3_stm32f4.a(spi_common_v1.o)
 .debug_macro   0x00000000      0xcea ../../../libopencm3//lib/libopencm3_stm32f4.a(spi_common_v1.o)
 .group         0x00000000        0xc ../../../libopencm3//lib/libopencm3_stm32f4.a(vector.o)
 .group         0x00000000        0xc ../../../libopencm3//lib/libopencm3_stm32f4.a(vector.o)
 .group         0x00000000        0xc ../../../libopencm3//lib/libopencm3_stm32f4.a(vector.o)
 .group         0x00000000        0xc ../../../libopencm3//lib/libopencm3_stm32f4.a(vector.o)
 .group         0x00000000        0xc ../../../libopencm3//lib/libopencm3_stm32f4.a(vector.o)
 .group         0x00000000        0xc ../../../libopencm3//lib/libopencm3_stm32f4.a(vector.o)
 .group         0x00000000        0xc ../../../libopencm3//lib/libopencm3_stm32f4.a(vector.o)
 .group         0x00000000        0xc ../../../libopencm3//lib/libopencm3_stm32f4.a(vector.o)
 .group         0x00000000        0xc ../../../libopencm3//lib/libopencm3_stm32f4.a(vector.o)
 .text          0x00000000        0x0 ../../../libopencm3//lib/libopencm3_stm32f4.a(vector.o)
 .data          0x00000000        0x0 ../../../libopencm3//lib/libopencm3_stm32f4.a(vector.o)
 .bss           0x00000000        0x0 ../../../libopencm3//lib/libopencm3_stm32f4.a(vector.o)
 .debug_macro   0x00000000      0xacc ../../../libopencm3//lib/libopencm3_stm32f4.a(vector.o)
 .debug_macro   0x00000000       0x76 ../../../libopencm3//lib/libopencm3_stm32f4.a(vector.o)
 .debug_macro   0x00000000       0x1c ../../../libopencm3//lib/libopencm3_stm32f4.a(vector.o)
 .debug_macro   0x00000000      0x34e ../../../libopencm3//lib/libopencm3_stm32f4.a(vector.o)
 .debug_macro   0x00000000       0x22 ../../../libopencm3//lib/libopencm3_stm32f4.a(vector.o)
 .debug_macro   0x00000000       0xe8 ../../../libopencm3//lib/libopencm3_stm32f4.a(vector.o)
 .group         0x00000000        0xc ../../../libopencm3//lib/libopencm3_stm32f4.a(flash_common_all.o)
 .group         0x00000000        0xc ../../../libopencm3//lib/libopencm3_stm32f4.a(flash_common_all.o)
 .group         0x00000000        0xc ../../../libopencm3//lib/libopencm3_stm32f4.a(flash_common_all.o)
 .group         0x00000000        0xc ../../../libopencm3//lib/libopencm3_stm32f4.a(flash_common_all.o)
 .group         0x00000000        0xc ../../../libopencm3//lib/libopencm3_stm32f4.a(flash_common_all.o)
 .group         0x00000000        0xc ../../../libopencm3//lib/libopencm3_stm32f4.a(flash_common_all.o)
 .group         0x00000000        0xc ../../../libopencm3//lib/libopencm3_stm32f4.a(flash_common_all.o)
 .group         0x00000000        0xc ../../../libopencm3//lib/libopencm3_stm32f4.a(flash_common_all.o)
 .group         0x00000000        0xc ../../../libopencm3//lib/libopencm3_stm32f4.a(flash_common_all.o)
 .group         0x00000000        0xc ../../../libopencm3//lib/libopencm3_stm32f4.a(flash_common_all.o)
 .text          0x00000000        0x0 ../../../libopencm3//lib/libopencm3_stm32f4.a(flash_common_all.o)
 .data          0x00000000        0x0 ../../../libopencm3//lib/libopencm3_stm32f4.a(flash_common_all.o)
 .bss           0x00000000        0x0 ../../../libopencm3//lib/libopencm3_stm32f4.a(flash_common_all.o)
 .text.flash_prefetch_enable
                0x00000000       0x14 ../../../libopencm3//lib/libopencm3_stm32f4.a(flash_common_all.o)
 .text.flash_prefetch_disable
                0x00000000       0x14 ../../../libopencm3//lib/libopencm3_stm32f4.a(flash_common_all.o)
 .text.flash_unlock_option_bytes
                0x00000000       0x1c ../../../libopencm3//lib/libopencm3_stm32f4.a(flash_common_all.o)
 .debug_macro   0x00000000      0xacc ../../../libopencm3//lib/libopencm3_stm32f4.a(flash_common_all.o)
 .debug_macro   0x00000000       0x1c ../../../libopencm3//lib/libopencm3_stm32f4.a(flash_common_all.o)
 .debug_macro   0x00000000      0x34e ../../../libopencm3//lib/libopencm3_stm32f4.a(flash_common_all.o)
 .debug_macro   0x00000000       0x22 ../../../libopencm3//lib/libopencm3_stm32f4.a(flash_common_all.o)
 .debug_macro   0x00000000       0xe8 ../../../libopencm3//lib/libopencm3_stm32f4.a(flash_common_all.o)
 .debug_macro   0x00000000       0x76 ../../../libopencm3//lib/libopencm3_stm32f4.a(flash_common_all.o)
 .debug_macro   0x00000000      0x280 ../../../libopencm3//lib/libopencm3_stm32f4.a(flash_common_all.o)
 .debug_macro   0x00000000       0x1c ../../../libopencm3//lib/libopencm3_stm32f4.a(flash_common_all.o)
 .debug_macro   0x00000000      0x143 ../../../libopencm3//lib/libopencm3_stm32f4.a(flash_common_all.o)
 .debug_macro   0x00000000       0x10 ../../../libopencm3//lib/libopencm3_stm32f4.a(flash_common_all.o)
 .group         0x00000000        0xc ../../../libopencm3//lib/libopencm3_stm32f4.a(flash_common_idcache.o)
 .group         0x00000000        0xc ../../../libopencm3//lib/libopencm3_stm32f4.a(flash_common_idcache.o)
 .group         0x00000000        0xc ../../../libopencm3//lib/libopencm3_stm32f4.a(flash_common_idcache.o)
 .group         0x00000000        0xc ../../../libopencm3//lib/libopencm3_stm32f4.a(flash_common_idcache.o)
 .group         0x00000000        0xc ../../../libopencm3//lib/libopencm3_stm32f4.a(flash_common_idcache.o)
 .group         0x00000000        0xc ../../../libopencm3//lib/libopencm3_stm32f4.a(flash_common_idcache.o)
 .group         0x00000000        0xc ../../../libopencm3//lib/libopencm3_stm32f4.a(flash_common_idcache.o)
 .group         0x00000000        0xc ../../../libopencm3//lib/libopencm3_stm32f4.a(flash_common_idcache.o)
 .group         0x00000000        0xc ../../../libopencm3//lib/libopencm3_stm32f4.a(flash_common_idcache.o)
 .group         0x00000000        0xc ../../../libopencm3//lib/libopencm3_stm32f4.a(flash_common_idcache.o)
 .text          0x00000000        0x0 ../../../libopencm3//lib/libopencm3_stm32f4.a(flash_common_idcache.o)
 .data          0x00000000        0x0 ../../../libopencm3//lib/libopencm3_stm32f4.a(flash_common_idcache.o)
 .bss           0x00000000        0x0 ../../../libopencm3//lib/libopencm3_stm32f4.a(flash_common_idcache.o)
 .text.flash_dcache_reset
                0x00000000       0x14 ../../../libopencm3//lib/libopencm3_stm32f4.a(flash_common_idcache.o)
 .text.flash_icache_reset
                0x00000000       0x14 ../../../libopencm3//lib/libopencm3_stm32f4.a(flash_common_idcache.o)
 .debug_macro   0x00000000      0xacc ../../../libopencm3//lib/libopencm3_stm32f4.a(flash_common_idcache.o)
 .debug_macro   0x00000000       0x1c ../../../libopencm3//lib/libopencm3_stm32f4.a(flash_common_idcache.o)
 .debug_macro   0x00000000      0x34e ../../../libopencm3//lib/libopencm3_stm32f4.a(flash_common_idcache.o)
 .debug_macro   0x00000000       0x22 ../../../libopencm3//lib/libopencm3_stm32f4.a(flash_common_idcache.o)
 .debug_macro   0x00000000       0xe8 ../../../libopencm3//lib/libopencm3_stm32f4.a(flash_common_idcache.o)
 .debug_macro   0x00000000       0x76 ../../../libopencm3//lib/libopencm3_stm32f4.a(flash_common_idcache.o)
 .debug_macro   0x00000000      0x280 ../../../libopencm3//lib/libopencm3_stm32f4.a(flash_common_idcache.o)
 .debug_macro   0x00000000       0x1c ../../../libopencm3//lib/libopencm3_stm32f4.a(flash_common_idcache.o)
 .debug_macro   0x00000000      0x143 ../../../libopencm3//lib/libopencm3_stm32f4.a(flash_common_idcache.o)
 .debug_macro   0x00000000       0x10 ../../../libopencm3//lib/libopencm3_stm32f4.a(flash_common_idcache.o)
 .group         0x00000000        0xc ../../../libopencm3//lib/libopencm3_stm32f4.a(pwr.o)
 .group         0x00000000        0xc ../../../libopencm3//lib/libopencm3_stm32f4.a(pwr.o)
 .group         0x00000000        0xc ../../../libopencm3//lib/libopencm3_stm32f4.a(pwr.o)
 .group         0x00000000        0xc ../../../libopencm3//lib/libopencm3_stm32f4.a(pwr.o)
 .group         0x00000000        0xc ../../../libopencm3//lib/libopencm3_stm32f4.a(pwr.o)
 .group         0x00000000        0xc ../../../libopencm3//lib/libopencm3_stm32f4.a(pwr.o)
 .group         0x00000000        0xc ../../../libopencm3//lib/libopencm3_stm32f4.a(pwr.o)
 .group         0x00000000        0xc ../../../libopencm3//lib/libopencm3_stm32f4.a(pwr.o)
 .group         0x00000000        0xc ../../../libopencm3//lib/libopencm3_stm32f4.a(pwr.o)
 .text          0x00000000        0x0 ../../../libopencm3//lib/libopencm3_stm32f4.a(pwr.o)
 .data          0x00000000        0x0 ../../../libopencm3//lib/libopencm3_stm32f4.a(pwr.o)
 .bss           0x00000000        0x0 ../../../libopencm3//lib/libopencm3_stm32f4.a(pwr.o)
 .debug_macro   0x00000000      0xacc ../../../libopencm3//lib/libopencm3_stm32f4.a(pwr.o)
 .debug_macro   0x00000000       0x1c ../../../libopencm3//lib/libopencm3_stm32f4.a(pwr.o)
 .debug_macro   0x00000000      0x34e ../../../libopencm3//lib/libopencm3_stm32f4.a(pwr.o)
 .debug_macro   0x00000000       0x22 ../../../libopencm3//lib/libopencm3_stm32f4.a(pwr.o)
 .debug_macro   0x00000000       0xe8 ../../../libopencm3//lib/libopencm3_stm32f4.a(pwr.o)
 .debug_macro   0x00000000       0x76 ../../../libopencm3//lib/libopencm3_stm32f4.a(pwr.o)
 .debug_macro   0x00000000      0x280 ../../../libopencm3//lib/libopencm3_stm32f4.a(pwr.o)
 .debug_macro   0x00000000       0x8e ../../../libopencm3//lib/libopencm3_stm32f4.a(pwr.o)
 .debug_macro   0x00000000       0x46 ../../../libopencm3//lib/libopencm3_stm32f4.a(pwr.o)

Memory Configuration

Name             Origin             Length             Attributes
rom              0x08000000         0x00080000         xr
ram              0x20000000         0x00020000         xrw
*default*        0x00000000         0xffffffff

Linker script and memory map

LOAD ex2_spi.o
LOAD ../../../libopencm3//lib/libopencm3_stm32f4.a
START GROUP
LOAD /usr/lib/gcc/arm-none-eabi/13.2.1/../../../arm-none-eabi/lib/thumb/v7e-m+fp/hard/libc.a
LOAD /usr/lib/gcc/arm-none-eabi/13.2.1/thumb/v7e-m+fp/hard/libgcc.a
LOAD /usr/lib/gcc/arm-none-eabi/13.2.1/../../../arm-none-eabi/lib/thumb/v7e-m+fp/hard/libnosys.a
END GROUP
START GROUP
LOAD /usr/lib/gcc/arm-none-eabi/13.2.1/thumb/v7e-m+fp/hard/libgcc.a
LOAD /usr/lib/gcc/arm-none-eabi/13.2.1/../../../arm-none-eabi/lib/thumb/v7e-m+fp/hard/libg.a
LOAD /usr/lib/gcc/arm-none-eabi/13.2.1/../../../arm-none-eabi/lib/thumb/v7e-m+fp/hard/libc.a
END GROUP

.text           0x08000000      0x8c0
 *(.vectors)
 .vectors       0x08000000      0x1ac ../../../libopencm3//lib/libopencm3_stm32f4.a(vector.o)
                0x08000000                vector_table
 *(.text*)
 .text.spi_transmit
                0x080001ac       0x30 ex2_spi.o
 .text.startup.main
                0x080001dc       0xd4 ex2_spi.o
                0x080001dc                main
 .text.gpio_set
                0x080002b0        0x4 ../../../libopencm3//lib/libopencm3_stm32f4.a(gpio_common_all.o)
                0x080002b0                gpio_set
 .text.gpio_clear
                0x080002b4        0x6 ../../../libopencm3//lib/libopencm3_stm32f4.a(gpio_common_all.o)
                0x080002b4                gpio_clear
 .text.gpio_mode_setup
                0x080002ba       0x40 ../../../libopencm3//lib/libopencm3_stm32f4.a(gpio_common_f0234.o)
                0x080002ba                gpio_mode_setup
 .text.gpio_set_output_options
                0x080002fa       0x36 ../../../libopencm3//lib/libopencm3_stm32f4.a(gpio_common_f0234.o)
                0x080002fa                gpio_set_output_options
 .text.gpio_set_af
                0x08000330       0x58 ../../../libopencm3//lib/libopencm3_stm32f4.a(gpio_common_f0234.o)
                0x08000330                gpio_set_af
 .text.rcc_periph_clock_enable
                0x08000388       0x1a ../../../libopencm3//lib/libopencm3_stm32f4.a(rcc_common_all.o)
                0x08000388                rcc_periph_clock_enable
 *fill*         0x080003a2        0x2 
 .text.rcc_is_osc_ready
                0x080003a4       0x64 ../../../libopencm3//lib/libopencm3_stm32f4.a(rcc.o)
                0x080003a4                rcc_is_osc_ready
 .text.rcc_wait_for_osc_ready
                0x08000408       0x10 ../../../libopencm3//lib/libopencm3_stm32f4.a(rcc.o)
                0x08000408                rcc_wait_for_osc_ready
 .text.rcc_osc_on
                0x08000418       0x74 ../../../libopencm3//lib/libopencm3_stm32f4.a(rcc.o)
                0x08000418                rcc_osc_on
 .text.rcc_osc_off
                0x0800048c       0x74 ../../../libopencm3//lib/libopencm3_stm32f4.a(rcc.o)
                0x0800048c                rcc_osc_off
 .text.rcc_set_sysclk_source
                0x08000500       0x18 ../../../libopencm3//lib/libopencm3_stm32f4.a(rcc.o)
                0x08000500                rcc_set_sysclk_source
 .text.rcc_set_ppre2
                0x08000518       0x18 ../../../libopencm3//lib/libopencm3_stm32f4.a(rcc.o)
                0x08000518                rcc_set_ppre2
 .text.rcc_set_ppre1
                0x08000530       0x18 ../../../libopencm3//lib/libopencm3_stm32f4.a(rcc.o)
                0x08000530                rcc_set_ppre1
 .text.rcc_set_hpre
                0x08000548       0x18 ../../../libopencm3//lib/libopencm3_stm32f4.a(rcc.o)
                0x08000548                rcc_set_hpre
 .text.rcc_set_main_pll_hsi
                0x08000560       0x44 ../../../libopencm3//lib/libopencm3_stm32f4.a(rcc.o)
                0x08000560                rcc_set_main_pll_hsi
 .text.rcc_set_main_pll_hse
                0x080005a4       0x44 ../../../libopencm3//lib/libopencm3_stm32f4.a(rcc.o)
                0x080005a4                rcc_set_main_pll_hse
 .text.rcc_clock_setup_pll
                0x080005e8       0xe4 ../../../libopencm3//lib/libopencm3_stm32f4.a(rcc.o)
                0x080005e8                rcc_clock_setup_pll
 .text.spi_enable
                0x080006cc        0xa ../../../libopencm3//lib/libopencm3_stm32f4.a(spi_common_all.o)
                0x080006cc                spi_enable
 .text.spi_disable
                0x080006d6        0xa ../../../libopencm3//lib/libopencm3_stm32f4.a(spi_common_all.o)
                0x080006d6                spi_disable
 .text.spi_xfer
                0x080006e0        0xe ../../../libopencm3//lib/libopencm3_stm32f4.a(spi_common_all.o)
                0x080006e0                spi_xfer
 .text.spi_enable_software_slave_management
                0x080006ee       0x12 ../../../libopencm3//lib/libopencm3_stm32f4.a(spi_common_all.o)
                0x080006ee                spi_enable_software_slave_management
 .text.spi_set_nss_high
                0x08000700        0xa ../../../libopencm3//lib/libopencm3_stm32f4.a(spi_common_all.o)
                0x08000700                spi_set_nss_high
 .text.spi_init_master
                0x0800070a       0x28 ../../../libopencm3//lib/libopencm3_stm32f4.a(spi_common_v1.o)
                0x0800070a                spi_init_master
 .text.blocking_handler
                0x08000732        0x2 ../../../libopencm3//lib/libopencm3_stm32f4.a(vector.o)
                0x08000732                dma2_stream1_isr
                0x08000732                tim8_brk_tim12_isr
                0x08000732                dma1_stream7_isr
                0x08000732                usart3_isr
                0x08000732                tim7_isr
                0x08000732                dma2d_isr
                0x08000732                uart8_isr
                0x08000732                dma1_stream2_isr
                0x08000732                otg_hs_isr
                0x08000732                blocking_handler
                0x08000732                tim5_isr
                0x08000732                rtc_wkup_isr
                0x08000732                otg_fs_isr
                0x08000732                spi1_isr
                0x08000732                i2c3_er_isr
                0x08000732                exti2_isr
                0x08000732                spi5_isr
                0x08000732                usb_fs_wkup_isr
                0x08000732                tamp_stamp_isr
                0x08000732                can1_rx1_isr
                0x08000732                dma2_stream0_isr
                0x08000732                usart1_isr
                0x08000732                i2c3_ev_isr
                0x08000732                usage_fault_handler
                0x08000732                can2_rx0_isr
                0x08000732                dma1_stream6_isr
                0x08000732                can2_rx1_isr
                0x08000732                can1_sce_isr
                0x08000732                tim1_cc_isr
                0x08000732                can1_tx_isr
                0x08000732                tim1_up_tim10_isr
                0x08000732                sdio_isr
                0x08000732                eth_isr
                0x08000732                spi6_isr
                0x08000732                dma2_stream5_isr
                0x08000732                pvd_isr
                0x08000732                can1_rx0_isr
                0x08000732                rcc_isr
                0x08000732                dma2_stream3_isr
                0x08000732                flash_isr
                0x08000732                uart4_isr
                0x08000732                lcd_tft_isr
                0x08000732                rtc_alarm_isr
                0x08000732                exti15_10_isr
                0x08000732                hash_rng_isr
                0x08000732                tim1_trg_com_tim11_isr
                0x08000732                hard_fault_handler
                0x08000732                exti1_isr
                0x08000732                i2c1_ev_isr
                0x08000732                usart6_isr
                0x08000732                spi2_isr
                0x08000732                cryp_isr
                0x08000732                nvic_wwdg_isr
                0x08000732                dma1_stream1_isr
                0x08000732                dma2_stream4_isr
                0x08000732                exti3_isr
                0x08000732                tim3_isr
                0x08000732                usart2_isr
                0x08000732                sai1_isr
                0x08000732                fpu_isr
                0x08000732                dma1_stream4_isr
                0x08000732                i2c2_er_isr
                0x08000732                i2c2_ev_isr
                0x08000732                uart5_isr
                0x08000732                dma2_stream6_isr
                0x08000732                spi4_isr
                0x08000732                adc_isr
                0x08000732                dma2_stream7_isr
                0x08000732                tim8_up_tim13_isr
                0x08000732                fsmc_isr
                0x08000732                exti4_isr
                0x08000732                tim6_dac_isr
                0x08000732                dma1_stream3_isr
                0x08000732                tim8_trg_com_tim14_isr
                0x08000732                mem_manage_handler
                0x08000732                lcd_tft_err_isr
                0x08000732                can2_tx_isr
                0x08000732                exti9_5_isr
                0x08000732                tim1_brk_tim9_isr
                0x08000732                uart7_isr
                0x08000732                can2_sce_isr
                0x08000732                tim4_isr
                0x08000732                otg_hs_wkup_isr
                0x08000732                i2c1_er_isr
                0x08000732                dma1_stream0_isr
                0x08000732                tim8_cc_isr
                0x08000732                dcmi_isr
                0x08000732                dma2_stream2_isr
                0x08000732                eth_wkup_isr
                0x08000732                bus_fault_handler
                0x08000732                otg_hs_ep1_out_isr
                0x08000732                spi3_isr
                0x08000732                dma1_stream5_isr
                0x08000732                otg_hs_ep1_in_isr
                0x08000732                tim2_isr
                0x08000732                exti0_isr
 .text.null_handler
                0x08000734        0x2 ../../../libopencm3//lib/libopencm3_stm32f4.a(vector.o)
                0x08000734                null_handler
                0x08000734                sv_call_handler
                0x08000734                pend_sv_handler
                0x08000734                debug_monitor_handler
                0x08000734                sys_tick_handler
                0x08000734                nmi_handler
 *fill*         0x08000736        0x2 
 .text.reset_handler
                0x08000738       0xa0 ../../../libopencm3//lib/libopencm3_stm32f4.a(vector.o)
                0x08000738                reset_handler
 .text.flash_set_ws
                0x080007d8       0x18 ../../../libopencm3//lib/libopencm3_stm32f4.a(flash_common_all.o)
                0x080007d8                flash_set_ws
 .text.flash_dcache_enable
                0x080007f0       0x14 ../../../libopencm3//lib/libopencm3_stm32f4.a(flash_common_idcache.o)
                0x080007f0                flash_dcache_enable
 .text.flash_dcache_disable
                0x08000804       0x14 ../../../libopencm3//lib/libopencm3_stm32f4.a(flash_common_idcache.o)
                0x08000804                flash_dcache_disable
 .text.flash_icache_enable
                0x08000818       0x14 ../../../libopencm3//lib/libopencm3_stm32f4.a(flash_common_idcache.o)
                0x08000818                flash_icache_enable
 .text.flash_icache_disable
                0x0800082c       0x14 ../../../libopencm3//lib/libopencm3_stm32f4.a(flash_common_idcache.o)
                0x0800082c                flash_icache_disable
 .text.pwr_set_vos_scale
                0x08000840       0x10 ../../../libopencm3//lib/libopencm3_stm32f4.a(pwr.o)
                0x08000840                pwr_set_vos_scale
                0x08000850                        . = ALIGN (0x4)
 *(.rodata*)
 .rodata.rcc_hse_25mhz_3v3
                0x08000850       0x70 ../../../libopencm3//lib/libopencm3_stm32f4.a(rcc.o)
                0x08000850                rcc_hse_25mhz_3v3
                0x080008c0                        . = ALIGN (0x4)

.glue_7         0x080008c0        0x0
 .glue_7        0x080008c0        0x0 linker stubs

.glue_7t        0x080008c0        0x0
 .glue_7t       0x080008c0        0x0 linker stubs

.vfp11_veneer   0x080008c0        0x0
 .vfp11_veneer  0x080008c0        0x0 linker stubs

.v4_bx          0x080008c0        0x0
 .v4_bx         0x080008c0        0x0 linker stubs

.iplt           0x080008c0        0x0
 .iplt          0x080008c0        0x0 ex2_spi.o

.rel.dyn        0x080008c0        0x0
 .rel.iplt      0x080008c0        0x0 ex2_spi.o

.preinit_array  0x080008c0        0x0
                0x080008c0                        . = ALIGN (0x4)
                0x080008c0                        __preinit_array_start = .
 *(.preinit_array)
                0x080008c0                        __preinit_array_end = .

.init_array     0x080008c0        0x0
                0x080008c0                        . = ALIGN (0x4)
                0x080008c0                        __init_array_start = .
 *(SORT_BY_NAME(.init_array.*))
 *(.init_array)
                0x080008c0                        __init_array_end = .

.fini_array     0x080008c0        0x0
                0x080008c0                        . = ALIGN (0x4)
                0x080008c0                        __fini_array_start = .
 *(.fini_array)
 *(SORT_BY_NAME(.fini_array.*))
                0x080008c0                        __fini_array_end = .

.ARM.extab
 *(.ARM.extab*)

.ARM.exidx      0x080008c0        0x0
                0x080008c0                        __exidx_start = .
 *(.ARM.exidx*)
                0x080008c0                        __exidx_end = .
                0x080008c0                        . = ALIGN (0x4)
                0x080008c0                        _etext = .

.noinit
 *(.noinit*)
                0x080008c0                        . = ALIGN (0x4)

.data           0x20000000        0xc load address 0x080008c0
                0x20000000                        _data = .
 *(.data*)
 .data.rcc_apb2_frequency
                0x20000000        0x4 ../../../libopencm3//lib/libopencm3_stm32f4.a(rcc.o)
                0x20000000                rcc_apb2_frequency
 .data.rcc_apb1_frequency
                0x20000004        0x4 ../../../libopencm3//lib/libopencm3_stm32f4.a(rcc.o)
                0x20000004                rcc_apb1_frequency
 .data.rcc_ahb_frequency
                0x20000008        0x4 ../../../libopencm3//lib/libopencm3_stm32f4.a(rcc.o)
                0x20000008                rcc_ahb_frequency
 *(.ramtext*)
                0x2000000c                        . = ALIGN (0x4)
                0x2000000c                        _edata = .
                0x080008c0                        _data_loadaddr = LOADADDR (.data)

.igot.plt       0x2000000c        0x0 load address 0x080008cc
 .igot.plt      0x2000000c        0x0 ex2_spi.o

.bss            0x2000000c        0x0 load address 0x080008cc
 *(.bss*)
 *(COMMON)
                0x2000000c                        . = ALIGN (0x4)
                0x2000000c                        _ebss = .

/DISCARD/
 *(.eh_frame)
                0x2000000c                        . = ALIGN (0x4)
                0x2000000c                        end = .
                0x20020000                        PROVIDE (_stack = (ORIGIN (ram) + LENGTH (ram)))
OUTPUT(ex2_spi.elf elf32-littlearm)
LOAD linker stubs

.debug_info     0x00000000     0x36d6
 .debug_info    0x00000000      0xbe2 ex2_spi.o
 .debug_info    0x00000be2      0x23a ../../../libopencm3//lib/libopencm3_stm32f4.a(gpio_common_all.o)
 .debug_info    0x00000e1c      0x1f4 ../../../libopencm3//lib/libopencm3_stm32f4.a(gpio_common_f0234.o)
 .debug_info    0x00001010      0x90b ../../../libopencm3//lib/libopencm3_stm32f4.a(rcc_common_all.o)
 .debug_info    0x0000191b      0xf7a ../../../libopencm3//lib/libopencm3_stm32f4.a(rcc.o)
 .debug_info    0x00002895      0x792 ../../../libopencm3//lib/libopencm3_stm32f4.a(spi_common_all.o)
 .debug_info    0x00003027      0x149 ../../../libopencm3//lib/libopencm3_stm32f4.a(spi_common_v1.o)
 .debug_info    0x00003170      0x2cd ../../../libopencm3//lib/libopencm3_stm32f4.a(vector.o)
 .debug_info    0x0000343d       0xe5 ../../../libopencm3//lib/libopencm3_stm32f4.a(flash_common_all.o)
 .debug_info    0x00003522       0xdd ../../../libopencm3//lib/libopencm3_stm32f4.a(flash_common_idcache.o)
 .debug_info    0x000035ff       0xd7 ../../../libopencm3//lib/libopencm3_stm32f4.a(pwr.o)

.debug_abbrev   0x00000000      0xdd8
 .debug_abbrev  0x00000000      0x247 ex2_spi.o
 .debug_abbrev  0x00000247      0x117 ../../../libopencm3//lib/libopencm3_stm32f4.a(gpio_common_all.o)
 .debug_abbrev  0x0000035e       0xc3 ../../../libopencm3//lib/libopencm3_stm32f4.a(gpio_common_f0234.o)
 .debug_abbrev  0x00000421      0x186 ../../../libopencm3//lib/libopencm3_stm32f4.a(rcc_common_all.o)
 .debug_abbrev  0x000005a7      0x2db ../../../libopencm3//lib/libopencm3_stm32f4.a(rcc.o)
 .debug_abbrev  0x00000882      0x1a1 ../../../libopencm3//lib/libopencm3_stm32f4.a(spi_common_all.o)
 .debug_abbrev  0x00000a23       0xd3 ../../../libopencm3//lib/libopencm3_stm32f4.a(spi_common_v1.o)
 .debug_abbrev  0x00000af6      0x15f ../../../libopencm3//lib/libopencm3_stm32f4.a(vector.o)
 .debug_abbrev  0x00000c55       0x96 ../../../libopencm3//lib/libopencm3_stm32f4.a(flash_common_all.o)
 .debug_abbrev  0x00000ceb       0x56 ../../../libopencm3//lib/libopencm3_stm32f4.a(flash_common_idcache.o)
 .debug_abbrev  0x00000d41       0x97 ../../../libopencm3//lib/libopencm3_stm32f4.a(pwr.o)

.debug_loclists
                0x00000000      0xaed
 .debug_loclists
                0x00000000       0xf1 ex2_spi.o
 .debug_loclists
                0x000000f1       0x96 ../../../libopencm3//lib/libopencm3_stm32f4.a(gpio_common_all.o)
 .debug_loclists
                0x00000187       0xf9 ../../../libopencm3//lib/libopencm3_stm32f4.a(gpio_common_f0234.o)
 .debug_loclists
                0x00000280       0x87 ../../../libopencm3//lib/libopencm3_stm32f4.a(rcc_common_all.o)
 .debug_loclists
                0x00000307      0x52f ../../../libopencm3//lib/libopencm3_stm32f4.a(rcc.o)
 .debug_loclists
                0x00000836       0xfa ../../../libopencm3//lib/libopencm3_stm32f4.a(spi_common_all.o)
 .debug_loclists
                0x00000930       0xc9 ../../../libopencm3//lib/libopencm3_stm32f4.a(spi_common_v1.o)
 .debug_loclists
                0x000009f9       0xb6 ../../../libopencm3//lib/libopencm3_stm32f4.a(vector.o)
 .debug_loclists
                0x00000aaf       0x17 ../../../libopencm3//lib/libopencm3_stm32f4.a(flash_common_all.o)
 .debug_loclists
                0x00000ac6       0x27 ../../../libopencm3//lib/libopencm3_stm32f4.a(pwr.o)

.debug_aranges  0x00000000      0x4a8
 .debug_aranges
                0x00000000       0x28 ex2_spi.o
 .debug_aranges
                0x00000028       0x50 ../../../libopencm3//lib/libopencm3_stm32f4.a(gpio_common_all.o)
 .debug_aranges
                0x00000078       0x30 ../../../libopencm3//lib/libopencm3_stm32f4.a(gpio_common_f0234.o)
 .debug_aranges
                0x000000a8       0x80 ../../../libopencm3//lib/libopencm3_stm32f4.a(rcc_common_all.o)
 .debug_aranges
                0x00000128      0x110 ../../../libopencm3//lib/libopencm3_stm32f4.a(rcc.o)
 .debug_aranges
                0x00000238      0x170 ../../../libopencm3//lib/libopencm3_stm32f4.a(spi_common_all.o)
 .debug_aranges
                0x000003a8       0x30 ../../../libopencm3//lib/libopencm3_stm32f4.a(spi_common_v1.o)
 .debug_aranges
                0x000003d8       0x30 ../../../libopencm3//lib/libopencm3_stm32f4.a(vector.o)
 .debug_aranges
                0x00000408       0x38 ../../../libopencm3//lib/libopencm3_stm32f4.a(flash_common_all.o)
 .debug_aranges
                0x00000440       0x48 ../../../libopencm3//lib/libopencm3_stm32f4.a(flash_common_idcache.o)
 .debug_aranges
                0x00000488       0x20 ../../../libopencm3//lib/libopencm3_stm32f4.a(pwr.o)

.debug_rnglists
                0x00000000      0x36e
 .debug_rnglists
                0x00000000       0x26 ex2_spi.o
 .debug_rnglists
                0x00000026       0x37 ../../../libopencm3//lib/libopencm3_stm32f4.a(gpio_common_all.o)
 .debug_rnglists
                0x0000005d       0x1f ../../../libopencm3//lib/libopencm3_stm32f4.a(gpio_common_f0234.o)
 .debug_rnglists
                0x0000007c       0x5b ../../../libopencm3//lib/libopencm3_stm32f4.a(rcc_common_all.o)
 .debug_rnglists
                0x000000d7       0xe0 ../../../libopencm3//lib/libopencm3_stm32f4.a(rcc.o)
 .debug_rnglists
                0x000001b7      0x10f ../../../libopencm3//lib/libopencm3_stm32f4.a(spi_common_all.o)
 .debug_rnglists
                0x000002c6       0x1f ../../../libopencm3//lib/libopencm3_stm32f4.a(spi_common_v1.o)
 .debug_rnglists
                0x000002e5       0x20 ../../../libopencm3//lib/libopencm3_stm32f4.a(vector.o)
 .debug_rnglists
                0x00000305       0x25 ../../../libopencm3//lib/libopencm3_stm32f4.a(flash_common_all.o)
 .debug_rnglists
                0x0000032a       0x31 ../../../libopencm3//lib/libopencm3_stm32f4.a(flash_common_idcache.o)
 .debug_rnglists
                0x0000035b       0x13 ../../../libopencm3//lib/libopencm3_stm32f4.a(pwr.o)

.debug_macro    0x00000000     0x376c
 .debug_macro   0x00000000      0x113 ex2_spi.o
 .debug_macro   0x00000113      0xacc ex2_spi.o
 .debug_macro   0x00000bdf       0x1c ex2_spi.o
 .debug_macro   0x00000bfb      0x34e ex2_spi.o
 .debug_macro   0x00000f49       0x22 ex2_spi.o
 .debug_macro   0x00000f6b       0xe8 ex2_spi.o
 .debug_macro   0x00001053       0x76 ex2_spi.o
 .debug_macro   0x000010c9      0x280 ex2_spi.o
 .debug_macro   0x00001349       0x8e ex2_spi.o
 .debug_macro   0x000013d7       0x46 ex2_spi.o
 .debug_macro   0x0000141d      0xcea ex2_spi.o
 .debug_macro   0x00002107       0x76 ex2_spi.o
 .debug_macro   0x0000217d      0x37e ex2_spi.o
 .debug_macro   0x000024fb       0xca ex2_spi.o
 .debug_macro   0x000025c5      0x2eb ex2_spi.o
 .debug_macro   0x000028b0       0x16 ex2_spi.o
 .debug_macro   0x000028c6       0x22 ex2_spi.o
 .debug_macro   0x000028e8       0x88 ../../../libopencm3//lib/libopencm3_stm32f4.a(gpio_common_all.o)
 .debug_macro   0x00002970       0x88 ../../../libopencm3//lib/libopencm3_stm32f4.a(gpio_common_f0234.o)
 .debug_macro   0x000029f8       0xa7 ../../../libopencm3//lib/libopencm3_stm32f4.a(rcc_common_all.o)
 .debug_macro   0x00002a9f       0xdb ../../../libopencm3//lib/libopencm3_stm32f4.a(rcc.o)
 .debug_macro   0x00002b7a       0x16 ../../../libopencm3//lib/libopencm3_stm32f4.a(rcc.o)
 .debug_macro   0x00002b90       0x1c ../../../libopencm3//lib/libopencm3_stm32f4.a(rcc.o)
 .debug_macro   0x00002bac      0x143 ../../../libopencm3//lib/libopencm3_stm32f4.a(rcc.o)
 .debug_macro   0x00002cef       0x10 ../../../libopencm3//lib/libopencm3_stm32f4.a(rcc.o)
 .debug_macro   0x00002cff       0xb6 ../../../libopencm3//lib/libopencm3_stm32f4.a(spi_common_all.o)
 .debug_macro   0x00002db5       0xb6 ../../../libopencm3//lib/libopencm3_stm32f4.a(spi_common_v1.o)
 .debug_macro   0x00002e6b       0x8a ../../../libopencm3//lib/libopencm3_stm32f4.a(vector.o)
 .debug_macro   0x00002ef5      0x452 ../../../libopencm3//lib/libopencm3_stm32f4.a(vector.o)
 .debug_macro   0x00003347       0x6e ../../../libopencm3//lib/libopencm3_stm32f4.a(vector.o)
 .debug_macro   0x000033b5      0x22c ../../../libopencm3//lib/libopencm3_stm32f4.a(vector.o)
 .debug_macro   0x000035e1       0x8e ../../../libopencm3//lib/libopencm3_stm32f4.a(flash_common_all.o)
 .debug_macro   0x0000366f       0x8e ../../../libopencm3//lib/libopencm3_stm32f4.a(flash_common_idcache.o)
 .debug_macro   0x000036fd       0x6f ../../../libopencm3//lib/libopencm3_stm32f4.a(pwr.o)

.debug_line     0x00000000     0x296b
 .debug_line    0x00000000      0x341 ex2_spi.o
 .debug_line    0x00000341      0x2a6 ../../../libopencm3//lib/libopencm3_stm32f4.a(gpio_common_all.o)
 .debug_line    0x000005e7      0x381 ../../../libopencm3//lib/libopencm3_stm32f4.a(gpio_common_f0234.o)
 .debug_line    0x00000968      0x344 ../../../libopencm3//lib/libopencm3_stm32f4.a(rcc_common_all.o)
 .debug_line    0x00000cac      0x9ad ../../../libopencm3//lib/libopencm3_stm32f4.a(rcc.o)
 .debug_line    0x00001659      0x7a6 ../../../libopencm3//lib/libopencm3_stm32f4.a(spi_common_all.o)
 .debug_line    0x00001dff      0x26a ../../../libopencm3//lib/libopencm3_stm32f4.a(spi_common_v1.o)
 .debug_line    0x00002069      0x2da ../../../libopencm3//lib/libopencm3_stm32f4.a(vector.o)
 .debug_line    0x00002343      0x246 ../../../libopencm3//lib/libopencm3_stm32f4.a(flash_common_all.o)
 .debug_line    0x00002589      0x25f ../../../libopencm3//lib/libopencm3_stm32f4.a(flash_common_idcache.o)
 .debug_line    0x000027e8      0x183 ../../../libopencm3//lib/libopencm3_stm32f4.a(pwr.o)

.debug_str      0x00000000     0xf843
 .debug_str     0x00000000     0xf843 ex2_spi.o
                               0xb6bd (size before relaxing)
 .debug_str     0x0000f843     0x62f7 ../../../libopencm3//lib/libopencm3_stm32f4.a(gpio_common_all.o)
 .debug_str     0x0000f843     0x630f ../../../libopencm3//lib/libopencm3_stm32f4.a(gpio_common_f0234.o)
 .debug_str     0x0000f843     0x96ac ../../../libopencm3//lib/libopencm3_stm32f4.a(rcc_common_all.o)
 .debug_str     0x0000f843     0x9f21 ../../../libopencm3//lib/libopencm3_stm32f4.a(rcc.o)
 .debug_str     0x0000f843     0x9e6a ../../../libopencm3//lib/libopencm3_stm32f4.a(spi_common_all.o)
 .debug_str     0x0000f843     0x9a9c ../../../libopencm3//lib/libopencm3_stm32f4.a(spi_common_v1.o)
 .debug_str     0x0000f843     0x6bb7 ../../../libopencm3//lib/libopencm3_stm32f4.a(vector.o)
 .debug_str     0x0000f843     0x5659 ../../../libopencm3//lib/libopencm3_stm32f4.a(flash_common_all.o)
 .debug_str     0x0000f843     0x567b ../../../libopencm3//lib/libopencm3_stm32f4.a(flash_common_idcache.o)
 .debug_str     0x0000f843     0x52d5 ../../../libopencm3//lib/libopencm3_stm32f4.a(pwr.o)

.comment        0x00000000       0x26
 .comment       0x00000000       0x26 ex2_spi.o
                                 0x27 (size before relaxing)
 .comment       0x00000026       0x27 ../../../libopencm3//lib/libopencm3_stm32f4.a(gpio_common_all.o)
 .comment       0x00000026       0x27 ../../../libopencm3//lib/libopencm3_stm32f4.a(gpio_common_f0234.o)
 .comment       0x00000026       0x27 ../../../libopencm3//lib/libopencm3_stm32f4.a(rcc_common_all.o)
 .comment       0x00000026       0x27 ../../../libopencm3//lib/libopencm3_stm32f4.a(rcc.o)
 .comment       0x00000026       0x27 ../../../libopencm3//lib/libopencm3_stm32f4.a(spi_common_all.o)
 .comment       0x00000026       0x27 ../../../libopencm3//lib/libopencm3_stm32f4.a(spi_common_v1.o)
 .comment       0x00000026       0x27 ../../../libopencm3//lib/libopencm3_stm32f4.a(vector.o)
 .comment       0x00000026       0x27 ../../../libopencm3//lib/libopencm3_stm32f4.a(flash_common_all.o)
 .comment       0x00000026       0x27 ../../../libopencm3//lib/libopencm3_stm32f4.a(flash_common_idcache.o)
 .comment       0x00000026       0x27 ../../../libopencm3//lib/libopencm3_stm32f4.a(pwr.o)

.ARM.attributes
                0x00000000       0x34
 .ARM.attributes
                0x00000000       0x34 ex2_spi.o
 .ARM.attributes
                0x00000034       0x34 ../../../libopencm3//lib/libopencm3_stm32f4.a(gpio_common_all.o)
 .ARM.attributes
                0x00000068       0x34 ../../../libopencm3//lib/libopencm3_stm32f4.a(gpio_common_f0234.o)
 .ARM.attributes
                0x0000009c       0x34 ../../../libopencm3//lib/libopencm3_stm32f4.a(rcc_common_all.o)
 .ARM.attributes
                0x000000d0       0x34 ../../../libopencm3//lib/libopencm3_stm32f4.a(rcc.o)
 .ARM.attributes
                0x00000104       0x34 ../../../libopencm3//lib/libopencm3_stm32f4.a(spi_common_all.o)
 .ARM.attributes
                0x00000138       0x34 ../../../libopencm3//lib/libopencm3_stm32f4.a(spi_common_v1.o)
 .ARM.attributes
                0x0000016c       0x34 ../../../libopencm3//lib/libopencm3_stm32f4.a(vector.o)
 .ARM.attributes
                0x000001a0       0x34 ../../../libopencm3//lib/libopencm3_stm32f4.a(flash_common_all.o)
 .ARM.attributes
                0x000001d4       0x34 ../../../libopencm3//lib/libopencm3_stm32f4.a(flash_common_idcache.o)
 .ARM.attributes
                0x00000208       0x34 ../../../libopencm3//lib/libopencm3_stm32f4.a(pwr.o)

.debug_frame    0x00000000      0x888
 .debug_frame   0x00000000       0x4c ex2_spi.o
 .debug_frame   0x0000004c       0x80 ../../../libopencm3//lib/libopencm3_stm32f4.a(gpio_common_all.o)
 .debug_frame   0x000000cc       0x70 ../../../libopencm3//lib/libopencm3_stm32f4.a(gpio_common_f0234.o)
 .debug_frame   0x0000013c       0xe0 ../../../libopencm3//lib/libopencm3_stm32f4.a(rcc_common_all.o)
 .debug_frame   0x0000021c      0x234 ../../../libopencm3//lib/libopencm3_stm32f4.a(rcc.o)
 .debug_frame   0x00000450      0x2c0 ../../../libopencm3//lib/libopencm3_stm32f4.a(spi_common_all.o)
 .debug_frame   0x00000710       0x4c ../../../libopencm3//lib/libopencm3_stm32f4.a(spi_common_v1.o)
 .debug_frame   0x0000075c       0x4c ../../../libopencm3//lib/libopencm3_stm32f4.a(vector.o)
 .debug_frame   0x000007a8       0x50 ../../../libopencm3//lib/libopencm3_stm32f4.a(flash_common_all.o)
 .debug_frame   0x000007f8       0x70 ../../../libopencm3//lib/libopencm3_stm32f4.a(flash_common_idcache.o)
 .debug_frame   0x00000868       0x20 ../../../libopencm3//lib/libopencm3_stm32f4.a(pwr.o)

Cross Reference Table

Symbol                                            File
__fini_array_end                                  ../../../libopencm3//lib/libopencm3_stm32f4.a(vector.o)
__fini_array_start                                ../../../libopencm3//lib/libopencm3_stm32f4.a(vector.o)
__init_array_end                                  ../../../libopencm3//lib/libopencm3_stm32f4.a(vector.o)
__init_array_start                                ../../../libopencm3//lib/libopencm3_stm32f4.a(vector.o)
__preinit_array_end                               ../../../libopencm3//lib/libopencm3_stm32f4.a(vector.o)
__preinit_array_start                             ../../../libopencm3//lib/libopencm3_stm32f4.a(vector.o)
_data                                             ../../../libopencm3//lib/libopencm3_stm32f4.a(vector.o)
_data_loadaddr                                    ../../../libopencm3//lib/libopencm3_stm32f4.a(vector.o)
_ebss                                             ../../../libopencm3//lib/libopencm3_stm32f4.a(vector.o)
_edata                                            ../../../libopencm3//lib/libopencm3_stm32f4.a(vector.o)
_stack                                            ../../../libopencm3//lib/libopencm3_stm32f4.a(vector.o)
adc_isr                                           ../../../libopencm3//lib/libopencm3_stm32f4.a(vector.o)
blocking_handler                                  ../../../libopencm3//lib/libopencm3_stm32f4.a(vector.o)
bus_fault_handler                                 ../../../libopencm3//lib/libopencm3_stm32f4.a(vector.o)
can1_rx0_isr                                      ../../../libopencm3//lib/libopencm3_stm32f4.a(vector.o)
can1_rx1_isr                                      ../../../libopencm3//lib/libopencm3_stm32f4.a(vector.o)
can1_sce_isr                                      ../../../libopencm3//lib/libopencm3_stm32f4.a(vector.o)
can1_tx_isr                                       ../../../libopencm3//lib/libopencm3_stm32f4.a(vector.o)
can2_rx0_isr                                      ../../../libopencm3//lib/libopencm3_stm32f4.a(vector.o)
can2_rx1_isr                                      ../../../libopencm3//lib/libopencm3_stm32f4.a(vector.o)
can2_sce_isr                                      ../../../libopencm3//lib/libopencm3_stm32f4.a(vector.o)
can2_tx_isr                                       ../../../libopencm3//lib/libopencm3_stm32f4.a(vector.o)
cryp_isr                                          ../../../libopencm3//lib/libopencm3_stm32f4.a(vector.o)
dcmi_isr                                          ../../../libopencm3//lib/libopencm3_stm32f4.a(vector.o)
debug_monitor_handler                             ../../../libopencm3//lib/libopencm3_stm32f4.a(vector.o)
dma1_stream0_isr                                  ../../../libopencm3//lib/libopencm3_stm32f4.a(vector.o)
dma1_stream1_isr                                  ../../../libopencm3//lib/libopencm3_stm32f4.a(vector.o)
dma1_stream2_isr                                  ../../../libopencm3//lib/libopencm3_stm32f4.a(vector.o)
dma1_stream3_isr                                  ../../../libopencm3//lib/libopencm3_stm32f4.a(vector.o)
dma1_stream4_isr                                  ../../../libopencm3//lib/libopencm3_stm32f4.a(vector.o)
dma1_stream5_isr                                  ../../../libopencm3//lib/libopencm3_stm32f4.a(vector.o)
dma1_stream6_isr                                  ../../../libopencm3//lib/libopencm3_stm32f4.a(vector.o)
dma1_stream7_isr                                  ../../../libopencm3//lib/libopencm3_stm32f4.a(vector.o)
dma2_stream0_isr                                  ../../../libopencm3//lib/libopencm3_stm32f4.a(vector.o)
dma2_stream1_isr                                  ../../../libopencm3//lib/libopencm3_stm32f4.a(vector.o)
dma2_stream2_isr                                  ../../../libopencm3//lib/libopencm3_stm32f4.a(vector.o)
dma2_stream3_isr                                  ../../../libopencm3//lib/libopencm3_stm32f4.a(vector.o)
dma2_stream4_isr                                  ../../../libopencm3//lib/libopencm3_stm32f4.a(vector.o)
dma2_stream5_isr                                  ../../../libopencm3//lib/libopencm3_stm32f4.a(vector.o)
dma2_stream6_isr                                  ../../../libopencm3//lib/libopencm3_stm32f4.a(vector.o)
dma2_stream7_isr                                  ../../../libopencm3//lib/libopencm3_stm32f4.a(vector.o)
dma2d_isr                                         ../../../libopencm3//lib/libopencm3_stm32f4.a(vector.o)
eth_isr                                           ../../../libopencm3//lib/libopencm3_stm32f4.a(vector.o)
eth_wkup_isr                                      ../../../libopencm3//lib/libopencm3_stm32f4.a(vector.o)
exti0_isr                                         ../../../libopencm3//lib/libopencm3_stm32f4.a(vector.o)
exti15_10_isr                                     ../../../libopencm3//lib/libopencm3_stm32f4.a(vector.o)
exti1_isr                                         ../../../libopencm3//lib/libopencm3_stm32f4.a(vector.o)
exti2_isr                                         ../../../libopencm3//lib/libopencm3_stm32f4.a(vector.o)
exti3_isr                                         ../../../libopencm3//lib/libopencm3_stm32f4.a(vector.o)
exti4_isr                                         ../../../libopencm3//lib/libopencm3_stm32f4.a(vector.o)
exti9_5_isr                                       ../../../libopencm3//lib/libopencm3_stm32f4.a(vector.o)
flash_dcache_disable                              ../../../libopencm3//lib/libopencm3_stm32f4.a(flash_common_idcache.o)
                                                  ../../../libopencm3//lib/libopencm3_stm32f4.a(rcc.o)
flash_dcache_enable                               ../../../libopencm3//lib/libopencm3_stm32f4.a(flash_common_idcache.o)
                                                  ../../../libopencm3//lib/libopencm3_stm32f4.a(rcc.o)
flash_dcache_reset                                ../../../libopencm3//lib/libopencm3_stm32f4.a(flash_common_idcache.o)
flash_icache_disable                              ../../../libopencm3//lib/libopencm3_stm32f4.a(flash_common_idcache.o)
                                                  ../../../libopencm3//lib/libopencm3_stm32f4.a(rcc.o)
flash_icache_enable                               ../../../libopencm3//lib/libopencm3_stm32f4.a(flash_common_idcache.o)
                                                  ../../../libopencm3//lib/libopencm3_stm32f4.a(rcc.o)
flash_icache_reset                                ../../../libopencm3//lib/libopencm3_stm32f4.a(flash_common_idcache.o)
flash_isr                                         ../../../libopencm3//lib/libopencm3_stm32f4.a(vector.o)
flash_prefetch_disable                            ../../../libopencm3//lib/libopencm3_stm32f4.a(flash_common_all.o)
flash_prefetch_enable                             ../../../libopencm3//lib/libopencm3_stm32f4.a(flash_common_all.o)
flash_set_ws                                      ../../../libopencm3//lib/libopencm3_stm32f4.a(flash_common_all.o)
                                                  ../../../libopencm3//lib/libopencm3_stm32f4.a(rcc.o)
flash_unlock_option_bytes                         ../../../libopencm3//lib/libopencm3_stm32f4.a(flash_common_all.o)
fpu_isr                                           ../../../libopencm3//lib/libopencm3_stm32f4.a(vector.o)
fsmc_isr                                          ../../../libopencm3//lib/libopencm3_stm32f4.a(vector.o)
gpio_clear                                        ../../../libopencm3//lib/libopencm3_stm32f4.a(gpio_common_all.o)
                                                  ex2_spi.o
gpio_get                                          ../../../libopencm3//lib/libopencm3_stm32f4.a(gpio_common_all.o)
gpio_mode_setup                                   ../../../libopencm3//lib/libopencm3_stm32f4.a(gpio_common_f0234.o)
                                                  ex2_spi.o
gpio_port_config_lock                             ../../../libopencm3//lib/libopencm3_stm32f4.a(gpio_common_all.o)
gpio_port_read                                    ../../../libopencm3//lib/libopencm3_stm32f4.a(gpio_common_all.o)
gpio_port_write                                   ../../../libopencm3//lib/libopencm3_stm32f4.a(gpio_common_all.o)
gpio_set                                          ../../../libopencm3//lib/libopencm3_stm32f4.a(gpio_common_all.o)
                                                  ex2_spi.o
gpio_set_af                                       ../../../libopencm3//lib/libopencm3_stm32f4.a(gpio_common_f0234.o)
                                                  ex2_spi.o
gpio_set_output_options                           ../../../libopencm3//lib/libopencm3_stm32f4.a(gpio_common_f0234.o)
                                                  ex2_spi.o
gpio_toggle                                       ../../../libopencm3//lib/libopencm3_stm32f4.a(gpio_common_all.o)
hard_fault_handler                                ../../../libopencm3//lib/libopencm3_stm32f4.a(vector.o)
hash_rng_isr                                      ../../../libopencm3//lib/libopencm3_stm32f4.a(vector.o)
i2c1_er_isr                                       ../../../libopencm3//lib/libopencm3_stm32f4.a(vector.o)
i2c1_ev_isr                                       ../../../libopencm3//lib/libopencm3_stm32f4.a(vector.o)
i2c2_er_isr                                       ../../../libopencm3//lib/libopencm3_stm32f4.a(vector.o)
i2c2_ev_isr                                       ../../../libopencm3//lib/libopencm3_stm32f4.a(vector.o)
i2c3_er_isr                                       ../../../libopencm3//lib/libopencm3_stm32f4.a(vector.o)
i2c3_ev_isr                                       ../../../libopencm3//lib/libopencm3_stm32f4.a(vector.o)
lcd_tft_err_isr                                   ../../../libopencm3//lib/libopencm3_stm32f4.a(vector.o)
lcd_tft_isr                                       ../../../libopencm3//lib/libopencm3_stm32f4.a(vector.o)
main                                              ex2_spi.o
                                                  ../../../libopencm3//lib/libopencm3_stm32f4.a(vector.o)
mem_manage_handler                                ../../../libopencm3//lib/libopencm3_stm32f4.a(vector.o)
nmi_handler                                       ../../../libopencm3//lib/libopencm3_stm32f4.a(vector.o)
null_handler                                      ../../../libopencm3//lib/libopencm3_stm32f4.a(vector.o)
nvic_wwdg_isr                                     ../../../libopencm3//lib/libopencm3_stm32f4.a(vector.o)
otg_fs_isr                                        ../../../libopencm3//lib/libopencm3_stm32f4.a(vector.o)
otg_hs_ep1_in_isr                                 ../../../libopencm3//lib/libopencm3_stm32f4.a(vector.o)
otg_hs_ep1_out_isr                                ../../../libopencm3//lib/libopencm3_stm32f4.a(vector.o)
otg_hs_isr                                        ../../../libopencm3//lib/libopencm3_stm32f4.a(vector.o)
otg_hs_wkup_isr                                   ../../../libopencm3//lib/libopencm3_stm32f4.a(vector.o)
pend_sv_handler                                   ../../../libopencm3//lib/libopencm3_stm32f4.a(vector.o)
pvd_isr                                           ../../../libopencm3//lib/libopencm3_stm32f4.a(vector.o)
pwr_set_vos_scale                                 ../../../libopencm3//lib/libopencm3_stm32f4.a(pwr.o)
                                                  ../../../libopencm3//lib/libopencm3_stm32f4.a(rcc.o)
rcc_ahb_frequency                                 ../../../libopencm3//lib/libopencm3_stm32f4.a(rcc.o)
rcc_apb1_frequency                                ../../../libopencm3//lib/libopencm3_stm32f4.a(rcc.o)
rcc_apb2_frequency                                ../../../libopencm3//lib/libopencm3_stm32f4.a(rcc.o)
rcc_clock_setup_hse_3v3                           ../../../libopencm3//lib/libopencm3_stm32f4.a(rcc.o)
rcc_clock_setup_pll                               ../../../libopencm3//lib/libopencm3_stm32f4.a(rcc.o)
                                                  ex2_spi.o
rcc_css_disable                                   ../../../libopencm3//lib/libopencm3_stm32f4.a(rcc.o)
rcc_css_enable                                    ../../../libopencm3//lib/libopencm3_stm32f4.a(rcc.o)
rcc_css_int_clear                                 ../../../libopencm3//lib/libopencm3_stm32f4.a(rcc.o)
rcc_css_int_flag                                  ../../../libopencm3//lib/libopencm3_stm32f4.a(rcc.o)
rcc_get_div_from_hpre                             ../../../libopencm3//lib/libopencm3_stm32f4.a(rcc_common_all.o)
rcc_get_i2c_clk_freq                              ../../../libopencm3//lib/libopencm3_stm32f4.a(rcc.o)
rcc_get_spi_clk_freq                              ../../../libopencm3//lib/libopencm3_stm32f4.a(rcc.o)
rcc_get_timer_clk_freq                            ../../../libopencm3//lib/libopencm3_stm32f4.a(rcc.o)
rcc_get_usart_clk_freq                            ../../../libopencm3//lib/libopencm3_stm32f4.a(rcc.o)
rcc_hse_12mhz_3v3                                 ../../../libopencm3//lib/libopencm3_stm32f4.a(rcc.o)
rcc_hse_16mhz_3v3                                 ../../../libopencm3//lib/libopencm3_stm32f4.a(rcc.o)
rcc_hse_25mhz_3v3                                 ../../../libopencm3//lib/libopencm3_stm32f4.a(rcc.o)
                                                  ex2_spi.o
rcc_hse_8mhz_3v3                                  ../../../libopencm3//lib/libopencm3_stm32f4.a(rcc.o)
rcc_hsi_configs                                   ../../../libopencm3//lib/libopencm3_stm32f4.a(rcc.o)
rcc_is_osc_ready                                  ../../../libopencm3//lib/libopencm3_stm32f4.a(rcc.o)
rcc_isr                                           ../../../libopencm3//lib/libopencm3_stm32f4.a(vector.o)
rcc_osc_bypass_disable                            ../../../libopencm3//lib/libopencm3_stm32f4.a(rcc_common_all.o)
rcc_osc_bypass_enable                             ../../../libopencm3//lib/libopencm3_stm32f4.a(rcc_common_all.o)
rcc_osc_off                                       ../../../libopencm3//lib/libopencm3_stm32f4.a(rcc.o)
rcc_osc_on                                        ../../../libopencm3//lib/libopencm3_stm32f4.a(rcc.o)
rcc_osc_ready_int_clear                           ../../../libopencm3//lib/libopencm3_stm32f4.a(rcc.o)
rcc_osc_ready_int_disable                         ../../../libopencm3//lib/libopencm3_stm32f4.a(rcc.o)
rcc_osc_ready_int_enable                          ../../../libopencm3//lib/libopencm3_stm32f4.a(rcc.o)
rcc_osc_ready_int_flag                            ../../../libopencm3//lib/libopencm3_stm32f4.a(rcc.o)
rcc_periph_clock_disable                          ../../../libopencm3//lib/libopencm3_stm32f4.a(rcc_common_all.o)
rcc_periph_clock_enable                           ../../../libopencm3//lib/libopencm3_stm32f4.a(rcc_common_all.o)
                                                  ../../../libopencm3//lib/libopencm3_stm32f4.a(rcc.o)
                                                  ex2_spi.o
rcc_periph_reset_hold                             ../../../libopencm3//lib/libopencm3_stm32f4.a(rcc_common_all.o)
rcc_periph_reset_pulse                            ../../../libopencm3//lib/libopencm3_stm32f4.a(rcc_common_all.o)
rcc_periph_reset_release                          ../../../libopencm3//lib/libopencm3_stm32f4.a(rcc_common_all.o)
rcc_peripheral_clear_reset                        ../../../libopencm3//lib/libopencm3_stm32f4.a(rcc_common_all.o)
rcc_peripheral_disable_clock                      ../../../libopencm3//lib/libopencm3_stm32f4.a(rcc_common_all.o)
rcc_peripheral_enable_clock                       ../../../libopencm3//lib/libopencm3_stm32f4.a(rcc_common_all.o)
rcc_peripheral_reset                              ../../../libopencm3//lib/libopencm3_stm32f4.a(rcc_common_all.o)
rcc_plli2s_config                                 ../../../libopencm3//lib/libopencm3_stm32f4.a(rcc.o)
rcc_pllsai_config                                 ../../../libopencm3//lib/libopencm3_stm32f4.a(rcc.o)
rcc_pllsai_postscalers                            ../../../libopencm3//lib/libopencm3_stm32f4.a(rcc.o)
rcc_set_hpre                                      ../../../libopencm3//lib/libopencm3_stm32f4.a(rcc.o)
rcc_set_main_pll_hse                              ../../../libopencm3//lib/libopencm3_stm32f4.a(rcc.o)
rcc_set_main_pll_hsi                              ../../../libopencm3//lib/libopencm3_stm32f4.a(rcc.o)
rcc_set_mco                                       ../../../libopencm3//lib/libopencm3_stm32f4.a(rcc_common_all.o)
rcc_set_pll_source                                ../../../libopencm3//lib/libopencm3_stm32f4.a(rcc.o)
rcc_set_ppre1                                     ../../../libopencm3//lib/libopencm3_stm32f4.a(rcc.o)
rcc_set_ppre2                                     ../../../libopencm3//lib/libopencm3_stm32f4.a(rcc.o)
rcc_set_rtcpre                                    ../../../libopencm3//lib/libopencm3_stm32f4.a(rcc.o)
rcc_set_sysclk_source                             ../../../libopencm3//lib/libopencm3_stm32f4.a(rcc.o)
rcc_system_clock_source                           ../../../libopencm3//lib/libopencm3_stm32f4.a(rcc.o)
rcc_wait_for_osc_ready                            ../../../libopencm3//lib/libopencm3_stm32f4.a(rcc.o)
rcc_wait_for_sysclk_status                        ../../../libopencm3//lib/libopencm3_stm32f4.a(rcc.o)
reset_handler                                     ../../../libopencm3//lib/libopencm3_stm32f4.a(vector.o)
rtc_alarm_isr                                     ../../../libopencm3//lib/libopencm3_stm32f4.a(vector.o)
rtc_wkup_isr                                      ../../../libopencm3//lib/libopencm3_stm32f4.a(vector.o)
sai1_isr                                          ../../../libopencm3//lib/libopencm3_stm32f4.a(vector.o)
sdio_isr                                          ../../../libopencm3//lib/libopencm3_stm32f4.a(vector.o)
spi1_isr                                          ../../../libopencm3//lib/libopencm3_stm32f4.a(vector.o)
spi2_isr                                          ../../../libopencm3//lib/libopencm3_stm32f4.a(vector.o)
spi3_isr                                          ../../../libopencm3//lib/libopencm3_stm32f4.a(vector.o)
spi4_isr                                          ../../../libopencm3//lib/libopencm3_stm32f4.a(vector.o)
spi5_isr                                          ../../../libopencm3//lib/libopencm3_stm32f4.a(vector.o)
spi6_isr                                          ../../../libopencm3//lib/libopencm3_stm32f4.a(vector.o)
spi_clean_disable                                 ../../../libopencm3//lib/libopencm3_stm32f4.a(spi_common_all.o)
spi_disable                                       ../../../libopencm3//lib/libopencm3_stm32f4.a(spi_common_all.o)
                                                  ex2_spi.o
spi_disable_crc                                   ../../../libopencm3//lib/libopencm3_stm32f4.a(spi_common_all.o)
spi_disable_error_interrupt                       ../../../libopencm3//lib/libopencm3_stm32f4.a(spi_common_all.o)
spi_disable_rx_buffer_not_empty_interrupt         ../../../libopencm3//lib/libopencm3_stm32f4.a(spi_common_all.o)
spi_disable_rx_dma                                ../../../libopencm3//lib/libopencm3_stm32f4.a(spi_common_all.o)
spi_disable_software_slave_management             ../../../libopencm3//lib/libopencm3_stm32f4.a(spi_common_all.o)
spi_disable_ss_output                             ../../../libopencm3//lib/libopencm3_stm32f4.a(spi_common_all.o)
spi_disable_tx_buffer_empty_interrupt             ../../../libopencm3//lib/libopencm3_stm32f4.a(spi_common_all.o)
spi_disable_tx_dma                                ../../../libopencm3//lib/libopencm3_stm32f4.a(spi_common_all.o)
spi_enable                                        ../../../libopencm3//lib/libopencm3_stm32f4.a(spi_common_all.o)
                                                  ex2_spi.o
spi_enable_crc                                    ../../../libopencm3//lib/libopencm3_stm32f4.a(spi_common_all.o)
spi_enable_error_interrupt                        ../../../libopencm3//lib/libopencm3_stm32f4.a(spi_common_all.o)
spi_enable_rx_buffer_not_empty_interrupt          ../../../libopencm3//lib/libopencm3_stm32f4.a(spi_common_all.o)
spi_enable_rx_dma                                 ../../../libopencm3//lib/libopencm3_stm32f4.a(spi_common_all.o)
spi_enable_software_slave_management              ../../../libopencm3//lib/libopencm3_stm32f4.a(spi_common_all.o)
                                                  ex2_spi.o
spi_enable_ss_output                              ../../../libopencm3//lib/libopencm3_stm32f4.a(spi_common_all.o)
spi_enable_tx_buffer_empty_interrupt              ../../../libopencm3//lib/libopencm3_stm32f4.a(spi_common_all.o)
spi_enable_tx_dma                                 ../../../libopencm3//lib/libopencm3_stm32f4.a(spi_common_all.o)
spi_init_master                                   ../../../libopencm3//lib/libopencm3_stm32f4.a(spi_common_v1.o)
                                                  ex2_spi.o
spi_read                                          ../../../libopencm3//lib/libopencm3_stm32f4.a(spi_common_all.o)
spi_send                                          ../../../libopencm3//lib/libopencm3_stm32f4.a(spi_common_all.o)
spi_send_lsb_first                                ../../../libopencm3//lib/libopencm3_stm32f4.a(spi_common_all.o)
spi_send_msb_first                                ../../../libopencm3//lib/libopencm3_stm32f4.a(spi_common_all.o)
spi_set_baudrate_prescaler                        ../../../libopencm3//lib/libopencm3_stm32f4.a(spi_common_all.o)
spi_set_bidirectional_mode                        ../../../libopencm3//lib/libopencm3_stm32f4.a(spi_common_all.o)
spi_set_bidirectional_receive_only_mode           ../../../libopencm3//lib/libopencm3_stm32f4.a(spi_common_all.o)
spi_set_bidirectional_transmit_only_mode          ../../../libopencm3//lib/libopencm3_stm32f4.a(spi_common_all.o)
spi_set_clock_phase_0                             ../../../libopencm3//lib/libopencm3_stm32f4.a(spi_common_all.o)
spi_set_clock_phase_1                             ../../../libopencm3//lib/libopencm3_stm32f4.a(spi_common_all.o)
spi_set_clock_polarity_0                          ../../../libopencm3//lib/libopencm3_stm32f4.a(spi_common_all.o)
spi_set_clock_polarity_1                          ../../../libopencm3//lib/libopencm3_stm32f4.a(spi_common_all.o)
spi_set_dff_16bit                                 ../../../libopencm3//lib/libopencm3_stm32f4.a(spi_common_v1.o)
spi_set_dff_8bit                                  ../../../libopencm3//lib/libopencm3_stm32f4.a(spi_common_v1.o)
spi_set_full_duplex_mode                          ../../../libopencm3//lib/libopencm3_stm32f4.a(spi_common_all.o)
spi_set_master_mode                               ../../../libopencm3//lib/libopencm3_stm32f4.a(spi_common_all.o)
spi_set_next_tx_from_buffer                       ../../../libopencm3//lib/libopencm3_stm32f4.a(spi_common_all.o)
spi_set_next_tx_from_crc                          ../../../libopencm3//lib/libopencm3_stm32f4.a(spi_common_all.o)
spi_set_nss_high                                  ../../../libopencm3//lib/libopencm3_stm32f4.a(spi_common_all.o)
                                                  ex2_spi.o
spi_set_nss_low                                   ../../../libopencm3//lib/libopencm3_stm32f4.a(spi_common_all.o)
spi_set_receive_only_mode                         ../../../libopencm3//lib/libopencm3_stm32f4.a(spi_common_all.o)
spi_set_slave_mode                                ../../../libopencm3//lib/libopencm3_stm32f4.a(spi_common_all.o)
spi_set_standard_mode                             ../../../libopencm3//lib/libopencm3_stm32f4.a(spi_common_all.o)
spi_set_unidirectional_mode                       ../../../libopencm3//lib/libopencm3_stm32f4.a(spi_common_all.o)
spi_write                                         ../../../libopencm3//lib/libopencm3_stm32f4.a(spi_common_all.o)
spi_xfer                                          ../../../libopencm3//lib/libopencm3_stm32f4.a(spi_common_all.o)
                                                  ex2_spi.o
sv_call_handler                                   ../../../libopencm3//lib/libopencm3_stm32f4.a(vector.o)
sys_tick_handler                                  ../../../libopencm3//lib/libopencm3_stm32f4.a(vector.o)
tamp_stamp_isr                                    ../../../libopencm3//lib/libopencm3_stm32f4.a(vector.o)
tim1_brk_tim9_isr                                 ../../../libopencm3//lib/libopencm3_stm32f4.a(vector.o)
tim1_cc_isr                                       ../../../libopencm3//lib/libopencm3_stm32f4.a(vector.o)
tim1_trg_com_tim11_isr                            ../../../libopencm3//lib/libopencm3_stm32f4.a(vector.o)
tim1_up_tim10_isr                                 ../../../libopencm3//lib/libopencm3_stm32f4.a(vector.o)
tim2_isr                                          ../../../libopencm3//lib/libopencm3_stm32f4.a(vector.o)
tim3_isr                                          ../../../libopencm3//lib/libopencm3_stm32f4.a(vector.o)
tim4_isr                                          ../../../libopencm3//lib/libopencm3_stm32f4.a(vector.o)
tim5_isr                                          ../../../libopencm3//lib/libopencm3_stm32f4.a(vector.o)
tim6_dac_isr                                      ../../../libopencm3//lib/libopencm3_stm32f4.a(vector.o)
tim7_isr                                          ../../../libopencm3//lib/libopencm3_stm32f4.a(vector.o)
tim8_brk_tim12_isr                                ../../../libopencm3//lib/libopencm3_stm32f4.a(vector.o)
tim8_cc_isr                                       ../../../libopencm3//lib/libopencm3_stm32f4.a(vector.o)
tim8_trg_com_tim14_isr                            ../../../libopencm3//lib/libopencm3_stm32f4.a(vector.o)
tim8_up_tim13_isr                                 ../../../libopencm3//lib/libopencm3_stm32f4.a(vector.o)
uart4_isr                                         ../../../libopencm3//lib/libopencm3_stm32f4.a(vector.o)
uart5_isr                                         ../../../libopencm3//lib/libopencm3_stm32f4.a(vector.o)
uart7_isr                                         ../../../libopencm3//lib/libopencm3_stm32f4.a(vector.o)
uart8_isr                                         ../../../libopencm3//lib/libopencm3_stm32f4.a(vector.o)
usage_fault_handler                               ../../../libopencm3//lib/libopencm3_stm32f4.a(vector.o)
usart1_isr                                        ../../../libopencm3//lib/libopencm3_stm32f4.a(vector.o)
usart2_isr                                        ../../../libopencm3//lib/libopencm3_stm32f4.a(vector.o)
usart3_isr                                        ../../../libopencm3//lib/libopencm3_stm32f4.a(vector.o)
usart6_isr                                        ../../../libopencm3//lib/libopencm3_stm32f4.a(vector.o)
usb_fs_wkup_isr                                   ../../../libopencm3//lib/libopencm3_stm32f4.a(vector.o)
vector_table                                      ../../../libopencm3//lib/libopencm3_stm32f4.a(vector.o)
